Component: Arm Compiler for Embedded 6.18 Tool: armlink [5e4cc100]

==============================================================================

Section Cross References

    startup_stm32h503xx.o(RESET) refers to startup_stm32h503xx.o(STACK) for __initial_sp
    startup_stm32h503xx.o(RESET) refers to startup_stm32h503xx.o(.text) for Reset_Handler
    startup_stm32h503xx.o(RESET) refers to stm32h5xx_it.o(.text.NMI_Handler) for NMI_Handler
    startup_stm32h503xx.o(RESET) refers to stm32h5xx_it.o(.text.HardFault_Handler) for HardFault_Handler
    startup_stm32h503xx.o(RESET) refers to stm32h5xx_it.o(.text.MemManage_Handler) for MemManage_Handler
    startup_stm32h503xx.o(RESET) refers to stm32h5xx_it.o(.text.BusFault_Handler) for BusFault_Handler
    startup_stm32h503xx.o(RESET) refers to stm32h5xx_it.o(.text.UsageFault_Handler) for UsageFault_Handler
    startup_stm32h503xx.o(RESET) refers to stm32h5xx_it.o(.text.SVC_Handler) for SVC_Handler
    startup_stm32h503xx.o(RESET) refers to stm32h5xx_it.o(.text.DebugMon_Handler) for DebugMon_Handler
    startup_stm32h503xx.o(RESET) refers to stm32h5xx_it.o(.text.PendSV_Handler) for PendSV_Handler
    startup_stm32h503xx.o(RESET) refers to stm32h5xx_it.o(.text.SysTick_Handler) for SysTick_Handler
    startup_stm32h503xx.o(.text) refers to system_stm32h5xx.o(.text.SystemInit) for SystemInit
    startup_stm32h503xx.o(.text) refers to entry.o(.ARM.Collect$$$$00000000) for __main
    main.o(.text.main) refers to stm32h5xx_hal.o(.text.HAL_Init) for HAL_Init
    main.o(.text.main) refers to main.o(.text.SystemClock_Config) for SystemClock_Config
    main.o(.text.main) refers to gpio.o(.text.MX_GPIO_Init) for MX_GPIO_Init
    main.o(.text.main) refers to icache.o(.text.MX_ICACHE_Init) for MX_ICACHE_Init
    main.o(.text.main) refers to app_tof.o(.text.MX_TOF_Init) for MX_TOF_Init
    main.o(.text.main) refers to app_tof.o(.text.MX_TOF_Process) for MX_TOF_Process
    main.o(.ARM.exidx.text.main) refers to main.o(.text.main) for [Anonymous Symbol]
    main.o(.text.SystemClock_Config) refers to memseta.o(.text) for __aeabi_memclr4
    main.o(.text.SystemClock_Config) refers to stm32h5xx_hal_rcc.o(.text.HAL_RCC_OscConfig) for HAL_RCC_OscConfig
    main.o(.text.SystemClock_Config) refers to stm32h5xx_hal_rcc.o(.text.HAL_RCC_ClockConfig) for HAL_RCC_ClockConfig
    main.o(.ARM.exidx.text.SystemClock_Config) refers to main.o(.text.SystemClock_Config) for [Anonymous Symbol]
    main.o(.ARM.exidx.text.Error_Handler) refers to main.o(.text.Error_Handler) for [Anonymous Symbol]
    gpio.o(.text.MX_GPIO_Init) refers to stm32h5xx_hal_gpio.o(.text.HAL_GPIO_WritePin) for HAL_GPIO_WritePin
    gpio.o(.text.MX_GPIO_Init) refers to stm32h5xx_hal_gpio.o(.text.HAL_GPIO_Init) for HAL_GPIO_Init
    gpio.o(.ARM.exidx.text.MX_GPIO_Init) refers to gpio.o(.text.MX_GPIO_Init) for [Anonymous Symbol]
    icache.o(.text.MX_ICACHE_Init) refers to stm32h5xx_hal_icache.o(.text.HAL_ICACHE_ConfigAssociativityMode) for HAL_ICACHE_ConfigAssociativityMode
    icache.o(.text.MX_ICACHE_Init) refers to main.o(.text.Error_Handler) for Error_Handler
    icache.o(.text.MX_ICACHE_Init) refers to stm32h5xx_hal_icache.o(.text.HAL_ICACHE_Enable) for HAL_ICACHE_Enable
    icache.o(.ARM.exidx.text.MX_ICACHE_Init) refers to icache.o(.text.MX_ICACHE_Init) for [Anonymous Symbol]
    custom_bus.o(.text.BSP_I2C1_Init) refers to custom_bus.o(.bss..L_MergedGlobals) for .L_MergedGlobals
    custom_bus.o(.text.BSP_I2C1_Init) refers to stm32h5xx_hal_i2c.o(.text.HAL_I2C_GetState) for HAL_I2C_GetState
    custom_bus.o(.text.BSP_I2C1_Init) refers to memseta.o(.text) for __aeabi_memclr8
    custom_bus.o(.text.BSP_I2C1_Init) refers to stm32h5xx_hal_rcc_ex.o(.text.HAL_RCCEx_PeriphCLKConfig) for HAL_RCCEx_PeriphCLKConfig
    custom_bus.o(.text.BSP_I2C1_Init) refers to stm32h5xx_hal_gpio.o(.text.HAL_GPIO_Init) for HAL_GPIO_Init
    custom_bus.o(.text.BSP_I2C1_Init) refers to custom_bus.o(.text.MX_I2C1_Init) for MX_I2C1_Init
    custom_bus.o(.text.BSP_I2C1_Init) refers to stm32h5xx_hal_i2c_ex.o(.text.HAL_I2CEx_ConfigAnalogFilter) for HAL_I2CEx_ConfigAnalogFilter
    custom_bus.o(.ARM.exidx.text.BSP_I2C1_Init) refers to custom_bus.o(.text.BSP_I2C1_Init) for [Anonymous Symbol]
    custom_bus.o(.text.MX_I2C1_Init) refers to stm32h5xx_hal_i2c.o(.text.HAL_I2C_Init) for HAL_I2C_Init
    custom_bus.o(.text.MX_I2C1_Init) refers to stm32h5xx_hal_i2c_ex.o(.text.HAL_I2CEx_ConfigAnalogFilter) for HAL_I2CEx_ConfigAnalogFilter
    custom_bus.o(.text.MX_I2C1_Init) refers to stm32h5xx_hal_i2c_ex.o(.text.HAL_I2CEx_ConfigDigitalFilter) for HAL_I2CEx_ConfigDigitalFilter
    custom_bus.o(.ARM.exidx.text.MX_I2C1_Init) refers to custom_bus.o(.text.MX_I2C1_Init) for [Anonymous Symbol]
    custom_bus.o(.text.BSP_I2C1_DeInit) refers to custom_bus.o(.bss..L_MergedGlobals) for .L_MergedGlobals
    custom_bus.o(.text.BSP_I2C1_DeInit) refers to stm32h5xx_hal_gpio.o(.text.HAL_GPIO_DeInit) for HAL_GPIO_DeInit
[...]
    VL53L1_GetMeasurementTimingBudgetMicroSeconds 0x08005145   Thumb Code   252  vl53l1_api.o(.text.VL53L1_GetMeasurementTimingBudgetMicroSeconds)
    VL53L1_GetMultiRangingData               0x08005241   Thumb Code  2258  vl53l1_api.o(.text.VL53L1_GetMultiRangingData)
    VL53L1_PerformRefSpadManagement          0x08005b15   Thumb Code   298  vl53l1_api.o(.text.VL53L1_PerformRefSpadManagement)
    VL53L1_RdByte                            0x08005c41   Thumb Code    58  vl53l1_platform.o(.text.VL53L1_RdByte)
    VL53L1_RdWord                            0x08005c7d   Thumb Code    70  vl53l1_platform.o(.text.VL53L1_RdWord)
    VL53L1_ReadMulti                         0x08005cc5   Thumb Code    58  vl53l1_platform.o(.text.VL53L1_ReadMulti)
    VL53L1_SetDeviceAddress                  0x08005d01   Thumb Code    20  vl53l1_api.o(.text.VL53L1_SetDeviceAddress)
    VL53L1_SetDistanceMode                   0x08005d15   Thumb Code   150  vl53l1_api.o(.text.VL53L1_SetDistanceMode)
    VL53L1_SetMeasurementTimingBudgetMicroSeconds 0x08005dad   Thumb Code   332  vl53l1_api.o(.text.VL53L1_SetMeasurementTimingBudgetMicroSeconds)
    VL53L1_SetROI                            0x08005ef9   Thumb Code   174  vl53l1_api.o(.text.VL53L1_SetROI)
    VL53L1_StartMeasurement                  0x08005fa9   Thumb Code   238  vl53l1_api.o(.text.VL53L1_StartMeasurement)
    VL53L1_StaticInit                        0x08006099   Thumb Code   182  vl53l1_api.o(.text.VL53L1_StaticInit)
    VL53L1_StopMeasurement                   0x08006151   Thumb Code    40  vl53l1_api.o(.text.VL53L1_StopMeasurement)
    VL53L1_WaitDeviceBooted                  0x08006179   Thumb Code     8  vl53l1_api.o(.text.VL53L1_WaitDeviceBooted)
    VL53L1_WaitMs                            0x08006181   Thumb Code    26  vl53l1_platform.o(.text.VL53L1_WaitMs)
    VL53L1_WaitUs                            0x0800619d   Thumb Code    42  vl53l1_platform.o(.text.VL53L1_WaitUs)
    VL53L1_WaitValueMaskEx                   0x080061c9   Thumb Code   418  vl53l1_platform.o(.text.VL53L1_WaitValueMaskEx)
    VL53L1_WrByte                            0x0800636d   Thumb Code    44  vl53l1_platform.o(.text.VL53L1_WrByte)
    VL53L1_WrWord                            0x08006399   Thumb Code    48  vl53l1_platform.o(.text.VL53L1_WrWord)
    VL53L1_WriteMulti                        0x080063c9   Thumb Code    68  vl53l1_platform.o(.text.VL53L1_WriteMulti)
    VL53L1_calc_crosstalk_plane_offset_with_margin 0x0800640d   Thumb Code     8  vl53l1_core.o(.text.VL53L1_calc_crosstalk_plane_offset_with_margin)
    VL53L1_calc_decoded_timeout_us           0x08006415   Thumb Code    28  vl53l1_core.o(.text.VL53L1_calc_decoded_timeout_us)
    VL53L1_calc_macro_period_us              0x08006431   Thumb Code    32  vl53l1_core.o(.text.VL53L1_calc_macro_period_us)
    VL53L1_calc_max_effective_spads          0x08006451   Thumb Code   326  vl53l1_core.o(.text.VL53L1_calc_max_effective_spads)
    VL53L1_calc_mm_effective_spads           0x08006599   Thumb Code   514  vl53l1_core.o(.text.VL53L1_calc_mm_effective_spads)
    VL53L1_calc_pll_period_mm                0x0800679d   Thumb Code    34  vl53l1_core_support.o(.text.VL53L1_calc_pll_period_mm)
    VL53L1_calc_pll_period_us                0x080067c1   Thumb Code    16  vl53l1_core_support.o(.text.VL53L1_calc_pll_period_us)
    VL53L1_calc_range_ignore_threshold       0x080067d1   Thumb Code   100  vl53l1_core.o(.text.VL53L1_calc_range_ignore_threshold)
    VL53L1_calc_timeout_register_values      0x08006835   Thumb Code   616  vl53l1_core.o(.text.VL53L1_calc_timeout_register_values)
    VL53L1_calc_timeout_us                   0x08006a9d   Thumb Code    18  vl53l1_core.o(.text.VL53L1_calc_timeout_us)
    VL53L1_check_ll_driver_rd_state          0x08006ab1   Thumb Code   166  vl53l1_core.o(.text.VL53L1_check_ll_driver_rd_state)
    VL53L1_clear_interrupt                   0x08006b59   Thumb Code    14  vl53l1_core.o(.text.VL53L1_clear_interrupt)
    VL53L1_clear_interrupt_and_enable_next_range 0x08006b69   Thumb Code     6  vl53l1_api_core.o(.text.VL53L1_clear_interrupt_and_enable_next_range)
    VL53L1_compute_histo_merge_nb            0x08006b71   Thumb Code    62  vl53l1_core.o(.text.VL53L1_compute_histo_merge_nb)
    VL53L1_compute_nb_frame_in_buffer        0x08006bb1   Thumb Code   516  vl53l1_core.o(.text.VL53L1_compute_nb_frame_in_buffer)
    VL53L1_config_low_power_auto_mode        0x08006db5   Thumb Code    14  vl53l1_core.o(.text.VL53L1_config_low_power_auto_mode)
    VL53L1_copy_hist_bins_to_static_cfg      0x08006dc5   Thumb Code    80  vl53l1_api_preset_modes.o(.text.VL53L1_copy_hist_bins_to_static_cfg)
    VL53L1_copy_rtn_good_spads_to_buffer     0x08006e15   Thumb Code   162  vl53l1_core.o(.text.VL53L1_copy_rtn_good_spads_to_buffer)
    VL53L1_copy_sys_and_core_results_to_range_results 0x08006eb9   Thumb Code   378  vl53l1_api_core.o(.text.VL53L1_copy_sys_and_core_results_to_range_results)
    VL53L1_copy_xtalk_bin_data_to_histogram_data_struct 0x08007035   Thumb Code    44  vl53l1_core_support.o(.text.VL53L1_copy_xtalk_bin_data_to_histogram_data_struct)
    VL53L1_data_init                         0x08007061   Thumb Code  1108  vl53l1_api_core.o(.text.VL53L1_data_init)
    VL53L1_decode_row_col                    0x080074b5   Thumb Code    38  vl53l1_core_support.o(.text.VL53L1_decode_row_col)
    VL53L1_decode_timeout                    0x080074dd   Thumb Code    12  vl53l1_core.o(.text.VL53L1_decode_timeout)
    VL53L1_decode_vcsel_period               0x080074e9   Thumb Code    10  vl53l1_core_support.o(.text.VL53L1_decode_vcsel_period)
    VL53L1_disable_firmware                  0x080074f5   Thumb Code    14  vl53l1_core.o(.text.VL53L1_disable_firmware)
    VL53L1_disable_powerforce                0x08007505   Thumb Code    14  vl53l1_core.o(.text.VL53L1_disable_powerforce)
    VL53L1_duration_maths                    0x08007515   Thumb Code    40  vl53l1_core_support.o(.text.VL53L1_duration_maths)
    VL53L1_dynamic_xtalk_correction_apply_disable 0x0800753d   Thumb Code    14  vl53l1_api_core.o(.text.VL53L1_dynamic_xtalk_correction_apply_disable)
    VL53L1_dynamic_xtalk_correction_calc_new_xtalk 0x0800754d   Thumb Code   568  vl53l1_core.o(.text.VL53L1_dynamic_xtalk_correction_calc_new_xtalk)
    VL53L1_dynamic_xtalk_correction_corrector 0x08007785   Thumb Code  1478  vl53l1_core.o(.text.VL53L1_dynamic_xtalk_correction_corrector)
    VL53L1_dynamic_xtalk_correction_data_init 0x08007d4d   Thumb Code   170  vl53l1_core.o(.text.VL53L1_dynamic_xtalk_correction_data_init)
    VL53L1_dynamic_xtalk_correction_disable  0x08007df9   Thumb Code    14  vl53l1_api_core.o(.text.VL53L1_dynamic_xtalk_correction_disable)
    VL53L1_dynamic_xtalk_correction_single_apply_disable 0x08007e09   Thumb Code    14  vl53l1_api_core.o(.text.VL53L1_dynamic_xtalk_correction_single_apply_disable)
    VL53L1_dynamic_zone_update               0x08007e19   Thumb Code   260  vl53l1_core.o(.text.VL53L1_dynamic_zone_update)
    VL53L1_enable_firmware                   0x08007f1d   Thumb Code    14  vl53l1_core.o(.text.VL53L1_enable_firmware)
    VL53L1_enable_powerforce                 0x08007f2d   Thumb Code    14  vl53l1_core.o(.text.VL53L1_enable_powerforce)
    VL53L1_encode_row_col                    0x08007f3d   Thumb Code    20  vl53l1_core.o(.text.VL53L1_encode_row_col)
    VL53L1_encode_zone_size                  0x08007f51   Thumb Code     8  vl53l1_core.o(.text.VL53L1_encode_zone_size)
    VL53L1_events_per_spad_maths             0x08007f59   Thumb Code    66  vl53l1_core_support.o(.text.VL53L1_events_per_spad_maths)
    VL53L1_f_001                             0x08007f9d   Thumb Code   608  vl53l1_dmax.o(.text.VL53L1_f_001)
    VL53L1_f_004                             0x080081fd   Thumb Code   862  vl53l1_hist_core.o(.text.VL53L1_f_004)
    VL53L1_f_011                             0x0800855d   Thumb Code   164  vl53l1_hist_core.o(.text.VL53L1_f_011)
    VL53L1_f_012                             0x08008601   Thumb Code    84  vl53l1_hist_core.o(.text.VL53L1_f_012)
    VL53L1_f_013                             0x08008655   Thumb Code    98  vl53l1_hist_core.o(.text.VL53L1_f_013)
    VL53L1_f_014                             0x080086b9   Thumb Code   536  vl53l1_sigma_estimate.o(.text.VL53L1_f_014)
    VL53L1_f_016                             0x080088d1   Thumb Code   108  vl53l1_hist_algos_gen3.o(.text.VL53L1_f_016)
    VL53L1_f_018                             0x0800893d   Thumb Code   372  vl53l1_hist_algos_gen3.o(.text.VL53L1_f_018)
    VL53L1_f_019                             0x08008ab1   Thumb Code   502  vl53l1_hist_algos_gen3.o(.text.VL53L1_f_019)
    VL53L1_f_020                             0x08008ca9   Thumb Code   128  vl53l1_hist_algos_gen3.o(.text.VL53L1_f_020)
    VL53L1_f_021                             0x08008d29   Thumb Code   214  vl53l1_hist_algos_gen3.o(.text.VL53L1_f_021)
    VL53L1_f_022                             0x08008e01   Thumb Code   250  vl53l1_hist_algos_gen3.o(.text.VL53L1_f_022)
    VL53L1_f_023                             0x08008efd   Thumb Code   102  vl53l1_hist_algos_gen3.o(.text.VL53L1_f_023)
    VL53L1_f_026                             0x08008f65   Thumb Code   204  vl53l1_hist_algos_gen3.o(.text.VL53L1_f_026)
    VL53L1_f_027                             0x08009031   Thumb Code   698  vl53l1_hist_algos_gen3.o(.text.VL53L1_f_027)
    VL53L1_f_028                             0x080092ed   Thumb Code  2376  vl53l1_hist_algos_gen3.o(.text.VL53L1_f_028)
    VL53L1_f_029                             0x08009c35   Thumb Code   186  vl53l1_hist_algos_gen3.o(.text.VL53L1_f_029)
    VL53L1_f_033                             0x08009cf1   Thumb Code   740  vl53l1_hist_algos_gen4.o(.text.VL53L1_f_033)
    VL53L1_f_034                             0x08009fd5   Thumb Code   152  vl53l1_hist_algos_gen4.o(.text.VL53L1_f_034)
    VL53L1_f_035                             0x0800a06d   Thumb Code   368  vl53l1_hist_algos_gen4.o(.text.VL53L1_f_035)
    VL53L1_f_039                             0x0800a1dd   Thumb Code   964  vl53l1_hist_core.o(.text.VL53L1_f_039)
    VL53L1_f_040                             0x0800a5a1   Thumb Code   250  vl53l1_xtalk.o(.text.VL53L1_f_040)
    VL53L1_f_041                             0x0800a69d   Thumb Code   368  vl53l1_xtalk.o(.text.VL53L1_f_041)
    VL53L1_get_customer_nvm_managed          0x0800a80d   Thumb Code    96  vl53l1_register_funcs.o(.text.VL53L1_get_customer_nvm_managed)
    VL53L1_get_device_results                0x0800a86d   Thumb Code  2330  vl53l1_api_core.o(.text.VL53L1_get_device_results)
    VL53L1_get_histogram_bin_data            0x0800b189   Thumb Code  9714  vl53l1_api_core.o(.text.VL53L1_get_histogram_bin_data)
    VL53L1_get_inter_measurement_period_ms   0x0800d77d   Thumb Code    30  vl53l1_api_core.o(.text.VL53L1_get_inter_measurement_period_ms)
    VL53L1_get_lite_min_count_rate           0x0800d79d   Thumb Code    10  vl53l1_api_core.o(.text.VL53L1_get_lite_min_count_rate)
    VL53L1_get_lite_sigma_threshold          0x0800d7a9   Thumb Code    10  vl53l1_api_core.o(.text.VL53L1_get_lite_sigma_threshold)
    VL53L1_get_nvm_copy_data                 0x0800d7b5   Thumb Code    44  vl53l1_register_funcs.o(.text.VL53L1_get_nvm_copy_data)
    VL53L1_get_preset_mode_timing_cfg        0x0800d7e1   Thumb Code   272  vl53l1_api_core.o(.text.VL53L1_get_preset_mode_timing_cfg)
    VL53L1_get_sequence_config_bit           0x0800d8f1   Thumb Code    44  vl53l1_api_core.o(.text.VL53L1_get_sequence_config_bit)
    VL53L1_get_static_nvm_managed            0x0800d91d   Thumb Code   120  vl53l1_register_funcs.o(.text.VL53L1_get_static_nvm_managed)
    VL53L1_get_timeouts_us                   0x0800d995   Thumb Code   108  vl53l1_api_core.o(.text.VL53L1_get_timeouts_us)
    VL53L1_get_tuning_parm                   0x0800da01   Thumb Code  1976  vl53l1_api_core.o(.text.VL53L1_get_tuning_parm)
    VL53L1_get_zone_config                   0x0800e1b9   Thumb Code    20  vl53l1_api_core.o(.text.VL53L1_get_zone_config)
    VL53L1_hist_calc_zero_distance_phase     0x0800e1cd   Thumb Code    60  vl53l1_core_support.o(.text.VL53L1_hist_calc_zero_distance_phase)
    VL53L1_hist_combine_mm1_mm2_offsets      0x0800e209   Thumb Code   172  vl53l1_core.o(.text.VL53L1_hist_combine_mm1_mm2_offsets)
    VL53L1_hist_copy_and_scale_ambient_info  0x0800e2b5   Thumb Code   152  vl53l1_core.o(.text.VL53L1_hist_copy_and_scale_ambient_info)
    VL53L1_hist_copy_results_to_sys_and_core 0x0800e34d   Thumb Code   290  vl53l1_core.o(.text.VL53L1_hist_copy_results_to_sys_and_core)
    VL53L1_hist_estimate_ambient_from_ambient_bins 0x0800e471   Thumb Code   180  vl53l1_core_support.o(.text.VL53L1_hist_estimate_ambient_from_ambient_bins)
    VL53L1_hist_estimate_ambient_from_thresholded_bins 0x0800e525   Thumb Code   748  vl53l1_core_support.o(.text.VL53L1_hist_estimate_ambient_from_thresholded_bins)
    VL53L1_hist_events_consistency_check     0x0800e811   Thumb Code   318  vl53l1_core.o(.text.VL53L1_hist_events_consistency_check)
    VL53L1_hist_get_bin_sequence_config      0x0800e951   Thumb Code   394  vl53l1_core.o(.text.VL53L1_hist_get_bin_sequence_config)
    VL53L1_hist_phase_consistency_check      0x0800eadd   Thumb Code  1100  vl53l1_core.o(.text.VL53L1_hist_phase_consistency_check)
    VL53L1_hist_process_data                 0x0800ef29   Thumb Code   462  vl53l1_hist_funcs.o(.text.VL53L1_hist_process_data)
    VL53L1_hist_remove_ambient_bins          0x0800f0f9   Thumb Code   426  vl53l1_core_support.o(.text.VL53L1_hist_remove_ambient_bins)
    VL53L1_hist_wrap_dmax                    0x0800f2a5   Thumb Code    46  vl53l1_core.o(.text.VL53L1_hist_wrap_dmax)
    VL53L1_hist_xmonitor_consistency_check   0x0800f2d5   Thumb Code   102  vl53l1_core.o(.text.VL53L1_hist_xmonitor_consistency_check)
    VL53L1_i2c_decode_core_results           0x0800f33d   Thumb Code   124  vl53l1_register_funcs.o(.text.VL53L1_i2c_decode_core_results)
    VL53L1_i2c_decode_customer_nvm_managed   0x0800f3b9   Thumb Code   160  vl53l1_register_funcs.o(.text.VL53L1_i2c_decode_customer_nvm_managed)
    VL53L1_i2c_decode_debug_results          0x0800f459   Thumb Code   438  vl53l1_register_funcs.o(.text.VL53L1_i2c_decode_debug_results)
    VL53L1_i2c_decode_int16_t                0x0800f611   Thumb Code   152  vl53l1_core.o(.text.VL53L1_i2c_decode_int16_t)
    VL53L1_i2c_decode_int32_t                0x0800f6a9   Thumb Code   128  vl53l1_core.o(.text.VL53L1_i2c_decode_int32_t)
    VL53L1_i2c_decode_nvm_copy_data          0x0800f729   Thumb Code   334  vl53l1_register_funcs.o(.text.VL53L1_i2c_decode_nvm_copy_data)
    VL53L1_i2c_decode_system_results         0x0800f879   Thumb Code   290  vl53l1_register_funcs.o(.text.VL53L1_i2c_decode_system_results)
    VL53L1_i2c_decode_uint16_t               0x0800f99d   Thumb Code   114  vl53l1_core.o(.text.VL53L1_i2c_decode_uint16_t)
    VL53L1_i2c_decode_uint32_t               0x0800fa11   Thumb Code    90  vl53l1_core.o(.text.VL53L1_i2c_decode_uint32_t)
    VL53L1_i2c_encode_customer_nvm_managed   0x0800fa6d   Thumb Code   168  vl53l1_register_funcs.o(.text.VL53L1_i2c_encode_customer_nvm_managed)
    VL53L1_i2c_encode_dynamic_config         0x0800fb15   Thumb Code   138  vl53l1_register_funcs.o(.text.VL53L1_i2c_encode_dynamic_config)
    VL53L1_i2c_encode_general_config         0x0800fba1   Thumb Code   144  vl53l1_register_funcs.o(.text.VL53L1_i2c_encode_general_config)
    VL53L1_i2c_encode_int16_t                0x0800fc31   Thumb Code   108  vl53l1_core.o(.text.VL53L1_i2c_encode_int16_t)
    VL53L1_i2c_encode_static_config          0x0800fc9d   Thumb Code   226  vl53l1_register_funcs.o(.text.VL53L1_i2c_encode_static_config)
    VL53L1_i2c_encode_static_nvm_managed     0x0800fd81   Thumb Code   106  vl53l1_register_funcs.o(.text.VL53L1_i2c_encode_static_nvm_managed)
    VL53L1_i2c_encode_system_control         0x0800fded   Thumb Code    52  vl53l1_register_funcs.o(.text.VL53L1_i2c_encode_system_control)
    VL53L1_i2c_encode_timing_config          0x0800fe21   Thumb Code   140  vl53l1_register_funcs.o(.text.VL53L1_i2c_encode_timing_config)
    VL53L1_i2c_encode_uint16_t               0x0800fead   Thumb Code   118  vl53l1_core.o(.text.VL53L1_i2c_encode_uint16_t)
    VL53L1_i2c_encode_uint32_t               0x0800ff25   Thumb Code   102  vl53l1_core.o(.text.VL53L1_i2c_encode_uint32_t)
    VL53L1_init_and_start_range              0x0800ff8d   Thumb Code   594  vl53l1_api_core.o(.text.VL53L1_init_and_start_range)
    VL53L1_init_hist_gen3_dmax_config_struct 0x080101e1   Thumb Code    56  vl53l1_api_preset_modes.o(.text.VL53L1_init_hist_gen3_dmax_config_struct)
    VL53L1_init_hist_post_process_config_struct 0x08010219   Thumb Code   116  vl53l1_api_preset_modes.o(.text.VL53L1_init_hist_post_process_config_struct)
    VL53L1_init_histogram_bin_data_struct    0x0801028d   Thumb Code   336  vl53l1_core_support.o(.text.VL53L1_init_histogram_bin_data_struct)
    VL53L1_init_histogram_config_structure   0x080103dd   Thumb Code   154  vl53l1_core.o(.text.VL53L1_init_histogram_config_structure)
    VL53L1_init_histogram_multizone_config_structure 0x08010479   Thumb Code   148  vl53l1_core.o(.text.VL53L1_init_histogram_multizone_config_structure)
    VL53L1_init_ll_driver_state              0x0801050d   Thumb Code    38  vl53l1_core.o(.text.VL53L1_init_ll_driver_state)
    VL53L1_init_offset_cal_config_struct     0x08010535   Thumb Code    36  vl53l1_api_preset_modes.o(.text.VL53L1_init_offset_cal_config_struct)
    VL53L1_init_refspadchar_config_struct    0x08010559   Thumb Code    34  vl53l1_api_preset_modes.o(.text.VL53L1_init_refspadchar_config_struct)
    VL53L1_init_ssc_config_struct            0x0801057d   Thumb Code    26  vl53l1_api_preset_modes.o(.text.VL53L1_init_ssc_config_struct)
    VL53L1_init_tuning_parm_storage_struct   0x08010599   Thumb Code   462  vl53l1_api_preset_modes.o(.text.VL53L1_init_tuning_parm_storage_struct)
    VL53L1_init_version                      0x08010769   Thumb Code    22  vl53l1_core.o(.text.VL53L1_init_version)
    VL53L1_init_xtalk_bin_data_struct        0x08010781   Thumb Code   152  vl53l1_core.o(.text.VL53L1_init_xtalk_bin_data_struct)
    VL53L1_init_xtalk_config_struct          0x08010819   Thumb Code    98  vl53l1_api_preset_modes.o(.text.VL53L1_init_xtalk_config_struct)
    VL53L1_init_xtalk_extract_config_struct  0x0801087d   Thumb Code    58  vl53l1_api_preset_modes.o(.text.VL53L1_init_xtalk_extract_config_struct)
    VL53L1_init_zone_cal_config_struct       0x080108b9   Thumb Code    38  vl53l1_api_preset_modes.o(.text.VL53L1_init_zone_cal_config_struct)
    VL53L1_init_zone_config_histogram_bins   0x080108e1   Thumb Code    18  vl53l1_zone_presets.o(.text.VL53L1_init_zone_config_histogram_bins)
    VL53L1_init_zone_config_structure        0x080108f5   Thumb Code   448  vl53l1_zone_presets.o(.text.VL53L1_init_zone_config_structure)
    VL53L1_ipp_hist_process_data             0x08010ab5   Thumb Code    40  vl53l1_platform_ipp.o(.text.VL53L1_ipp_hist_process_data)
    VL53L1_is_new_data_ready                 0x08010add   Thumb Code    44  vl53l1_wait.o(.text.VL53L1_is_new_data_ready)
    VL53L1_isqrt                             0x08010b09   Thumb Code   142  vl53l1_core_support.o(.text.VL53L1_isqrt)
    VL53L1_load_patch                        0x08010b99   Thumb Code   240  vl53l1_api_core.o(.text.VL53L1_load_patch)
    VL53L1_low_power_auto_data_init          0x08010c89   Thumb Code    36  vl53l1_core.o(.text.VL53L1_low_power_auto_data_init)
    VL53L1_low_power_auto_data_stop_range    0x08010cad   Thumb Code    52  vl53l1_core.o(.text.VL53L1_low_power_auto_data_stop_range)
    VL53L1_low_power_auto_setup_manual_calibration 0x08010ce1   Thumb Code    74  vl53l1_core.o(.text.VL53L1_low_power_auto_setup_manual_calibration)
    VL53L1_multizone_hist_bins_update        0x08010d2d   Thumb Code   158  vl53l1_core.o(.text.VL53L1_multizone_hist_bins_update)
    VL53L1_nvm_decode_cal_peak_rate_map      0x08010dcd   Thumb Code   354  vl53l1_nvm.o(.text.VL53L1_nvm_decode_cal_peak_rate_map)
    VL53L1_nvm_enable                        0x08010f31   Thumb Code   108  vl53l1_nvm.o(.text.VL53L1_nvm_enable)
    VL53L1_nvm_read                          0x08010f9d   Thumb Code   120  vl53l1_nvm.o(.text.VL53L1_nvm_read)
    VL53L1_poll_for_boot_completion          0x08011015   Thumb Code    66  vl53l1_wait.o(.text.VL53L1_poll_for_boot_completion)
    VL53L1_preset_mode_histogram_characterisation 0x08011059   Thumb Code    48  vl53l1_api_preset_modes.o(.text.VL53L1_preset_mode_histogram_characterisation)
    VL53L1_preset_mode_histogram_long_range  0x08011089   Thumb Code   304  vl53l1_api_preset_modes.o(.text.VL53L1_preset_mode_histogram_long_range)
    VL53L1_preset_mode_histogram_long_range_mm1 0x080111b9   Thumb Code   228  vl53l1_api_preset_modes.o(.text.VL53L1_preset_mode_histogram_long_range_mm1)
    VL53L1_preset_mode_histogram_long_range_mm2 0x0801129d   Thumb Code    38  vl53l1_api_preset_modes.o(.text.VL53L1_preset_mode_histogram_long_range_mm2)
    VL53L1_preset_mode_histogram_medium_range 0x080112c5   Thumb Code   300  vl53l1_api_preset_modes.o(.text.VL53L1_preset_mode_histogram_medium_range)
    VL53L1_preset_mode_histogram_medium_range_mm1 0x080113f1   Thumb Code   228  vl53l1_api_preset_modes.o(.text.VL53L1_preset_mode_histogram_medium_range_mm1)
    VL53L1_preset_mode_histogram_medium_range_mm2 0x080114d5   Thumb Code    38  vl53l1_api_preset_modes.o(.text.VL53L1_preset_mode_histogram_medium_range_mm2)
    VL53L1_preset_mode_histogram_multizone   0x080114fd   Thumb Code   192  vl53l1_api_preset_modes.o(.text.VL53L1_preset_mode_histogram_multizone)
    VL53L1_preset_mode_histogram_multizone_long_range 0x080115bd   Thumb Code   192  vl53l1_api_preset_modes.o(.text.VL53L1_preset_mode_histogram_multizone_long_range)
    VL53L1_preset_mode_histogram_multizone_short_range 0x0801167d   Thumb Code   192  vl53l1_api_preset_modes.o(.text.VL53L1_preset_mode_histogram_multizone_short_range)
    VL53L1_preset_mode_histogram_ranging     0x0801173d   Thumb Code   306  vl53l1_api_preset_modes.o(.text.VL53L1_preset_mode_histogram_ranging)
    VL53L1_preset_mode_histogram_ranging_mm1_cal 0x08011871   Thumb Code   234  vl53l1_api_preset_modes.o(.text.VL53L1_preset_mode_histogram_ranging_mm1_cal)
    VL53L1_preset_mode_histogram_ranging_mm2_cal 0x0801195d   Thumb Code    38  vl53l1_api_preset_modes.o(.text.VL53L1_preset_mode_histogram_ranging_mm2_cal)
    VL53L1_preset_mode_histogram_ranging_ref 0x08011985   Thumb Code   132  vl53l1_api_preset_modes.o(.text.VL53L1_preset_mode_histogram_ranging_ref)
    VL53L1_preset_mode_histogram_ranging_short_timing 0x08011a09   Thumb Code   274  vl53l1_api_preset_modes.o(.text.VL53L1_preset_mode_histogram_ranging_short_timing)
    VL53L1_preset_mode_histogram_ranging_with_mm1 0x08011b1d   Thumb Code   226  vl53l1_api_preset_modes.o(.text.VL53L1_preset_mode_histogram_ranging_with_mm1)
    VL53L1_preset_mode_histogram_ranging_with_mm2 0x08011c01   Thumb Code    38  vl53l1_api_preset_modes.o(.text.VL53L1_preset_mode_histogram_ranging_with_mm2)
    VL53L1_preset_mode_histogram_short_range 0x08011c29   Thumb Code   300  vl53l1_api_preset_modes.o(.text.VL53L1_preset_mode_histogram_short_range)
    VL53L1_preset_mode_histogram_short_range_mm1 0x08011d55   Thumb Code   222  vl53l1_api_preset_modes.o(.text.VL53L1_preset_mode_histogram_short_range_mm1)
    VL53L1_preset_mode_histogram_short_range_mm2 0x08011e35   Thumb Code    38  vl53l1_api_preset_modes.o(.text.VL53L1_preset_mode_histogram_short_range_mm2)
    VL53L1_preset_mode_histogram_xtalk_mm1   0x08011e5d   Thumb Code   278  vl53l1_api_preset_modes.o(.text.VL53L1_preset_mode_histogram_xtalk_mm1)
    VL53L1_preset_mode_histogram_xtalk_mm2   0x08011f75   Thumb Code    38  vl53l1_api_preset_modes.o(.text.VL53L1_preset_mode_histogram_xtalk_mm2)
    VL53L1_preset_mode_histogram_xtalk_planar 0x08011f9d   Thumb Code   292  vl53l1_api_preset_modes.o(.text.VL53L1_preset_mode_histogram_xtalk_planar)
    VL53L1_preset_mode_low_power_auto_long_ranging 0x080120c1   Thumb Code   122  vl53l1_api_preset_modes.o(.text.VL53L1_preset_mode_low_power_auto_long_ranging)
    VL53L1_preset_mode_low_power_auto_ranging 0x0801213d   Thumb Code    86  vl53l1_api_preset_modes.o(.text.VL53L1_preset_mode_low_power_auto_ranging)
    VL53L1_preset_mode_low_power_auto_short_ranging 0x08012195   Thumb Code   122  vl53l1_api_preset_modes.o(.text.VL53L1_preset_mode_low_power_auto_short_ranging)
    VL53L1_preset_mode_olt                   0x08012211   Thumb Code    34  vl53l1_api_preset_modes.o(.text.VL53L1_preset_mode_olt)
    VL53L1_preset_mode_singleshot_ranging    0x08012235   Thumb Code    60  vl53l1_api_preset_modes.o(.text.VL53L1_preset_mode_singleshot_ranging)
    VL53L1_preset_mode_special_histogram_short_range 0x08012271   Thumb Code   264  vl53l1_api_preset_modes.o(.text.VL53L1_preset_mode_special_histogram_short_range)
    VL53L1_preset_mode_standard_ranging      0x08012379   Thumb Code   358  vl53l1_api_preset_modes.o(.text.VL53L1_preset_mode_standard_ranging)
    VL53L1_preset_mode_standard_ranging_long_range 0x080124e1   Thumb Code    72  vl53l1_api_preset_modes.o(.text.VL53L1_preset_mode_standard_ranging_long_range)
    VL53L1_preset_mode_standard_ranging_mm1_cal 0x08012529   Thumb Code    46  vl53l1_api_preset_modes.o(.text.VL53L1_preset_mode_standard_ranging_mm1_cal)
    VL53L1_preset_mode_standard_ranging_mm2_cal 0x08012559   Thumb Code    46  vl53l1_api_preset_modes.o(.text.VL53L1_preset_mode_standard_ranging_mm2_cal)
    VL53L1_preset_mode_standard_ranging_short_range 0x08012589   Thumb Code    72  vl53l1_api_preset_modes.o(.text.VL53L1_preset_mode_standard_ranging_short_range)
    VL53L1_preset_mode_timed_ranging         0x080125d1   Thumb Code    66  vl53l1_api_preset_modes.o(.text.VL53L1_preset_mode_timed_ranging)
    VL53L1_preset_mode_timed_ranging_long_range 0x08012615   Thumb Code   104  vl53l1_api_preset_modes.o(.text.VL53L1_preset_mode_timed_ranging_long_range)
    VL53L1_preset_mode_timed_ranging_short_range 0x0801267d   Thumb Code   104  vl53l1_api_preset_modes.o(.text.VL53L1_preset_mode_timed_ranging_short_range)
    VL53L1_range_maths                       0x080126e5   Thumb Code   180  vl53l1_core_support.o(.text.VL53L1_range_maths)
    VL53L1_rate_maths                        0x08012799   Thumb Code    58  vl53l1_core_support.o(.text.VL53L1_rate_maths)
    VL53L1_rate_per_spad_maths               0x080127d5   Thumb Code    34  vl53l1_core_support.o(.text.VL53L1_rate_per_spad_maths)
    VL53L1_read_nvm_additional_offset_cal_data 0x080127f9   Thumb Code    74  vl53l1_nvm.o(.text.VL53L1_read_nvm_additional_offset_cal_data)
    VL53L1_read_nvm_cal_peak_rate_map        0x08012845   Thumb Code    38  vl53l1_nvm.o(.text.VL53L1_read_nvm_cal_peak_rate_map)
    VL53L1_read_nvm_fmt_range_results_data   0x0801286d   Thumb Code   122  vl53l1_nvm.o(.text.VL53L1_read_nvm_fmt_range_results_data)
    VL53L1_read_nvm_optical_centre           0x080128e9   Thumb Code    50  vl53l1_nvm.o(.text.VL53L1_read_nvm_optical_centre)
    VL53L1_read_nvm_raw_data                 0x0801291d   Thumb Code    88  vl53l1_nvm.o(.text.VL53L1_read_nvm_raw_data)
    VL53L1_read_p2p_data                     0x08012975   Thumb Code   394  vl53l1_api_core.o(.text.VL53L1_read_p2p_data)
    VL53L1_run_device_test                   0x08012b01   Thumb Code   128  vl53l1_api_calibration.o(.text.VL53L1_run_device_test)
    VL53L1_run_ref_spad_char                 0x08012b81   Thumb Code   226  vl53l1_api_calibration.o(.text.VL53L1_run_ref_spad_char)
    VL53L1_save_cfg_data                     0x08012c65   Thumb Code    48  vl53l1_core.o(.text.VL53L1_save_cfg_data)
    VL53L1_set_dmax_mode                     0x08012c95   Thumb Code     8  vl53l1_api_core.o(.text.VL53L1_set_dmax_mode)
    VL53L1_set_histogram_multizone_initial_bin_config 0x08012c9d   Thumb Code    80  vl53l1_core.o(.text.VL53L1_set_histogram_multizone_initial_bin_config)
    VL53L1_set_inter_measurement_period_ms   0x08012ced   Thumb Code    30  vl53l1_api_core.o(.text.VL53L1_set_inter_measurement_period_ms)
    VL53L1_set_lite_min_count_rate           0x08012d0d   Thumb Code    10  vl53l1_api_core.o(.text.VL53L1_set_lite_min_count_rate)
    VL53L1_set_lite_sigma_threshold          0x08012d19   Thumb Code    10  vl53l1_api_core.o(.text.VL53L1_set_lite_sigma_threshold)
    VL53L1_set_preset_mode                   0x08012d25   Thumb Code  1126  vl53l1_api_core.o(.text.VL53L1_set_preset_mode)
    VL53L1_set_ref_spad_char_config          0x0801318d   Thumb Code   196  vl53l1_core.o(.text.VL53L1_set_ref_spad_char_config)
    VL53L1_set_system_control                0x08013251   Thumb Code    70  vl53l1_register_funcs.o(.text.VL53L1_set_system_control)
    VL53L1_set_timeouts_us                   0x08013299   Thumb Code    60  vl53l1_api_core.o(.text.VL53L1_set_timeouts_us)
    VL53L1_set_zone_config                   0x080132d5   Thumb Code    50  vl53l1_api_core.o(.text.VL53L1_set_zone_config)
    VL53L1_start_test                        0x08013309   Thumb Code     8  vl53l1_core.o(.text.VL53L1_start_test)
    VL53L1_stop_range                        0x08013311   Thumb Code    94  vl53l1_api_core.o(.text.VL53L1_stop_range)
    VL53L1_unload_patch                      0x08013371   Thumb Code    54  vl53l1_api_core.o(.text.VL53L1_unload_patch)
    VL53L1_update_ll_driver_cfg_state        0x080133a9   Thumb Code   386  vl53l1_core.o(.text.VL53L1_update_ll_driver_cfg_state)
    VL53L1_update_ll_driver_rd_state         0x0801352d   Thumb Code   288  vl53l1_core.o(.text.VL53L1_update_ll_driver_rd_state)
    VL53L1_wait_for_test_completion          0x0801364d   Thumb Code    94  vl53l1_wait.o(.text.VL53L1_wait_for_test_completion)
    VL53L1_xtalk_cal_data_init               0x080136ad   Thumb Code    28  vl53l1_core.o(.text.VL53L1_xtalk_cal_data_init)
    VL53L1_zone_preset_xtalk_planar          0x080136c9   Thumb Code    82  vl53l1_zone_presets.o(.text.VL53L1_zone_preset_xtalk_planar)
    fputc                                    0x0801371d   Thumb Code    50  custom.o(.text.fputc)
    main                                     0x08013751   Thumb Code    26  main.o(.text.main)
    __0printf$6                              0x0801376d   Thumb Code    22  printf6.o(i.__0printf$6)
    __1printf$6                              0x0801376d   Thumb Code     0  printf6.o(i.__0printf$6)
    __2printf                                0x0801376d   Thumb Code     0  printf6.o(i.__0printf$6)
    __scatterload_copy                       0x0801378d   Thumb Code    14  handlers.o(i.__scatterload_copy)
    __scatterload_null                       0x0801379b   Thumb Code     2  handlers.o(i.__scatterload_null)
    __scatterload_zeroinit                   0x0801379d   Thumb Code    14  handlers.o(i.__scatterload_zeroinit)
    putchar                                  0x08013af1   Thumb Code     6  putchar.o(i.putchar)
    puts                                     0x08013afd   Thumb Code    30  puts.o(i.puts)
    AHBPrescTable                            0x08013b38   Data          16  system_stm32h5xx.o(.rodata.AHBPrescTable)
    APBPrescTable                            0x08013b48   Data           8  system_stm32h5xx.o(.rodata.APBPrescTable)
    UARTPrescTable                           0x08013b50   Data          24  stm32h5xx_hal_uart.o(.rodata.UARTPrescTable)
    Region$$Table$$Base                      0x08013b78   Number         0  anon$$obj.o(Region$$Table)
    Region$$Table$$Limit                     0x08013b98   Number         0  anon$$obj.o(Region$$Table)
    __stdout                                 0x20000000   Data           4  stdout.o(.data)
    uwTickFreq                               0x20000004   Data           1  stm32h5xx_hal.o(.data..L_MergedGlobals)
    uwTickPrio                               0x20000008   Data           4  stm32h5xx_hal.o(.data..L_MergedGlobals)
    COM_USART                                0x20000038   Data           4  custom.o(.data.COM_USART)
    SystemCoreClock                          0x2000003c   Data           4  system_stm32h5xx.o(.data.SystemCoreClock)
    VL53L1CB_RANGING_SENSOR_Driver           0x20000040   Data          56  vl53l1cb.o(.data.VL53L1CB_RANGING_SENSOR_Driver)
    hi2c1                                    0x2000007c   Data          84  custom_bus.o(.bss..L_MergedGlobals)
    CUSTOM_RANGING_CompObj                   0x200000d0   Data           4  custom_ranging_sensor.o(.bss..L_MergedGlobals)
    _I2CBuffer                               0x200070d0   Data         256  vl53l1_platform.o(.bss._I2CBuffer)
    hcom_uart                                0x200071d0   Data         148  custom.o(.bss.hcom_uart)
    uwTick                                   0x20007264   Data           4  stm32h5xx_hal.o(.bss.uwTick)
    __initial_sp                             0x20007ae8   Data           0  startup_stm32h503xx.o(STACK)



==============================================================================

Memory Map of the image

  Image Entry point : 0x08000259

  Load Region LR_IROM1 (Base: 0x08000000, Size: 0x00013c10, Max: 0x00020000, ABSOLUTE)

    Execution Region ER_IROM1 (Exec base: 0x08000000, Load base: 0x08000000, Size: 0x00013b98, Max: 0x00020000, ABSOLUTE)

    Exec Addr    Load Addr    Size         Type   Attr      Idx    E Section Name        Object

    0x08000000   0x08000000   0x00000258   Data   RO            3    RESET               startup_stm32h503xx.o
    0x08000258   0x08000258   0x00000000   Code   RO         2533  * .ARM.Collect$$$$00000000  mc_w.l(entry.o)
    0x08000258   0x08000258   0x00000004   Code   RO         2815    .ARM.Collect$$$$00000001  mc_w.l(entry2.o)
    0x0800025c   0x0800025c   0x00000004   Code   RO         2818    .ARM.Collect$$$$00000004  mc_w.l(entry5.o)
    0x08000260   0x08000260   0x00000000   Code   RO         2820    .ARM.Collect$$$$00000008  mc_w.l(entry7b.o)
    0x08000260   0x08000260   0x00000000   Code   RO         2822    .ARM.Collect$$$$0000000A  mc_w.l(entry8b.o)
    0x08000260   0x08000260   0x00000008   Code   RO         2823    .ARM.Collect$$$$0000000B  mc_w.l(entry9a.o)
    0x08000268   0x08000268   0x00000000   Code   RO         2825    .ARM.Collect$$$$0000000D  mc_w.l(entry10a.o)
    0x08000268   0x08000268   0x00000000   Code   RO         2827    .ARM.Collect$$$$0000000F  mc_w.l(entry11a.o)
    0x08000268   0x08000268   0x00000004   Code   RO         2816    .ARM.Collect$$$$00002712  mc_w.l(entry2.o)
    0x0800026c   0x0800026c   0x00000028   Code   RO            4    .text               startup_stm32h503xx.o
    0x08000294   0x08000294   0x00000062   Code   RO         2542    .text               mc_w.l(uldiv.o)
    0x080002f6   0x080002f6   0x00000062   Code   RO         2544    .text               mc_w.l(ldiv.o)
    0x08000358   0x08000358   0x00000024   Code   RO         2546    .text               mc_w.l(memcpya.o)
    0x0800037c   0x0800037c   0x00000024   Code   RO         2548    .text               mc_w.l(memseta.o)
    0x080003a0   0x080003a0   0x0000002c   Code   RO         2839    .text               mc_w.l(uidiv.o)
    0x080003cc   0x080003cc   0x0000001e   Code   RO         2841    .text               mc_w.l(llshl.o)
    0x080003ea   0x080003ea   0x00000020   Code   RO         2843    .text               mc_w.l(llushr.o)
    0x0800040a   0x0800040a   0x00000002   PAD
    0x0800040c   0x0800040c   0x00000024   Code   RO         2856    .text               mc_w.l(init.o)
    0x08000430   0x08000430   0x000000c4   Code   RO          162    .text.BSP_COM_Init  custom.o
    0x080004f4   0x080004f4   0x00000004   Code   RO           64    .text.BSP_GetTick   custom_bus.o
    0x080004f8   0x080004f8   0x00000050   Code   RO           48    .text.BSP_I2C1_DeInit  custom_bus.o
    0x08000548   0x08000548   0x000000f2   Code   RO           44    .text.BSP_I2C1_Init  custom_bus.o
    0x0800063a   0x0800063a   0x00000002   PAD
    0x0800063c   0x0800063c   0x00000042   Code   RO           62    .text.BSP_I2C1_Recv  custom_bus.o
    0x0800067e   0x0800067e   0x00000002   PAD
    0x08000680   0x08000680   0x00000042   Code   RO           60    .text.BSP_I2C1_Send  custom_bus.o
    0x080006c2   0x080006c2   0x00000002   PAD
    0x080006c4   0x080006c4   0x00000002   Code   RO           81    .text.BusFault_Handler  stm32h5xx_it.o
    0x080006c6   0x080006c6   0x00000002   PAD
    0x080006c8   0x080006c8   0x0000002c   Code   RO          116    .text.CUSTOM_RANGING_SENSOR_ConfigProfile  custom_ranging_sensor.o
    0x080006f4   0x080006f4   0x0000002c   Code   RO          114    .text.CUSTOM_RANGING_SENSOR_GetCapabilities  custom_ranging_sensor.o
    0x08000720   0x08000720   0x0000002c   Code   RO          122    .text.CUSTOM_RANGING_SENSOR_GetDistance  custom_ranging_sensor.o
    0x0800074c   0x0800074c   0x000000d6   Code   RO          108    .text.CUSTOM_RANGING_SENSOR_Init  custom_ranging_sensor.o
    0x08000822   0x08000822   0x00000002   PAD
    0x08000824   0x08000824   0x0000002c   Code   RO          112    .text.CUSTOM_RANGING_SENSOR_ReadID  custom_ranging_sensor.o
    0x08000850   0x08000850   0x0000002c   Code   RO          124    .text.CUSTOM_RANGING_SENSOR_Start  custom_ranging_sensor.o
    0x0800087c   0x0800087c   0x00000002   Code   RO           87    .text.DebugMon_Handler  stm32h5xx_it.o
    0x0800087e   0x0800087e   0x00000002   PAD
    0x08000880   0x08000880   0x00000006   Code   RO           15    .text.Error_Handler  main.o
    0x08000886   0x08000886   0x00000002   PAD
    0x08000888   0x08000888   0x00000028   Code   RO          865    .text.HAL_Delay     stm32h5xx_hal.o
    0x080008b0   0x080008b0   0x000000fa   Code   RO          647    .text.HAL_GPIO_DeInit  stm32h5xx_hal_gpio.o
    0x080009aa   0x080009aa   0x00000002   PAD
    0x080009ac   0x080009ac   0x0000019a   Code   RO          645    .text.HAL_GPIO_Init  stm32h5xx_hal_gpio.o
    0x08000b46   0x08000b46   0x00000002   PAD
    0x08000b48   0x08000b48   0x0000000c   Code   RO          651    .text.HAL_GPIO_WritePin  stm32h5xx_hal_gpio.o
    0x08000b54   0x08000b54   0x0000000c   Code   RO          857    .text.HAL_GetTick   stm32h5xx_hal.o
    0x08000b60   0x08000b60   0x0000004a   Code   RO          337    .text.HAL_I2CEx_ConfigAnalogFilter  stm32h5xx_hal_i2c_ex.o
    0x08000baa   0x08000baa   0x00000002   PAD
    0x08000bac   0x08000bac   0x00000048   Code   RO          339    .text.HAL_I2CEx_ConfigDigitalFilter  stm32h5xx_hal_i2c_ex.o
    0x08000bf4   0x08000bf4   0x00000036   Code   RO          187    .text.HAL_I2C_DeInit  stm32h5xx_hal_i2c.o
    0x08000c2a   0x08000c2a   0x00000002   PAD
    0x08000c2c   0x08000c2c   0x00000004   Code   RO          313    .text.HAL_I2C_GetError  stm32h5xx_hal_i2c.o
    0x08000c30   0x08000c30   0x00000006   Code   RO          309    .text.HAL_I2C_GetState  stm32h5xx_hal_i2c.o
    0x08000c36   0x08000c36   0x00000002   PAD
    0x08000c38   0x08000c38   0x000000ac   Code   RO          183    .text.HAL_I2C_Init  stm32h5xx_hal_i2c.o
    0x08000ce4   0x08000ce4   0x000001a6   Code   RO          199    .text.HAL_I2C_Master_Receive  stm32h5xx_hal_i2c.o
    0x08000e8a   0x08000e8a   0x00000002   PAD
    0x08000e8c   0x08000e8c   0x000001a2   Code   RO          191    .text.HAL_I2C_Master_Transmit  stm32h5xx_hal_i2c.o
    0x0800102e   0x0800102e   0x00000002   PAD
    0x08001030   0x08001030   0x00000002   Code   RO          189    .text.HAL_I2C_MspDeInit  stm32h5xx_hal_i2c.o
    0x08001032   0x08001032   0x00000002   PAD
    0x08001034   0x08001034   0x00000002   Code   RO          185    .text.HAL_I2C_MspInit  stm32h5xx_hal_i2c.o
    0x08001036   0x08001036   0x00000002   PAD
    0x08001038   0x08001038   0x00000020   Code   RO         1167    .text.HAL_ICACHE_ConfigAssociativityMode  stm32h5xx_hal_icache.o
    0x08001058   0x08001058   0x00000014   Code   RO         1171    .text.HAL_ICACHE_Enable  stm32h5xx_hal_icache.o
    0x0800106c   0x0800106c   0x0000001a   Code   RO          855    .text.HAL_IncTick   stm32h5xx_hal.o
    0x08001086   0x08001086   0x00000002   PAD
    0x08001088   0x08001088   0x0000004c   Code   RO          845    .text.HAL_Init      stm32h5xx_hal.o
    0x080010d4   0x080010d4   0x000000aa   Code   RO          847    .text.HAL_InitTick  stm32h5xx_hal.o
    0x0800117e   0x0800117e   0x00000002   PAD
    0x08001180   0x08001180   0x00000002   Code   RO          100    .text.HAL_MspInit   stm32h5xx_hal_msp.o
    0x08001182   0x08001182   0x00000002   PAD
    0x08001184   0x08001184   0x00000056   Code   RO          793    .text.HAL_NVIC_SetPriority  stm32h5xx_hal_cortex.o
    0x080011da   0x080011da   0x00000002   PAD
    0x080011dc   0x080011dc   0x00000020   Code   RO          791    .text.HAL_NVIC_SetPriorityGrouping  stm32h5xx_hal_cortex.o
    0x080011fc   0x080011fc   0x000001b4   Code   RO          518    .text.HAL_RCCEx_GetPLL1ClockFreq  stm32h5xx_hal_rcc_ex.o
    0x080013b0   0x080013b0   0x000001b4   Code   RO          520    .text.HAL_RCCEx_GetPLL2ClockFreq  stm32h5xx_hal_rcc_ex.o
    0x08001564   0x08001564   0x00000780   Code   RO          522    .text.HAL_RCCEx_GetPeriphCLKFreq  stm32h5xx_hal_rcc_ex.o
    0x08001ce4   0x08001ce4   0x000006c4   Code   RO          512    .text.HAL_RCCEx_PeriphCLKConfig  stm32h5xx_hal_rcc_ex.o
    0x080023a8   0x080023a8   0x0000026e   Code   RO          476    .text.HAL_RCC_ClockConfig  stm32h5xx_hal_rcc.o
    0x08002616   0x08002616   0x00000002   PAD
    0x08002618   0x08002618   0x00000030   Code   RO          474    .text.HAL_RCC_GetHCLKFreq  stm32h5xx_hal_rcc.o
    0x08002648   0x08002648   0x00000046   Code   RO          482    .text.HAL_RCC_GetPCLK1Freq  stm32h5xx_hal_rcc.o
    0x0800268e   0x0800268e   0x00000002   PAD
    0x08002690   0x08002690   0x00000046   Code   RO          484    .text.HAL_RCC_GetPCLK2Freq  stm32h5xx_hal_rcc.o
    0x080026d6   0x080026d6   0x00000002   PAD
    0x080026d8   0x080026d8   0x00000046   Code   RO          486    .text.HAL_RCC_GetPCLK3Freq  stm32h5xx_hal_rcc.o
    0x0800271e   0x0800271e   0x00000002   PAD
    0x08002720   0x08002720   0x0000012c   Code   RO          478    .text.HAL_RCC_GetSysClockFreq  stm32h5xx_hal_rcc.o
    0x0800284c   0x0800284c   0x0000064a   Code   RO          472    .text.HAL_RCC_OscConfig  stm32h5xx_hal_rcc.o
    0x08002e96   0x08002e96   0x00000002   PAD
    0x08002e98   0x08002e98   0x0000008e   Code   RO          817    .text.HAL_SYSTICK_CLKSourceConfig  stm32h5xx_hal_cortex.o
    0x08002f26   0x08002f26   0x00000002   PAD
    0x08002f28   0x08002f28   0x00000024   Code   RO          815    .text.HAL_SYSTICK_Config  stm32h5xx_hal_cortex.o
    0x08002f4c   0x08002f4c   0x00000030   Code   RO          819    .text.HAL_SYSTICK_GetCLKSourceConfig  stm32h5xx_hal_cortex.o
    0x08002f7c   0x08002f7c   0x00000036   Code   RO         1144    .text.HAL_UARTEx_DisableFifoMode  stm32h5xx_hal_uart_ex.o
    0x08002fb2   0x08002fb2   0x00000002   PAD
    0x08002fb4   0x08002fb4   0x0000008c   Code   RO         1148    .text.HAL_UARTEx_SetRxFifoThreshold  stm32h5xx_hal_uart_ex.o
    0x08003040   0x08003040   0x0000008c   Code   RO         1146    .text.HAL_UARTEx_SetTxFifoThreshold  stm32h5xx_hal_uart_ex.o
    0x080030cc   0x080030cc   0x00000068   Code   RO          983    .text.HAL_UART_Init  stm32h5xx_hal_uart.o
    0x08003134   0x08003134   0x00000002   Code   RO          985    .text.HAL_UART_MspInit  stm32h5xx_hal_uart.o
    0x08003136   0x08003136   0x00000002   PAD
    0x08003138   0x08003138   0x000001a0   Code   RO         1003    .text.HAL_UART_Transmit  stm32h5xx_hal_uart.o
    0x080032d8   0x080032d8   0x00000002   Code   RO           77    .text.HardFault_Handler  stm32h5xx_it.o
    0x080032da   0x080032da   0x00000002   PAD
    0x080032dc   0x080032dc   0x00000160   Code   RO          327    .text.I2C_IsErrorOccurred  stm32h5xx_hal_i2c.o
    0x0800343c   0x0800343c   0x00000102   Code   RO          193    .text.I2C_WaitOnFlagUntilTimeout  stm32h5xx_hal_i2c.o
    0x0800353e   0x0800353e   0x00000002   PAD
    0x08003540   0x08003540   0x000000d2   Code   RO          201    .text.I2C_WaitOnRXNEFlagUntilTimeout  stm32h5xx_hal_i2c.o
    0x08003612   0x08003612   0x00000002   PAD
    0x08003614   0x08003614   0x00000080   Code   RO          197    .text.I2C_WaitOnSTOPFlagUntilTimeout  stm32h5xx_hal_i2c.o
    0x08003694   0x08003694   0x000000ac   Code   RO          195    .text.I2C_WaitOnTXISFlagUntilTimeout  stm32h5xx_hal_i2c.o
    0x08003740   0x08003740   0x0000005c   Code   RO           25    .text.MX_GPIO_Init  gpio.o
    0x0800379c   0x0800379c   0x0000004e   Code   RO           46    .text.MX_I2C1_Init  custom_bus.o
    0x080037ea   0x080037ea   0x00000002   PAD
    0x080037ec   0x080037ec   0x00000022   Code   RO           35    .text.MX_ICACHE_Init  icache.o
    0x0800380e   0x0800380e   0x00000002   PAD
    0x08003810   0x08003810   0x00000074   Code   RO          146    .text.MX_TOF_Init   app_tof.o
    0x08003884   0x08003884   0x00000194   Code   RO          148    .text.MX_TOF_Process  app_tof.o
    0x08003a18   0x08003a18   0x0000005c   Code   RO          164    .text.MX_USART1_UART_Init  custom.o
    0x08003a74   0x08003a74   0x00000002   Code   RO           79    .text.MemManage_Handler  stm32h5xx_it.o
    0x08003a76   0x08003a76   0x00000002   PAD
    0x08003a78   0x08003a78   0x00000002   Code   RO           75    .text.NMI_Handler   stm32h5xx_it.o
    0x08003a7a   0x08003a7a   0x00000002   PAD
    0x08003a7c   0x08003a7c   0x00000002   Code   RO           89    .text.PendSV_Handler  stm32h5xx_it.o
    0x08003a7e   0x08003a7e   0x00000002   PAD
    0x08003a80   0x08003a80   0x000000f0   Code   RO          514    .text.RCCEx_PLL2_Config  stm32h5xx_hal_rcc_ex.o
    0x08003b70   0x08003b70   0x00000002   Code   RO           85    .text.SVC_Handler   stm32h5xx_it.o
    0x08003b72   0x08003b72   0x00000002   PAD
    0x08003b74   0x08003b74   0x000000e4   Code   RO         1256    .text.SetPresetMode  vl53l1_api.o
    0x08003c58   0x08003c58   0x00000004   Code   RO           91    .text.SysTick_Handler  stm32h5xx_it.o
    0x08003c5c   0x08003c5c   0x000000c6   Code   RO           13    .text.SystemClock_Config  main.o
    0x08003d22   0x08003d22   0x00000002   PAD
    0x08003d24   0x08003d24   0x000000a8   Code   RO         1209    .text.SystemInit    system_stm32h5xx.o
    0x08003dcc   0x08003dcc   0x000000e8   Code   RO          987    .text.UART_AdvFeatureConfig  stm32h5xx_hal_uart.o
    0x08003eb4   0x08003eb4   0x0000016e   Code   RO          991    .text.UART_CheckIdleState  stm32h5xx_hal_uart.o
    0x08004022   0x08004022   0x00000002   PAD
    0x08004024   0x08004024   0x000001ae   Code   RO          989    .text.UART_SetConfig  stm32h5xx_hal_uart.o
    0x080041d2   0x080041d2   0x00000002   PAD
    0x080041d4   0x080041d4   0x00000350   Code   RO         1005    .text.UART_WaitOnFlagUntilTimeout  stm32h5xx_hal_uart.o
    0x08004524   0x08004524   0x00000002   Code   RO           83    .text.UsageFault_Handler  stm32h5xx_it.o
    0x08004526   0x08004526   0x00000002   PAD
    0x08004528   0x08004528   0x00000076   Code   RO         1763    .text.V53L1_init_zone_dss_configs  vl53l1_core.o
    0x0800459e   0x0800459e   0x00000002   PAD
    0x080045a0   0x080045a0   0x0000008a   Code   RO         1761    .text.V53L1_init_zone_results_structure  vl53l1_core.o
    0x0800462a   0x0800462a   0x00000002   PAD
    0x0800462c   0x0800462c   0x00000006   Code   RO         2502    .text.VL53L1CB_ConfigIT  vl53l1cb.o
    0x08004632   0x08004632   0x00000002   PAD
    0x08004634   0x08004634   0x00000062   Code   RO         2498    .text.VL53L1CB_ConfigProfile  vl53l1cb.o
    0x08004696   0x08004696   0x00000002   PAD
    0x08004698   0x08004698   0x00000038   Code   RO         2500    .text.VL53L1CB_ConfigROI  vl53l1cb.o
    0x080046d0   0x080046d0   0x00000024   Code   RO         2492    .text.VL53L1CB_DeInit  vl53l1cb.o
    0x080046f4   0x080046f4   0x00000018   Code   RO         2512    .text.VL53L1CB_GetAddress  vl53l1cb.o
    0x0800470c   0x0800470c   0x00000020   Code   RO         2496    .text.VL53L1CB_GetCapabilities  vl53l1cb.o
    0x0800472c   0x0800472c   0x00000840   Code   RO         2504    .text.VL53L1CB_GetDistance  vl53l1cb.o
    0x08004f6c   0x08004f6c   0x00000006   Code   RO         2516    .text.VL53L1CB_GetPowerMode  vl53l1cb.o
    0x08004f72   0x08004f72   0x00000002   PAD
    0x08004f74   0x08004f74   0x00000048   Code   RO         2490    .text.VL53L1CB_Init  vl53l1cb.o
    0x08004fbc   0x08004fbc   0x0000002c   Code   RO         2494    .text.VL53L1CB_ReadID  vl53l1cb.o
    0x08004fe8   0x08004fe8   0x00000038   Code   RO         2518    .text.VL53L1CB_RegisterBusIO  vl53l1cb.o
    0x08005020   0x08005020   0x00000024   Code   RO         2510    .text.VL53L1CB_SetAddress  vl53l1cb.o
    0x08005044   0x08005044   0x00000006   Code   RO         2514    .text.VL53L1CB_SetPowerMode  vl53l1cb.o
    0x0800504a   0x0800504a   0x00000002   PAD
    0x0800504c   0x0800504c   0x00000070   Code   RO         2506    .text.VL53L1CB_Start  vl53l1cb.o
    0x080050bc   0x080050bc   0x0000002c   Code   RO         2508    .text.VL53L1CB_Stop  vl53l1cb.o
    0x080050e8   0x080050e8   0x00000006   Code   RO         1314    .text.VL53L1_ClearInterruptAndStartMeasurement  vl53l1_api.o
    0x080050ee   0x080050ee   0x00000002   PAD
    0x080050f0   0x080050f0   0x00000050   Code   RO         1242    .text.VL53L1_DataInit  vl53l1_api.o
    0x08005140   0x08005140   0x00000004   Code   RO         1316    .text.VL53L1_GetMeasurementDataReady  vl53l1_api.o
    0x08005144   0x08005144   0x000000fc   Code   RO         1272    .text.VL53L1_GetMeasurementTimingBudgetMicroSeconds  vl53l1_api.o
    0x08005240   0x08005240   0x000008d2   Code   RO         1322    .text.VL53L1_GetMultiRangingData  vl53l1_api.o
    0x08005b12   0x08005b12   0x00000002   PAD
    0x08005b14   0x08005b14   0x0000012a   Code   RO         1330    .text.VL53L1_PerformRefSpadManagement  vl53l1_api.o
    0x08005c3e   0x08005c3e   0x00000002   PAD
    0x08005c40   0x08005c40   0x0000003a   Code   RO         2443    .text.VL53L1_RdByte  vl53l1_platform.o
    0x08005c7a   0x08005c7a   0x00000002   PAD
    0x08005c7c   0x08005c7c   0x00000046   Code   RO         2445    .text.VL53L1_RdWord  vl53l1_platform.o
    0x08005cc2   0x08005cc2   0x00000002   PAD
    0x08005cc4   0x08005cc4   0x0000003a   Code   RO         2433    .text.VL53L1_ReadMulti  vl53l1_platform.o
    0x08005cfe   0x08005cfe   0x00000002   PAD
    0x08005d00   0x08005d00   0x00000014   Code   RO         1240    .text.VL53L1_SetDeviceAddress  vl53l1_api.o
    0x08005d14   0x08005d14   0x00000096   Code   RO         1250    .text.VL53L1_SetDistanceMode  vl53l1_api.o
    0x08005daa   0x08005daa   0x00000002   PAD
    0x08005dac   0x08005dac   0x0000014c   Code   RO         1258    .text.VL53L1_SetMeasurementTimingBudgetMicroSeconds  vl53l1_api.o
    0x08005ef8   0x08005ef8   0x000000ae   Code   RO         1300    .text.VL53L1_SetROI  vl53l1_api.o
    0x08005fa6   0x08005fa6   0x00000002   PAD
    0x08005fa8   0x08005fa8   0x000000ee   Code   RO         1310    .text.VL53L1_StartMeasurement  vl53l1_api.o
    0x08006096   0x08006096   0x00000002   PAD
    0x08006098   0x08006098   0x000000b6   Code   RO         1246    .text.VL53L1_StaticInit  vl53l1_api.o
    0x0800614e   0x0800614e   0x00000002   PAD
    0x08006150   0x08006150   0x00000028   Code   RO         1312    .text.VL53L1_StopMeasurement  vl53l1_api.o
    0x08006178   0x08006178   0x00000008   Code   RO         1254    .text.VL53L1_WaitDeviceBooted  vl53l1_api.o
    0x08006180   0x08006180   0x0000001a   Code   RO         2453    .text.VL53L1_WaitMs  vl53l1_platform.o
    0x0800619a   0x0800619a   0x00000002   PAD
    0x0800619c   0x0800619c   0x0000002a   Code   RO         2455    .text.VL53L1_WaitUs  vl53l1_platform.o
    0x080061c6   0x080061c6   0x00000002   PAD
    0x080061c8   0x080061c8   0x000001a2   Code   RO         2457    .text.VL53L1_WaitValueMaskEx  vl53l1_platform.o
    0x0800636a   0x0800636a   0x00000002   PAD
    0x0800636c   0x0800636c   0x0000002c   Code   RO         2435    .text.VL53L1_WrByte  vl53l1_platform.o
    0x08006398   0x08006398   0x00000030   Code   RO         2437    .text.VL53L1_WrWord  vl53l1_platform.o
    0x080063c8   0x080063c8   0x00000044   Code   RO         2431    .text.VL53L1_WriteMulti  vl53l1_platform.o
    0x0800640c   0x0800640c   0x00000008   Code   RO         1819    .text.VL53L1_calc_crosstalk_plane_offset_with_margin  vl53l1_core.o
    0x08006414   0x08006414   0x0000001c   Code   RO         1821    .text.VL53L1_calc_decoded_timeout_us  vl53l1_core.o
    0x08006430   0x08006430   0x00000020   Code   RO         1807    .text.VL53L1_calc_macro_period_us  vl53l1_core.o
    0x08006450   0x08006450   0x00000146   Code   RO         1875    .text.VL53L1_calc_max_effective_spads  vl53l1_core.o
    0x08006596   0x08006596   0x00000002   PAD
    0x08006598   0x08006598   0x00000202   Code   RO         1849    .text.VL53L1_calc_mm_effective_spads  vl53l1_core.o
    0x0800679a   0x0800679a   0x00000002   PAD
    0x0800679c   0x0800679c   0x00000022   Code   RO         1959    .text.VL53L1_calc_pll_period_mm  vl53l1_core_support.o
    0x080067be   0x080067be   0x00000002   PAD
    0x080067c0   0x080067c0   0x00000010   Code   RO         1941    .text.VL53L1_calc_pll_period_us  vl53l1_core_support.o
    0x080067d0   0x080067d0   0x00000064   Code   RO         1809    .text.VL53L1_calc_range_ignore_threshold  vl53l1_core.o
    0x08006834   0x08006834   0x00000268   Code   RO         1825    .text.VL53L1_calc_timeout_register_values  vl53l1_core.o
    0x08006a9c   0x08006a9c   0x00000012   Code   RO         1817    .text.VL53L1_calc_timeout_us  vl53l1_core.o
    0x08006aae   0x08006aae   0x00000002   PAD
    0x08006ab0   0x08006ab0   0x000000a6   Code   RO         1753    .text.VL53L1_check_ll_driver_rd_state  vl53l1_core.o
    0x08006b56   0x08006b56   0x00000002   PAD
    0x08006b58   0x08006b58   0x0000000e   Code   RO         1803    .text.VL53L1_clear_interrupt  vl53l1_core.o
    0x08006b66   0x08006b66   0x00000002   PAD
    0x08006b68   0x08006b68   0x00000006   Code   RO         1542    .text.VL53L1_clear_interrupt_and_enable_next_range  vl53l1_api_core.o
    0x08006b6e   0x08006b6e   0x00000002   PAD
    0x08006b70   0x08006b70   0x0000003e   Code   RO         1911    .text.VL53L1_compute_histo_merge_nb  vl53l1_core.o
    0x08006bae   0x08006bae   0x00000002   PAD
    0x08006bb0   0x08006bb0   0x00000204   Code   RO         1931    .text.VL53L1_compute_nb_frame_in_buffer  vl53l1_core.o
    0x08006db4   0x08006db4   0x0000000e   Code   RO         1925    .text.VL53L1_config_low_power_auto_mode  vl53l1_core.o
    0x08006dc2   0x08006dc2   0x00000002   PAD
    0x08006dc4   0x08006dc4   0x00000050   Code   RO         1716    .text.VL53L1_copy_hist_bins_to_static_cfg  vl53l1_api_preset_modes.o
    0x08006e14   0x08006e14   0x000000a2   Code   RO         1757    .text.VL53L1_copy_rtn_good_spads_to_buffer  vl53l1_core.o
    0x08006eb6   0x08006eb6   0x00000002   PAD
    0x08006eb8   0x08006eb8   0x0000017a   Code   RO         1540    .text.VL53L1_copy_sys_and_core_results_to_range_results  vl53l1_api_core.o
    0x08007032   0x08007032   0x00000002   PAD
    0x08007034   0x08007034   0x0000002c   Code   RO         1967    .text.VL53L1_copy_xtalk_bin_data_to_histogram_data_struct  vl53l1_core_support.o
    0x08007060   0x08007060   0x00000454   Code   RO         1416    .text.VL53L1_data_init  vl53l1_api_core.o
    0x080074b4   0x080074b4   0x00000026   Code   RO         1971    .text.VL53L1_decode_row_col  vl53l1_core_support.o
    0x080074da   0x080074da   0x00000002   PAD
    0x080074dc   0x080074dc   0x0000000c   Code   RO         1823    .text.VL53L1_decode_timeout  vl53l1_core.o
    0x080074e8   0x080074e8   0x0000000a   Code   RO         1951    .text.VL53L1_decode_vcsel_period  vl53l1_core_support.o
    0x080074f2   0x080074f2   0x00000002   PAD
    0x080074f4   0x080074f4   0x0000000e   Code   RO         1795    .text.VL53L1_disable_firmware  vl53l1_core.o
    0x08007502   0x08007502   0x00000002   PAD
    0x08007504   0x08007504   0x0000000e   Code   RO         1801    .text.VL53L1_disable_powerforce  vl53l1_core.o
    0x08007512   0x08007512   0x00000002   PAD
    0x08007514   0x08007514   0x00000028   Code   RO         1943    .text.VL53L1_duration_maths  vl53l1_core_support.o
    0x0800753c   0x0800753c   0x0000000e   Code   RO         1582    .text.VL53L1_dynamic_xtalk_correction_apply_disable  vl53l1_api_core.o
    0x0800754a   0x0800754a   0x00000002   PAD
    0x0800754c   0x0800754c   0x00000238   Code   RO         1909    .text.VL53L1_dynamic_xtalk_correction_calc_new_xtalk  vl53l1_core.o
    0x08007784   0x08007784   0x000005c6   Code   RO         1913    .text.VL53L1_dynamic_xtalk_correction_corrector  vl53l1_core.o
    0x08007d4a   0x08007d4a   0x00000002   PAD
    0x08007d4c   0x08007d4c   0x000000aa   Code   RO         1917    .text.VL53L1_dynamic_xtalk_correction_data_init  vl53l1_core.o
    0x08007df6   0x08007df6   0x00000002   PAD
    0x08007df8   0x08007df8   0x0000000e   Code   RO         1578    .text.VL53L1_dynamic_xtalk_correction_disable  vl53l1_api_core.o
    0x08007e06   0x08007e06   0x00000002   PAD
    0x08007e08   0x08007e08   0x0000000e   Code   RO         1586    .text.VL53L1_dynamic_xtalk_correction_single_apply_disable  vl53l1_api_core.o
    0x08007e16   0x08007e16   0x00000002   PAD
    0x08007e18   0x08007e18   0x00000104   Code   RO         1885    .text.VL53L1_dynamic_zone_update  vl53l1_core.o
    0x08007f1c   0x08007f1c   0x0000000e   Code   RO         1793    .text.VL53L1_enable_firmware  vl53l1_core.o
    0x08007f2a   0x08007f2a   0x00000002   PAD
    0x08007f2c   0x08007f2c   0x0000000e   Code   RO         1799    .text.VL53L1_enable_powerforce  vl53l1_core.o
    0x08007f3a   0x08007f3a   0x00000002   PAD
    0x08007f3c   0x08007f3c   0x00000014   Code   RO         1865    .text.VL53L1_encode_row_col  vl53l1_core.o
    0x08007f50   0x08007f50   0x00000008   Code   RO         1869    .text.VL53L1_encode_zone_size  vl53l1_core.o
    0x08007f58   0x08007f58   0x00000042   Code   RO         1945    .text.VL53L1_events_per_spad_maths  vl53l1_core_support.o
    0x08007f9a   0x08007f9a   0x00000002   PAD
    0x08007f9c   0x08007f9c   0x00000260   Code   RO         1983    .text.VL53L1_f_001  vl53l1_dmax.o
    0x080081fc   0x080081fc   0x0000035e   Code   RO         2077    .text.VL53L1_f_004  vl53l1_hist_core.o
    0x0800855a   0x0800855a   0x00000002   PAD
    0x0800855c   0x0800855c   0x000000a4   Code   RO         2071    .text.VL53L1_f_011  vl53l1_hist_core.o
    0x08008600   0x08008600   0x00000054   Code   RO         2073    .text.VL53L1_f_012  vl53l1_hist_core.o
    0x08008654   0x08008654   0x00000062   Code   RO         2069    .text.VL53L1_f_013  vl53l1_hist_core.o
    0x080086b6   0x080086b6   0x00000002   PAD
    0x080086b8   0x080086b8   0x00000218   Code   RO         2330    .text.VL53L1_f_014  vl53l1_sigma_estimate.o
    0x080088d0   0x080088d0   0x0000006c   Code   RO         2005    .text.VL53L1_f_016  vl53l1_hist_algos_gen3.o
    0x0800893c   0x0800893c   0x00000174   Code   RO         2007    .text.VL53L1_f_018  vl53l1_hist_algos_gen3.o
    0x08008ab0   0x08008ab0   0x000001f6   Code   RO         2009    .text.VL53L1_f_019  vl53l1_hist_algos_gen3.o
    0x08008ca6   0x08008ca6   0x00000002   PAD
    0x08008ca8   0x08008ca8   0x00000080   Code   RO         2011    .text.VL53L1_f_020  vl53l1_hist_algos_gen3.o
    0x08008d28   0x08008d28   0x000000d6   Code   RO         2013    .text.VL53L1_f_021  vl53l1_hist_algos_gen3.o
    0x08008dfe   0x08008dfe   0x00000002   PAD
    0x08008e00   0x08008e00   0x000000fa   Code   RO         2017    .text.VL53L1_f_022  vl53l1_hist_algos_gen3.o
    0x08008efa   0x08008efa   0x00000002   PAD
    0x08008efc   0x08008efc   0x00000066   Code   RO         2023    .text.VL53L1_f_023  vl53l1_hist_algos_gen3.o
    0x08008f62   0x08008f62   0x00000002   PAD
    0x08008f64   0x08008f64   0x000000cc   Code   RO         2025    .text.VL53L1_f_026  vl53l1_hist_algos_gen3.o
    0x08009030   0x08009030   0x000002ba   Code   RO         2019    .text.VL53L1_f_027  vl53l1_hist_algos_gen3.o
    0x080092ea   0x080092ea   0x00000002   PAD
    0x080092ec   0x080092ec   0x00000948   Code   RO         2015    .text.VL53L1_f_028  vl53l1_hist_algos_gen3.o
    0x08009c34   0x08009c34   0x000000ba   Code   RO         2027    .text.VL53L1_f_029  vl53l1_hist_algos_gen3.o
    0x08009cee   0x08009cee   0x00000002   PAD
    0x08009cf0   0x08009cf0   0x000002e4   Code   RO         2039    .text.VL53L1_f_033  vl53l1_hist_algos_gen4.o
    0x08009fd4   0x08009fd4   0x00000098   Code   RO         2041    .text.VL53L1_f_034  vl53l1_hist_algos_gen4.o
    0x0800a06c   0x0800a06c   0x00000170   Code   RO         2043    .text.VL53L1_f_035  vl53l1_hist_algos_gen4.o
    0x0800a1dc   0x0800a1dc   0x000003c4   Code   RO         2081    .text.VL53L1_f_039  vl53l1_hist_core.o
    0x0800a5a0   0x0800a5a0   0x000000fa   Code   RO         2399    .text.VL53L1_f_040  vl53l1_xtalk.o
    0x0800a69a   0x0800a69a   0x00000002   PAD
    0x0800a69c   0x0800a69c   0x00000170   Code   RO         2401    .text.VL53L1_f_041  vl53l1_xtalk.o
    0x0800a80c   0x0800a80c   0x00000060   Code   RO         2160    .text.VL53L1_get_customer_nvm_managed  vl53l1_register_funcs.o
    0x0800a86c   0x0800a86c   0x0000091a   Code   RO         1534    .text.VL53L1_get_device_results  vl53l1_api_core.o
    0x0800b186   0x0800b186   0x00000002   PAD
    0x0800b188   0x0800b188   0x000025f2   Code   RO         1536    .text.VL53L1_get_histogram_bin_data  vl53l1_api_core.o
    0x0800d77a   0x0800d77a   0x00000002   PAD
    0x0800d77c   0x0800d77c   0x0000001e   Code   RO         1432    .text.VL53L1_get_inter_measurement_period_ms  vl53l1_api_core.o
    0x0800d79a   0x0800d79a   0x00000002   PAD
    0x0800d79c   0x0800d79c   0x0000000a   Code   RO         1502    .text.VL53L1_get_lite_min_count_rate  vl53l1_api_core.o
    0x0800d7a6   0x0800d7a6   0x00000002   PAD
    0x0800d7a8   0x0800d7a8   0x0000000a   Code   RO         1498    .text.VL53L1_get_lite_sigma_threshold  vl53l1_api_core.o
    0x0800d7b2   0x0800d7b2   0x00000002   PAD
    0x0800d7b4   0x0800d7b4   0x0000002c   Code   RO         2232    .text.VL53L1_get_nvm_copy_data  vl53l1_register_funcs.o
    0x0800d7e0   0x0800d7e0   0x00000110   Code   RO         1466    .text.VL53L1_get_preset_mode_timing_cfg  vl53l1_api_core.o
    0x0800d8f0   0x0800d8f0   0x0000002c   Code   RO         1444    .text.VL53L1_get_sequence_config_bit  vl53l1_api_core.o
    0x0800d91c   0x0800d91c   0x00000078   Code   RO         2152    .text.VL53L1_get_static_nvm_managed  vl53l1_register_funcs.o
    0x0800d994   0x0800d994   0x0000006c   Code   RO         1436    .text.VL53L1_get_timeouts_us  vl53l1_api_core.o
    0x0800da00   0x0800da00   0x000007b8   Code   RO         1408    .text.VL53L1_get_tuning_parm  vl53l1_api_core.o
    0x0800e1b8   0x0800e1b8   0x00000014   Code   RO         1464    .text.VL53L1_get_zone_config  vl53l1_api_core.o
    0x0800e1cc   0x0800e1cc   0x0000003c   Code   RO         1949    .text.VL53L1_hist_calc_zero_distance_phase  vl53l1_core_support.o
    0x0800e208   0x0800e208   0x000000ac   Code   RO         1847    .text.VL53L1_hist_combine_mm1_mm2_offsets  vl53l1_core.o
    0x0800e2b4   0x0800e2b4   0x00000098   Code   RO         1833    .text.VL53L1_hist_copy_and_scale_ambient_info  vl53l1_core.o
    0x0800e34c   0x0800e34c   0x00000122   Code   RO         1877    .text.VL53L1_hist_copy_results_to_sys_and_core  vl53l1_core.o
    0x0800e46e   0x0800e46e   0x00000002   PAD
    0x0800e470   0x0800e470   0x000000b4   Code   RO         1973    .text.VL53L1_hist_estimate_ambient_from_ambient_bins  vl53l1_core_support.o
    0x0800e524   0x0800e524   0x000002ec   Code   RO         1953    .text.VL53L1_hist_estimate_ambient_from_thresholded_bins  vl53l1_core_support.o
    0x0800e810   0x0800e810   0x0000013e   Code   RO         1839    .text.VL53L1_hist_events_consistency_check  vl53l1_core.o
    0x0800e94e   0x0800e94e   0x00000002   PAD
    0x0800e950   0x0800e950   0x0000018a   Code   RO         1835    .text.VL53L1_hist_get_bin_sequence_config  vl53l1_core.o
    0x0800eada   0x0800eada   0x00000002   PAD
    0x0800eadc   0x0800eadc   0x0000044c   Code   RO         1837    .text.VL53L1_hist_phase_consistency_check  vl53l1_core.o
    0x0800ef28   0x0800ef28   0x000001ce   Code   RO         2091    .text.VL53L1_hist_process_data  vl53l1_hist_funcs.o
    0x0800f0f6   0x0800f0f6   0x00000002   PAD
    0x0800f0f8   0x0800f0f8   0x000001aa   Code   RO         1957    .text.VL53L1_hist_remove_ambient_bins  vl53l1_core_support.o
    0x0800f2a2   0x0800f2a2   0x00000002   PAD
    0x0800f2a4   0x0800f2a4   0x0000002e   Code   RO         1845    .text.VL53L1_hist_wrap_dmax  vl53l1_core.o
    0x0800f2d2   0x0800f2d2   0x00000002   PAD
    0x0800f2d4   0x0800f2d4   0x00000066   Code   RO         1843    .text.VL53L1_hist_xmonitor_consistency_check  vl53l1_core.o
    0x0800f33a   0x0800f33a   0x00000002   PAD
    0x0800f33c   0x0800f33c   0x0000007c   Code   RO         2212    .text.VL53L1_i2c_decode_core_results  vl53l1_register_funcs.o
    0x0800f3b8   0x0800f3b8   0x000000a0   Code   RO         2156    .text.VL53L1_i2c_decode_customer_nvm_managed  vl53l1_register_funcs.o
    0x0800f458   0x0800f458   0x000001b6   Code   RO         2220    .text.VL53L1_i2c_decode_debug_results  vl53l1_register_funcs.o
    0x0800f60e   0x0800f60e   0x00000002   PAD
    0x0800f610   0x0800f610   0x00000098   Code   RO         1777    .text.VL53L1_i2c_decode_int16_t  vl53l1_core.o
    0x0800f6a8   0x0800f6a8   0x00000080   Code   RO         1787    .text.VL53L1_i2c_decode_int32_t  vl53l1_core.o
    0x0800f728   0x0800f728   0x0000014e   Code   RO         2228    .text.VL53L1_i2c_decode_nvm_copy_data  vl53l1_register_funcs.o
    0x0800f876   0x0800f876   0x00000002   PAD
    0x0800f878   0x0800f878   0x00000122   Code   RO         2204    .text.VL53L1_i2c_decode_system_results  vl53l1_register_funcs.o
    0x0800f99a   0x0800f99a   0x00000002   PAD
    0x0800f99c   0x0800f99c   0x00000072   Code   RO         1773    .text.VL53L1_i2c_decode_uint16_t  vl53l1_core.o
    0x0800fa0e   0x0800fa0e   0x00000002   PAD
    0x0800fa10   0x0800fa10   0x0000005a   Code   RO         1781    .text.VL53L1_i2c_decode_uint32_t  vl53l1_core.o
    0x0800fa6a   0x0800fa6a   0x00000002   PAD
    0x0800fa6c   0x0800fa6c   0x000000a8   Code   RO         2154    .text.VL53L1_i2c_encode_customer_nvm_managed  vl53l1_register_funcs.o
    0x0800fb14   0x0800fb14   0x0000008a   Code   RO         2186    .text.VL53L1_i2c_encode_dynamic_config  vl53l1_register_funcs.o
    0x0800fb9e   0x0800fb9e   0x00000002   PAD
    0x0800fba0   0x0800fba0   0x00000090   Code   RO         2170    .text.VL53L1_i2c_encode_general_config  vl53l1_register_funcs.o
    0x0800fc30   0x0800fc30   0x0000006c   Code   RO         1775    .text.VL53L1_i2c_encode_int16_t  vl53l1_core.o
    0x0800fc9c   0x0800fc9c   0x000000e2   Code   RO         2162    .text.VL53L1_i2c_encode_static_config  vl53l1_register_funcs.o
    0x0800fd7e   0x0800fd7e   0x00000002   PAD
    0x0800fd80   0x0800fd80   0x0000006a   Code   RO         2146    .text.VL53L1_i2c_encode_static_nvm_managed  vl53l1_register_funcs.o
    0x0800fdea   0x0800fdea   0x00000002   PAD
    0x0800fdec   0x0800fdec   0x00000034   Code   RO         2194    .text.VL53L1_i2c_encode_system_control  vl53l1_register_funcs.o
    0x0800fe20   0x0800fe20   0x0000008c   Code   RO         2178    .text.VL53L1_i2c_encode_timing_config  vl53l1_register_funcs.o
    0x0800feac   0x0800feac   0x00000076   Code   RO         1771    .text.VL53L1_i2c_encode_uint16_t  vl53l1_core.o
    0x0800ff22   0x0800ff22   0x00000002   PAD
    0x0800ff24   0x0800ff24   0x00000066   Code   RO         1779    .text.VL53L1_i2c_encode_uint32_t  vl53l1_core.o
    0x0800ff8a   0x0800ff8a   0x00000002   PAD
    0x0800ff8c   0x0800ff8c   0x00000252   Code   RO         1526    .text.VL53L1_init_and_start_range  vl53l1_api_core.o
    0x080101de   0x080101de   0x00000002   PAD
    0x080101e0   0x080101e0   0x00000038   Code   RO         1640    .text.VL53L1_init_hist_gen3_dmax_config_struct  vl53l1_api_preset_modes.o
    0x08010218   0x08010218   0x00000074   Code   RO         1634    .text.VL53L1_init_hist_post_process_config_struct  vl53l1_api_preset_modes.o
    0x0801028c   0x0801028c   0x00000150   Code   RO         1969    .text.VL53L1_init_histogram_bin_data_struct  vl53l1_core_support.o
    0x080103dc   0x080103dc   0x0000009a   Code   RO         1765    .text.VL53L1_init_histogram_config_structure  vl53l1_core.o
    0x08010476   0x08010476   0x00000002   PAD
    0x08010478   0x08010478   0x00000094   Code   RO         1767    .text.VL53L1_init_histogram_multizone_config_structure  vl53l1_core.o
    0x0801050c   0x0801050c   0x00000026   Code   RO         1747    .text.VL53L1_init_ll_driver_state  vl53l1_core.o
    0x08010532   0x08010532   0x00000002   PAD
    0x08010534   0x08010534   0x00000024   Code   RO         1630    .text.VL53L1_init_offset_cal_config_struct  vl53l1_api_preset_modes.o
    0x08010558   0x08010558   0x00000022   Code   RO         1622    .text.VL53L1_init_refspadchar_config_struct  vl53l1_api_preset_modes.o
    0x0801057a   0x0801057a   0x00000002   PAD
    0x0801057c   0x0801057c   0x0000001a   Code   RO         1624    .text.VL53L1_init_ssc_config_struct  vl53l1_api_preset_modes.o
    0x08010596   0x08010596   0x00000002   PAD
    0x08010598   0x08010598   0x000001ce   Code   RO         1638    .text.VL53L1_init_tuning_parm_storage_struct  vl53l1_api_preset_modes.o
    0x08010766   0x08010766   0x00000002   PAD
    0x08010768   0x08010768   0x00000016   Code   RO         1745    .text.VL53L1_init_version  vl53l1_core.o
    0x0801077e   0x0801077e   0x00000002   PAD
    0x08010780   0x08010780   0x00000098   Code   RO         1769    .text.VL53L1_init_xtalk_bin_data_struct  vl53l1_core.o
    0x08010818   0x08010818   0x00000062   Code   RO         1626    .text.VL53L1_init_xtalk_config_struct  vl53l1_api_preset_modes.o
    0x0801087a   0x0801087a   0x00000002   PAD
    0x0801087c   0x0801087c   0x0000003a   Code   RO         1628    .text.VL53L1_init_xtalk_extract_config_struct  vl53l1_api_preset_modes.o
    0x080108b6   0x080108b6   0x00000002   PAD
    0x080108b8   0x080108b8   0x00000026   Code   RO         1632    .text.VL53L1_init_zone_cal_config_struct  vl53l1_api_preset_modes.o
    0x080108de   0x080108de   0x00000002   PAD
    0x080108e0   0x080108e0   0x00000012   Code   RO         2415    .text.VL53L1_init_zone_config_histogram_bins  vl53l1_zone_presets.o
    0x080108f2   0x080108f2   0x00000002   PAD
    0x080108f4   0x080108f4   0x000001c0   Code   RO         2413    .text.VL53L1_init_zone_config_structure  vl53l1_zone_presets.o
    0x08010ab4   0x08010ab4   0x00000028   Code   RO         2471    .text.VL53L1_ipp_hist_process_data  vl53l1_platform_ipp.o
    0x08010adc   0x08010adc   0x0000002c   Code   RO         2367    .text.VL53L1_is_new_data_ready  vl53l1_wait.o
    0x08010b08   0x08010b08   0x0000008e   Code   RO         1947    .text.VL53L1_isqrt  vl53l1_core_support.o
    0x08010b96   0x08010b96   0x00000002   PAD
    0x08010b98   0x08010b98   0x000000f0   Code   RO         1406    .text.VL53L1_load_patch  vl53l1_api_core.o
    0x08010c88   0x08010c88   0x00000024   Code   RO         1921    .text.VL53L1_low_power_auto_data_init  vl53l1_core.o
    0x08010cac   0x08010cac   0x00000034   Code   RO         1923    .text.VL53L1_low_power_auto_data_stop_range  vl53l1_core.o
    0x08010ce0   0x08010ce0   0x0000004a   Code   RO         1927    .text.VL53L1_low_power_auto_setup_manual_calibration  vl53l1_core.o
    0x08010d2a   0x08010d2a   0x00000002   PAD
    0x08010d2c   0x08010d2c   0x0000009e   Code   RO         1887    .text.VL53L1_multizone_hist_bins_update  vl53l1_core.o
    0x08010dca   0x08010dca   0x00000002   PAD
    0x08010dcc   0x08010dcc   0x00000162   Code   RO         2113    .text.VL53L1_nvm_decode_cal_peak_rate_map  vl53l1_nvm.o
    0x08010f2e   0x08010f2e   0x00000002   PAD
    0x08010f30   0x08010f30   0x0000006c   Code   RO         2103    .text.VL53L1_nvm_enable  vl53l1_nvm.o
    0x08010f9c   0x08010f9c   0x00000078   Code   RO         2105    .text.VL53L1_nvm_read  vl53l1_nvm.o
    0x08011014   0x08011014   0x00000042   Code   RO         2353    .text.VL53L1_poll_for_boot_completion  vl53l1_wait.o
    0x08011056   0x08011056   0x00000002   PAD
    0x08011058   0x08011058   0x00000030   Code   RO         1700    .text.VL53L1_preset_mode_histogram_characterisation  vl53l1_api_preset_modes.o
    0x08011088   0x08011088   0x00000130   Code   RO         1680    .text.VL53L1_preset_mode_histogram_long_range  vl53l1_api_preset_modes.o
    0x080111b8   0x080111b8   0x000000e4   Code   RO         1682    .text.VL53L1_preset_mode_histogram_long_range_mm1  vl53l1_api_preset_modes.o
    0x0801129c   0x0801129c   0x00000026   Code   RO         1684    .text.VL53L1_preset_mode_histogram_long_range_mm2  vl53l1_api_preset_modes.o
    0x080112c2   0x080112c2   0x00000002   PAD
    0x080112c4   0x080112c4   0x0000012c   Code   RO         1686    .text.VL53L1_preset_mode_histogram_medium_range  vl53l1_api_preset_modes.o
    0x080113f0   0x080113f0   0x000000e4   Code   RO         1688    .text.VL53L1_preset_mode_histogram_medium_range_mm1  vl53l1_api_preset_modes.o
    0x080114d4   0x080114d4   0x00000026   Code   RO         1690    .text.VL53L1_preset_mode_histogram_medium_range_mm2  vl53l1_api_preset_modes.o
    0x080114fa   0x080114fa   0x00000002   PAD
    0x080114fc   0x080114fc   0x000000c0   Code   RO         1710    .text.VL53L1_preset_mode_histogram_multizone  vl53l1_api_preset_modes.o
    0x080115bc   0x080115bc   0x000000c0   Code   RO         1704    .text.VL53L1_preset_mode_histogram_multizone_long_range  vl53l1_api_preset_modes.o
    0x0801167c   0x0801167c   0x000000c0   Code   RO         1712    .text.VL53L1_preset_mode_histogram_multizone_short_range  vl53l1_api_preset_modes.o
    0x0801173c   0x0801173c   0x00000132   Code   RO         1666    .text.VL53L1_preset_mode_histogram_ranging  vl53l1_api_preset_modes.o
    0x0801186e   0x0801186e   0x00000002   PAD
    0x08011870   0x08011870   0x000000ea   Code   RO         1674    .text.VL53L1_preset_mode_histogram_ranging_mm1_cal  vl53l1_api_preset_modes.o
    0x0801195a   0x0801195a   0x00000002   PAD
    0x0801195c   0x0801195c   0x00000026   Code   RO         1676    .text.VL53L1_preset_mode_histogram_ranging_mm2_cal  vl53l1_api_preset_modes.o
    0x08011982   0x08011982   0x00000002   PAD
    0x08011984   0x08011984   0x00000084   Code   RO         1718    .text.VL53L1_preset_mode_histogram_ranging_ref  vl53l1_api_preset_modes.o
    0x08011a08   0x08011a08   0x00000112   Code   RO         1678    .text.VL53L1_preset_mode_histogram_ranging_short_timing  vl53l1_api_preset_modes.o
    0x08011b1a   0x08011b1a   0x00000002   PAD
    0x08011b1c   0x08011b1c   0x000000e2   Code   RO         1670    .text.VL53L1_preset_mode_histogram_ranging_with_mm1  vl53l1_api_preset_modes.o
    0x08011bfe   0x08011bfe   0x00000002   PAD
    0x08011c00   0x08011c00   0x00000026   Code   RO         1672    .text.VL53L1_preset_mode_histogram_ranging_with_mm2  vl53l1_api_preset_modes.o
    0x08011c26   0x08011c26   0x00000002   PAD
    0x08011c28   0x08011c28   0x0000012c   Code   RO         1692    .text.VL53L1_preset_mode_histogram_short_range  vl53l1_api_preset_modes.o
    0x08011d54   0x08011d54   0x000000de   Code   RO         1696    .text.VL53L1_preset_mode_histogram_short_range_mm1  vl53l1_api_preset_modes.o
    0x08011e32   0x08011e32   0x00000002   PAD
    0x08011e34   0x08011e34   0x00000026   Code   RO         1698    .text.VL53L1_preset_mode_histogram_short_range_mm2  vl53l1_api_preset_modes.o
    0x08011e5a   0x08011e5a   0x00000002   PAD
    0x08011e5c   0x08011e5c   0x00000116   Code   RO         1706    .text.VL53L1_preset_mode_histogram_xtalk_mm1  vl53l1_api_preset_modes.o
    0x08011f72   0x08011f72   0x00000002   PAD
    0x08011f74   0x08011f74   0x00000026   Code   RO         1708    .text.VL53L1_preset_mode_histogram_xtalk_mm2  vl53l1_api_preset_modes.o
    0x08011f9a   0x08011f9a   0x00000002   PAD
    0x08011f9c   0x08011f9c   0x00000124   Code   RO         1702    .text.VL53L1_preset_mode_histogram_xtalk_planar  vl53l1_api_preset_modes.o
    0x080120c0   0x080120c0   0x0000007a   Code   RO         1662    .text.VL53L1_preset_mode_low_power_auto_long_ranging  vl53l1_api_preset_modes.o
    0x0801213a   0x0801213a   0x00000002   PAD
    0x0801213c   0x0801213c   0x00000056   Code   RO         1658    .text.VL53L1_preset_mode_low_power_auto_ranging  vl53l1_api_preset_modes.o
    0x08012192   0x08012192   0x00000002   PAD
    0x08012194   0x08012194   0x0000007a   Code   RO         1660    .text.VL53L1_preset_mode_low_power_auto_short_ranging  vl53l1_api_preset_modes.o
    0x0801220e   0x0801220e   0x00000002   PAD
    0x08012210   0x08012210   0x00000022   Code   RO         1714    .text.VL53L1_preset_mode_olt  vl53l1_api_preset_modes.o
    0x08012232   0x08012232   0x00000002   PAD
    0x08012234   0x08012234   0x0000003c   Code   RO         1664    .text.VL53L1_preset_mode_singleshot_ranging  vl53l1_api_preset_modes.o
    0x08012270   0x08012270   0x00000108   Code   RO         1694    .text.VL53L1_preset_mode_special_histogram_short_range  vl53l1_api_preset_modes.o
    0x08012378   0x08012378   0x00000166   Code   RO         1642    .text.VL53L1_preset_mode_standard_ranging  vl53l1_api_preset_modes.o
    0x080124de   0x080124de   0x00000002   PAD
    0x080124e0   0x080124e0   0x00000048   Code   RO         1646    .text.VL53L1_preset_mode_standard_ranging_long_range  vl53l1_api_preset_modes.o
    0x08012528   0x08012528   0x0000002e   Code   RO         1648    .text.VL53L1_preset_mode_standard_ranging_mm1_cal  vl53l1_api_preset_modes.o
    0x08012556   0x08012556   0x00000002   PAD
    0x08012558   0x08012558   0x0000002e   Code   RO         1650    .text.VL53L1_preset_mode_standard_ranging_mm2_cal  vl53l1_api_preset_modes.o
    0x08012586   0x08012586   0x00000002   PAD
    0x08012588   0x08012588   0x00000048   Code   RO         1644    .text.VL53L1_preset_mode_standard_ranging_short_range  vl53l1_api_preset_modes.o
    0x080125d0   0x080125d0   0x00000042   Code   RO         1652    .text.VL53L1_preset_mode_timed_ranging  vl53l1_api_preset_modes.o
    0x08012612   0x08012612   0x00000002   PAD
    0x08012614   0x08012614   0x00000068   Code   RO         1656    .text.VL53L1_preset_mode_timed_ranging_long_range  vl53l1_api_preset_modes.o
    0x0801267c   0x0801267c   0x00000068   Code   RO         1654    .text.VL53L1_preset_mode_timed_ranging_short_range  vl53l1_api_preset_modes.o
    0x080126e4   0x080126e4   0x000000b4   Code   RO         1965    .text.VL53L1_range_maths  vl53l1_core_support.o
    0x08012798   0x08012798   0x0000003a   Code   RO         1961    .text.VL53L1_rate_maths  vl53l1_core_support.o
    0x080127d2   0x080127d2   0x00000002   PAD
    0x080127d4   0x080127d4   0x00000022   Code   RO         1963    .text.VL53L1_rate_per_spad_maths  vl53l1_core_support.o
    0x080127f6   0x080127f6   0x00000002   PAD
    0x080127f8   0x080127f8   0x0000004a   Code   RO         2133    .text.VL53L1_read_nvm_additional_offset_cal_data  vl53l1_nvm.o
    0x08012842   0x08012842   0x00000002   PAD
    0x08012844   0x08012844   0x00000026   Code   RO         2131    .text.VL53L1_read_nvm_cal_peak_rate_map  vl53l1_nvm.o
    0x0801286a   0x0801286a   0x00000002   PAD
    0x0801286c   0x0801286c   0x0000007a   Code   RO         2135    .text.VL53L1_read_nvm_fmt_range_results_data  vl53l1_nvm.o
    0x080128e6   0x080128e6   0x00000002   PAD
    0x080128e8   0x080128e8   0x00000032   Code   RO         2129    .text.VL53L1_read_nvm_optical_centre  vl53l1_nvm.o
    0x0801291a   0x0801291a   0x00000002   PAD
    0x0801291c   0x0801291c   0x00000058   Code   RO         2125    .text.VL53L1_read_nvm_raw_data  vl53l1_nvm.o
    0x08012974   0x08012974   0x0000018a   Code   RO         1418    .text.VL53L1_read_p2p_data  vl53l1_api_core.o
    0x08012afe   0x08012afe   0x00000002   PAD
    0x08012b00   0x08012b00   0x00000080   Code   RO         1376    .text.VL53L1_run_device_test  vl53l1_api_calibration.o
    0x08012b80   0x08012b80   0x000000e2   Code   RO         1374    .text.VL53L1_run_ref_spad_char  vl53l1_api_calibration.o
    0x08012c62   0x08012c62   0x00000002   PAD
    0x08012c64   0x08012c64   0x00000030   Code   RO         1883    .text.VL53L1_save_cfg_data  vl53l1_core.o
    0x08012c94   0x08012c94   0x00000008   Code   RO         1552    .text.VL53L1_set_dmax_mode  vl53l1_api_core.o
    0x08012c9c   0x08012c9c   0x00000050   Code   RO         1889    .text.VL53L1_set_histogram_multizone_initial_bin_config  vl53l1_core.o
    0x08012cec   0x08012cec   0x0000001e   Code   RO         1430    .text.VL53L1_set_inter_measurement_period_ms  vl53l1_api_core.o
    0x08012d0a   0x08012d0a   0x00000002   PAD
    0x08012d0c   0x08012d0c   0x0000000a   Code   RO         1504    .text.VL53L1_set_lite_min_count_rate  vl53l1_api_core.o
    0x08012d16   0x08012d16   0x00000002   PAD
    0x08012d18   0x08012d18   0x0000000a   Code   RO         1500    .text.VL53L1_set_lite_sigma_threshold  vl53l1_api_core.o
    0x08012d22   0x08012d22   0x00000002   PAD
    0x08012d24   0x08012d24   0x00000466   Code   RO         1420    .text.VL53L1_set_preset_mode  vl53l1_api_core.o
    0x0801318a   0x0801318a   0x00000002   PAD
    0x0801318c   0x0801318c   0x000000c4   Code   RO         1901    .text.VL53L1_set_ref_spad_char_config  vl53l1_core.o
    0x08013250   0x08013250   0x00000046   Code   RO         2198    .text.VL53L1_set_system_control  vl53l1_register_funcs.o
    0x08013296   0x08013296   0x00000002   PAD
    0x08013298   0x08013298   0x0000003c   Code   RO         1434    .text.VL53L1_set_timeouts_us  vl53l1_api_core.o
    0x080132d4   0x080132d4   0x00000032   Code   RO         1462    .text.VL53L1_set_zone_config  vl53l1_api_core.o
    0x08013306   0x08013306   0x00000002   PAD
    0x08013308   0x08013308   0x00000008   Code   RO         1789    .text.VL53L1_start_test  vl53l1_core.o
    0x08013310   0x08013310   0x0000005e   Code   RO         1530    .text.VL53L1_stop_range  vl53l1_api_core.o
    0x0801336e   0x0801336e   0x00000002   PAD
    0x08013370   0x08013370   0x00000036   Code   RO         1410    .text.VL53L1_unload_patch  vl53l1_api_core.o
    0x080133a6   0x080133a6   0x00000002   PAD
    0x080133a8   0x080133a8   0x00000182   Code   RO         1755    .text.VL53L1_update_ll_driver_cfg_state  vl53l1_core.o
    0x0801352a   0x0801352a   0x00000002   PAD
    0x0801352c   0x0801352c   0x00000120   Code   RO         1749    .text.VL53L1_update_ll_driver_rd_state  vl53l1_core.o
    0x0801364c   0x0801364c   0x0000005e   Code   RO         2369    .text.VL53L1_wait_for_test_completion  vl53l1_wait.o
    0x080136aa   0x080136aa   0x00000002   PAD
    0x080136ac   0x080136ac   0x0000001c   Code   RO         1919    .text.VL53L1_xtalk_cal_data_init  vl53l1_core.o
    0x080136c8   0x080136c8   0x00000052   Code   RO         2417    .text.VL53L1_zone_preset_xtalk_planar  vl53l1_zone_presets.o
    0x0801371a   0x0801371a   0x00000002   PAD
    0x0801371c   0x0801371c   0x00000032   Code   RO          170    .text.fputc         custom.o
    0x0801374e   0x0801374e   0x00000002   PAD
    0x08013750   0x08013750   0x0000001a   Code   RO           11    .text.main          main.o
    0x0801376a   0x0801376a   0x00000002   PAD
    0x0801376c   0x0801376c   0x00000020   Code   RO         2709    i.__0printf$6       mc_w.l(printf6.o)
    0x0801378c   0x0801378c   0x0000000e   Code   RO         2864    i.__scatterload_copy  mc_w.l(handlers.o)
    0x0801379a   0x0801379a   0x00000002   Code   RO         2865    i.__scatterload_null  mc_w.l(handlers.o)
    0x0801379c   0x0801379c   0x0000000e   Code   RO         2866    i.__scatterload_zeroinit  mc_w.l(handlers.o)
    0x080137aa   0x080137aa   0x00000002   PAD
    0x080137ac   0x080137ac   0x000002f0   Code   RO         2716    i._printf_core      mc_w.l(printf6.o)
    0x08013a9c   0x08013a9c   0x00000024   Code   RO         2717    i._printf_post_padding  mc_w.l(printf6.o)
    0x08013ac0   0x08013ac0   0x0000002e   Code   RO         2718    i._printf_pre_padding  mc_w.l(printf6.o)
    0x08013aee   0x08013aee   0x00000002   PAD
    0x08013af0   0x08013af0   0x0000000c   Code   RO         2538    i.putchar           mc_w.l(putchar.o)
    0x08013afc   0x08013afc   0x00000024   Code   RO         2536    i.puts              mc_w.l(puts.o)
    0x08013b20   0x08013b20   0x00000018   Data   RO         1365    .rodata..Lswitch.table.VL53L1_PerformOffsetPerVcselCalibration  vl53l1_api.o
    0x08013b38   0x08013b38   0x00000010   Data   RO         1214    .rodata.AHBPrescTable  system_stm32h5xx.o
    0x08013b48   0x08013b48   0x00000008   Data   RO         1215    .rodata.APBPrescTable  system_stm32h5xx.o
    0x08013b50   0x08013b50   0x00000018   Data   RO         1117    .rodata.UARTPrescTable  stm32h5xx_hal_uart.o
    0x08013b68   0x08013b68   0x00000010   Data   RO         1158    .rodata.cst8        stm32h5xx_hal_uart_ex.o
    0x08013b78   0x08013b78   0x00000020   Data   RO         2863    Region$$Table       anon$$obj.o


    Execution Region RW_IRAM1 (Exec base: 0x20000000, Load base: 0x08013b98, Size: 0x00007ae8, Max: 0x00008000, ABSOLUTE)

    Exec Addr    Load Addr    Size         Type   Attr      Idx    E Section Name        Object

    0x20000000   0x08013b98   0x00000004   Data   RW         2829    .data               mc_w.l(stdout.o)
    0x20000004   0x08013b9c   0x00000008   Data   RW          944    .data..L_MergedGlobals  stm32h5xx_hal.o
    0x2000000c   0x08013ba4   0x0000002c   Data   RW         1364    .data.BDTable       vl53l1_api.o
    0x20000038   0x08013bd0   0x00000004   Data   RW          172    .data.COM_USART     custom.o
    0x2000003c   0x08013bd4   0x00000004   Data   RW         1213    .data.SystemCoreClock  system_stm32h5xx.o
    0x20000040   0x08013bd8   0x00000038   Data   RW         2524    .data.VL53L1CB_RANGING_SENSOR_Driver  vl53l1cb.o
    0x20000078        -       0x00000058   Zero   RW           66    .bss..L_MergedGlobals  custom_bus.o
    0x200000d0        -       0x00000014   Zero   RW          137    .bss..L_MergedGlobals  custom_ranging_sensor.o
    0x200000e4        -       0x0000006c   Zero   RW          151    .bss..L_MergedGlobals  app_tof.o
    0x20000150        -       0x00000001   Zero   RW          174    .bss.COM_ActiveLogPort  custom.o
    0x20000151   0x08013c10   0x00000007   PAD
    0x20000158        -       0x00006f78   Zero   RW          136    .bss.VL53L1CB_Probe.VL53L1CBObj  custom_ranging_sensor.o
    0x200070d0        -       0x00000100   Zero   RW         2461    .bss._I2CBuffer     vl53l1_platform.o
    0x200071d0        -       0x00000094   Zero   RW          173    .bss.hcom_uart      custom.o
    0x20007264        -       0x00000004   Zero   RW          943    .bss.uwTick         stm32h5xx_hal.o
    0x20007268        -       0x00000080   Zero   RW         2525    .bss.vl53l1cb_get_result.data  vl53l1cb.o
    0x200072e8        -       0x00000800   Zero   RW            1    STACK               startup_stm32h503xx.o


==============================================================================

Image component sizes


      Code (inc. data)   RO Data    RW Data    ZI Data      Debug   Object Name

       520        212          0          0        108       2770   app_tof.o
       338          0          0          4        149       9538   custom.o
       536          0          0          0         88      11407   custom_bus.o
       434          0          0          0      28556      40348   custom_ranging_sensor.o
        92          0          0          0          0       2915   gpio.o
        34          0          0          0          0        663   icache.o
       230          0          0          0          0       3971   main.o
        40         10        600          0       2048        884   startup_stm32h503xx.o
       324          0          0          8          4      12031   stm32h5xx_hal.o
       344          6          0          0          0      13522   stm32h5xx_hal_cortex.o
       672          0          0          0          0       5303   stm32h5xx_hal_gpio.o
      2200          0          0          0          0      57390   stm32h5xx_hal_i2c.o
       146          0          0          0          0       5835   stm32h5xx_hal_i2c_ex.o
        52          0          0          0          0       4047   stm32h5xx_hal_icache.o
         2          0          0          0          0        385   stm32h5xx_hal_msp.o
      2790         16          0          0          0      12179   stm32h5xx_hal_rcc.o
      4764         78          0          0          0      17347   stm32h5xx_hal_rcc_ex.o
      2398          0         24          0          0      39258   stm32h5xx_hal_uart.o
       334          0         16          0          0      11802   stm32h5xx_hal_uart_ex.o
        20          0          0          0          0       1149   stm32h5xx_it.o
       168          0         24          4          0       5341   system_stm32h5xx.o
      4270        126         24         44          0      95589   vl53l1_api.o
       354          0          0          0          0      52279   vl53l1_api_calibration.o
     18718        518          0          0          0     127743   vl53l1_api_core.o
      6736          0          0          0          0      42268   vl53l1_api_preset_modes.o
     10658          8          0          0          0     109633   vl53l1_core.o
      2412          0          0          0          0      13379   vl53l1_core_support.o
       608          0          0          0          0       6120   vl53l1_dmax.o
      5140          0          0          0          0      18193   vl53l1_hist_algos_gen3.o
      1260          0          0          0          0      12566   vl53l1_hist_algos_gen4.o
      2172          0          0          0          0      10371   vl53l1_hist_core.o
       462          0          0          0          0       9992   vl53l1_hist_funcs.o
       954          0          0          0          0      52085   vl53l1_nvm.o
       832          0          0          0        256      45420   vl53l1_platform.o
        40          0          0          0          0      36434   vl53l1_platform_ipp.o
      2650          0          0          0          0      82270   vl53l1_register_funcs.o
       536          0          0          0          0       9036   vl53l1_sigma_estimate.o
       204          0          0          0          0      40183   vl53l1_wait.o
       618          0          0          0          0      24258   vl53l1_xtalk.o
       548          0          0          0          0       5372   vl53l1_zone_presets.o
      2740         20          0         56        128      44758   vl53l1cb.o

    ----------------------------------------------------------------------
     78692        994        720        116      31344    1096034   Object Totals
         0          0         32          0          0          0   (incl. Generated)
       342          0          0          0          7          0   (incl. Padding)

    ----------------------------------------------------------------------

      Code (inc. data)   RO Data    RW Data    ZI Data      Debug   Library Member Name

         0          0          0          0          0          0   entry.o
         0          0          0          0          0          0   entry10a.o
         0          0          0          0          0          0   entry11a.o
         8          4          0          0          0          0   entry2.o
         4          0          0          0          0          0   entry5.o
         0          0          0          0          0          0   entry7b.o
         0          0          0          0          0          0   entry8b.o
         8          4          0          0          0          0   entry9a.o
        30          0          0          0          0          0   handlers.o
        36          8          0          0          0         68   init.o
        98          0          0          0          0         84   ldiv.o
        30          0          0          0          0         68   llshl.o
        32          0          0          0          0         68   llushr.o
        36          0          0          0          0         68   memcpya.o
        36          0          0          0          0        108   memseta.o
       866         14          0          0          0        352   printf6.o
        12          6          0          0          0         68   putchar.o
        36          6          0          0          0         80   puts.o
         0          0          0          4          0          0   stdout.o
        44          0          0          0          0         80   uidiv.o
        98          0          0          0          0         92   uldiv.o

    ----------------------------------------------------------------------
      1380         42          0          4          0       1136   Library Totals
         6          0          0          0          0          0   (incl. Padding)

    ----------------------------------------------------------------------

      Code (inc. data)   RO Data    RW Data    ZI Data      Debug   Library Name

      1374         42          0          4          0       1136   mc_w.l

    ----------------------------------------------------------------------
      1380         42          0          4          0       1136   Library Totals

    ----------------------------------------------------------------------

==============================================================================


      Code (inc. data)   RO Data    RW Data    ZI Data      Debug   

     80072       1036        720        120      31344    1096022   Grand Totals
     80072       1036        720        120      31344    1096022   ELF Image Totals
     80072       1036        720        120          0          0   ROM Totals

==============================================================================

    Total RO  Size (Code + RO Data)                80792 (  78.90kB)
    Total RW  Size (RW Data + ZI Data)             31464 (  30.73kB)
    Total ROM Size (Code + RO Data + RW Data)      80912 (  79.02kB)

==============================================================================

