<html>
<body>
<pre>
<h1>µVision Build Log</h1>
<h2>Tool Versions:</h2>
IDE-Version: ¦ÌVision V5.37.0.0
Copyright (C) 2022 ARM Ltd and ARM Germany GmbH. All rights reserved.
License Information: X X, X, LIC=GMZI6-DQED5-JJK6S-LE4C4-AANN9-72DG0
 
Tool Versions:
Toolchain:       MDK-ARM Plus  Version: 5.37.0.0
Toolchain Path:  C:\Keil_v5\ARM\ARMCLANG\Bin
C Compiler:      ArmClang.exe V6.18
Assembler:       Armasm.exe V6.18
Linker/Locator:  ArmLink.exe V6.18
Library Manager: ArmAr.exe V6.18
Hex Converter:   FromElf.exe V6.18
CPU DLL:         
Dialog DLL:      
Target DLL:      STLink\ST-LINKIII-KEIL_SWO.dll V3.0.9.0
Dialog DLL:      TCM.DLL V1.56.1.0
 
<h2>Project:</h2>
D:\VL53L1CB\STM32H503CB_VL53L1CB_Project2\MDK-ARM\STM32H503CB_VL53L1CB_Project2.uvprojx
Project File Date:  11/30/2024

<h2>Output:</h2>
*** Using Compiler 'V6.18', folder: 'C:\Keil_v5\ARM\ARMCLANG\Bin'
Rebuild target 'STM32H503CB_VL53L1CB_Project2'
compiling icache.c...
compiling memorymap.c...
compiling bsp.c...
assembling startup_stm32h503xx.s...
compiling custom_bus.c...
compiling stm32h5xx_it.c...
compiling stm32h5xx_hal_msp.c...
compiling stm32h5xx_hal_dma.c...
compiling gpio.c...
compiling stm32h5xx_hal_i2c_ex.c...
compiling custom.c...
compiling app_tof.c...
compiling main.c...
compiling custom_ranging_sensor.c...
compiling stm32h5xx_hal_flash.c...
compiling stm32h5xx_hal_gpio.c...
compiling stm32h5xx_hal_rcc.c...
compiling stm32h5xx_hal_pwr.c...
compiling stm32h5xx_hal_pwr_ex.c...
compiling stm32h5xx_hal_exti.c...
compiling stm32h5xx_hal_icache.c...
compiling stm32h5xx_hal_cortex.c...
compiling stm32h5xx_hal.c...
compiling stm32h5xx_hal_rcc_ex.c...
compiling stm32h5xx_hal_uart_ex.c...
compiling stm32h5xx_hal_flash_ex.c...
compiling stm32h5xx_hal_tim.c...
compiling stm32h5xx_hal_tim_ex.c...
compiling system_stm32h5xx.c...
compiling stm32h5xx_hal_dma_ex.c...
compiling stm32h5xx_hal_i2c.c...
compiling vl53l1_api_debug.c...
compiling vl53l1_error_strings.c...
compiling vl53l1_api_strings.c...
compiling vl53l1_dmax.c...
compiling stm32h5xx_hal_uart.c...
compiling vl53l1_core_support.c...
compiling vl53l1_hist_char.c...
compiling vl53l1_hist_algos_gen4.c...
compiling vl53l1_api_calibration.c...
compiling vl53l1_hist_funcs.c...
compiling vl53l1_hist_core.c...
compiling vl53l1_nvm_debug.c...
compiling vl53l1_hist_algos_gen3.c...
compiling vl53l1_api_preset_modes.c...
compiling vl53l1_sigma_estimate.c...
compiling vl53l1_silicon_core.c...
compiling vl53l1_nvm.c...
compiling vl53l1_wait.c...
compiling vl53l1_platform_log.c...
compiling vl53l1_zone_presets.c...
compiling vl53l1_platform_ipp.c...
compiling vl53l1_api.c...
compiling vl53l1_platform.c...
compiling vl53l1_xtalk.c...
compiling vl53l1cb.c...
compiling vl53l1_register_funcs.c...
compiling vl53l1_core.c...
compiling vl53l1_api_core.c...
linking...
Program Size: Code=80108 RO-data=720 RW-data=120 ZI-data=31344  
FromELF: creating hex file...
"STM32H503CB_VL53L1CB_Project2\STM32H503CB_VL53L1CB_Project2.axf" - 0 Error(s), 0 Warning(s).

<h2>Software Packages used:</h2>

Package Vendor: ARM
                http://www.keil.com/pack/ARM.CMSIS.5.9.0.pack
                ARM.CMSIS.5.9.0
                CMSIS (Common Microcontroller Software Interface Standard)
   * Component: CORE Version: 5.6.0

Package Vendor: Keil
                https://www.keil.com/pack/Keil.STM32H5xx_DFP.1.0.0.pack
                Keil.STM32H5xx_DFP.1.0.0
                STMicroelectronics STM32H5 Series Device Support

<h2>Collection of Component include folders:</h2>
  ./RTE/_STM32H503CB_VL53L1CB_Project2
  C:/Users/a8456/AppData/Local/Arm/Packs/ARM/CMSIS/5.9.0/CMSIS/Core/Include
  C:/Users/a8456/AppData/Local/Arm/Packs/Keil/STM32H5xx_DFP/1.0.0/Drivers/CMSIS/Device/ST/STM32H5xx/Include

<h2>Collection of Component Files used:</h2>

   * Component: ARM::CMSIS:CORE:5.6.0
      Include file:  CMSIS/Core/Include/tz_context.h
Build Time Elapsed:  00:00:03
</pre>
</body>
</html>
