Component: Arm Compiler for Embedded 6.18 Tool: armlink [5e4cc100]

==============================================================================

Section Cross References

    startup_stm32h503xx.o(RESET) refers to startup_stm32h503xx.o(STACK) for __initial_sp
    startup_stm32h503xx.o(RESET) refers to startup_stm32h503xx.o(.text) for Reset_Handler
    startup_stm32h503xx.o(RESET) refers to stm32h5xx_it.o(.text.NMI_Handler) for NMI_Handler
    startup_stm32h503xx.o(RESET) refers to stm32h5xx_it.o(.text.HardFault_Handler) for HardFault_Handler
    startup_stm32h503xx.o(RESET) refers to stm32h5xx_it.o(.text.MemManage_Handler) for MemManage_Handler
    startup_stm32h503xx.o(RESET) refers to stm32h5xx_it.o(.text.BusFault_Handler) for BusFault_Handler
    startup_stm32h503xx.o(RESET) refers to stm32h5xx_it.o(.text.UsageFault_Handler) for UsageFault_Handler
    startup_stm32h503xx.o(RESET) refers to stm32h5xx_it.o(.text.SVC_Handler) for SVC_Handler
    startup_stm32h503xx.o(RESET) refers to stm32h5xx_it.o(.text.DebugMon_Handler) for DebugMon_Handler
    startup_stm32h503xx.o(RESET) refers to stm32h5xx_it.o(.text.PendSV_Handler) for PendSV_Handler
    startup_stm32h503xx.o(RESET) refers to stm32h5xx_it.o(.text.SysTick_Handler) for SysTick_Handler
    startup_stm32h503xx.o(.text) refers to system_stm32h5xx.o(.text.SystemInit) for SystemInit
    startup_stm32h503xx.o(.text) refers to entry.o(.ARM.Collect$$$$00000000) for __main
    main.o(.text.main) refers to stm32h5xx_hal.o(.text.HAL_Init) for HAL_Init
    main.o(.text.main) refers to main.o(.text.SystemClock_Config) for SystemClock_Config
    main.o(.text.main) refers to gpio.o(.text.MX_GPIO_Init) for MX_GPIO_Init
    main.o(.text.main) refers to icache.o(.text.MX_ICACHE_Init) for MX_ICACHE_Init
    main.o(.text.main) refers to app_tof.o(.text.MX_TOF_Init) for MX_TOF_Init
    main.o(.text.main) refers to custom_ranging_sensor.o(.text.CUSTOM_RANGING_SENSOR_ReadID) for CUSTOM_RANGING_SENSOR_ReadID
    main.o(.text.main) refers to main.o(.bss..L_MergedGlobals) for .L_MergedGlobals
    main.o(.text.main) refers to custom_ranging_sensor.o(.text.CUSTOM_RANGING_SENSOR_GetCapabilities) for CUSTOM_RANGING_SENSOR_GetCapabilities
    main.o(.text.main) refers to custom_ranging_sensor.o(.text.CUSTOM_RANGING_SENSOR_ConfigProfile) for CUSTOM_RANGING_SENSOR_ConfigProfile
    main.o(.text.main) refers to custom_ranging_sensor.o(.text.CUSTOM_RANGING_SENSOR_Start) for CUSTOM_RANGING_SENSOR_Start
    main.o(.text.main) refers to putchar.o(i.putchar) for putchar
    main.o(.text.main) refers to stm32h5xx_hal_gpio.o(.text.HAL_GPIO_ReadPin) for HAL_GPIO_ReadPin
    main.o(.text.main) refers to custom_ranging_sensor.o(.text.CUSTOM_RANGING_SENSOR_GetDistance) for CUSTOM_RANGING_SENSOR_GetDistance
    main.o(.text.main) refers to printf6.o(i.__0printf$6) for __2printf
    main.o(.ARM.exidx.text.main) refers to main.o(.text.main) for [Anonymous Symbol]
    main.o(.text.SystemClock_Config) refers to memseta.o(.text) for __aeabi_memclr4
    main.o(.text.SystemClock_Config) refers to stm32h5xx_hal_rcc.o(.text.HAL_RCC_OscConfig) for HAL_RCC_OscConfig
    main.o(.text.SystemClock_Config) refers to stm32h5xx_hal_rcc.o(.text.HAL_RCC_ClockConfig) for HAL_RCC_ClockConfig
    main.o(.ARM.exidx.text.SystemClock_Config) refers to main.o(.text.SystemClock_Config) for [Anonymous Symbol]
    main.o(.ARM.exidx.text.Error_Handler) refers to main.o(.text.Error_Handler) for [Anonymous Symbol]
    gpio.o(.text.MX_GPIO_Init) refers to stm32h5xx_hal_gpio.o(.text.HAL_GPIO_WritePin) for HAL_GPIO_WritePin
    gpio.o(.text.MX_GPIO_Init) refers to stm32h5xx_hal_gpio.o(.text.HAL_GPIO_Init) for HAL_GPIO_Init
    gpio.o(.ARM.exidx.text.MX_GPIO_Init) refers to gpio.o(.text.MX_GPIO_Init) for [Anonymous Symbol]
    icache.o(.text.MX_ICACHE_Init) refers to stm32h5xx_hal_icache.o(.text.HAL_ICACHE_ConfigAssociativityMode) for HAL_ICACHE_ConfigAssociativityMode
    icache.o(.text.MX_ICACHE_Init) refers to main.o(.text.Error_Handler) for Error_Handler
    icache.o(.text.MX_ICACHE_Init) refers to stm32h5xx_hal_icache.o(.text.HAL_ICACHE_Enable) for HAL_ICACHE_Enable
    icache.o(.ARM.exidx.text.MX_ICACHE_Init) refers to icache.o(.text.MX_ICACHE_Init) for [Anonymous Symbol]
    custom_bus.o(.text.BSP_I2C1_Init) refers to custom_bus.o(.bss..L_MergedGlobals) for .L_MergedGlobals
    custom_bus.o(.text.BSP_I2C1_Init) refers to stm32h5xx_hal_i2c.o(.text.HAL_I2C_GetState) for HAL_I2C_GetState
    custom_bus.o(.text.BSP_I2C1_Init) refers to memseta.o(.text) for __aeabi_memclr8
    custom_bus.o(.text.BSP_I2C1_Init) refers to stm32h5xx_hal_rcc_ex.o(.text.HAL_RCCEx_PeriphCLKConfig) for HAL_RCCEx_PeriphCLKConfig
    custom_bus.o(.text.BSP_I2C1_Init) refers to stm32h5xx_hal_gpio.o(.text.HAL_GPIO_Init) for HAL_GPIO_Init
    custom_bus.o(.text.BSP_I2C1_Init) refers to custom_bus.o(.text.MX_I2C1_Init) for MX_I2C1_Init
[...]
    VL53L1_GetMultiRangingData               0x080050d1   Thumb Code  2258  vl53l1_api.o(.text.VL53L1_GetMultiRangingData)
    VL53L1_PerformRefSpadManagement          0x080059a5   Thumb Code   298  vl53l1_api.o(.text.VL53L1_PerformRefSpadManagement)
    VL53L1_RdByte                            0x08005ad1   Thumb Code    58  vl53l1_platform.o(.text.VL53L1_RdByte)
    VL53L1_RdWord                            0x08005b0d   Thumb Code    70  vl53l1_platform.o(.text.VL53L1_RdWord)
    VL53L1_ReadMulti                         0x08005b55   Thumb Code    58  vl53l1_platform.o(.text.VL53L1_ReadMulti)
    VL53L1_SetDeviceAddress                  0x08005b91   Thumb Code    20  vl53l1_api.o(.text.VL53L1_SetDeviceAddress)
    VL53L1_SetDistanceMode                   0x08005ba5   Thumb Code   150  vl53l1_api.o(.text.VL53L1_SetDistanceMode)
    VL53L1_SetMeasurementTimingBudgetMicroSeconds 0x08005c3d   Thumb Code   332  vl53l1_api.o(.text.VL53L1_SetMeasurementTimingBudgetMicroSeconds)
    VL53L1_SetROI                            0x08005d89   Thumb Code   174  vl53l1_api.o(.text.VL53L1_SetROI)
    VL53L1_StartMeasurement                  0x08005e39   Thumb Code   238  vl53l1_api.o(.text.VL53L1_StartMeasurement)
    VL53L1_StaticInit                        0x08005f29   Thumb Code   182  vl53l1_api.o(.text.VL53L1_StaticInit)
    VL53L1_StopMeasurement                   0x08005fe1   Thumb Code    40  vl53l1_api.o(.text.VL53L1_StopMeasurement)
    VL53L1_WaitDeviceBooted                  0x08006009   Thumb Code     8  vl53l1_api.o(.text.VL53L1_WaitDeviceBooted)
    VL53L1_WaitMs                            0x08006011   Thumb Code    26  vl53l1_platform.o(.text.VL53L1_WaitMs)
    VL53L1_WaitUs                            0x0800602d   Thumb Code    42  vl53l1_platform.o(.text.VL53L1_WaitUs)
    VL53L1_WaitValueMaskEx                   0x08006059   Thumb Code   418  vl53l1_platform.o(.text.VL53L1_WaitValueMaskEx)
    VL53L1_WrByte                            0x080061fd   Thumb Code    44  vl53l1_platform.o(.text.VL53L1_WrByte)
    VL53L1_WrWord                            0x08006229   Thumb Code    48  vl53l1_platform.o(.text.VL53L1_WrWord)
    VL53L1_WriteMulti                        0x08006259   Thumb Code    68  vl53l1_platform.o(.text.VL53L1_WriteMulti)
    VL53L1_calc_crosstalk_plane_offset_with_margin 0x0800629d   Thumb Code     8  vl53l1_core.o(.text.VL53L1_calc_crosstalk_plane_offset_with_margin)
    VL53L1_calc_decoded_timeout_us           0x080062a5   Thumb Code    28  vl53l1_core.o(.text.VL53L1_calc_decoded_timeout_us)
    VL53L1_calc_macro_period_us              0x080062c1   Thumb Code    32  vl53l1_core.o(.text.VL53L1_calc_macro_period_us)
    VL53L1_calc_max_effective_spads          0x080062e1   Thumb Code   326  vl53l1_core.o(.text.VL53L1_calc_max_effective_spads)
    VL53L1_calc_mm_effective_spads           0x08006429   Thumb Code   514  vl53l1_core.o(.text.VL53L1_calc_mm_effective_spads)
    VL53L1_calc_pll_period_mm                0x0800662d   Thumb Code    34  vl53l1_core_support.o(.text.VL53L1_calc_pll_period_mm)
    VL53L1_calc_pll_period_us                0x08006651   Thumb Code    16  vl53l1_core_support.o(.text.VL53L1_calc_pll_period_us)
    VL53L1_calc_range_ignore_threshold       0x08006661   Thumb Code   100  vl53l1_core.o(.text.VL53L1_calc_range_ignore_threshold)
    VL53L1_calc_timeout_register_values      0x080066c5   Thumb Code   616  vl53l1_core.o(.text.VL53L1_calc_timeout_register_values)
    VL53L1_calc_timeout_us                   0x0800692d   Thumb Code    18  vl53l1_core.o(.text.VL53L1_calc_timeout_us)
    VL53L1_check_ll_driver_rd_state          0x08006941   Thumb Code   166  vl53l1_core.o(.text.VL53L1_check_ll_driver_rd_state)
    VL53L1_clear_interrupt                   0x080069e9   Thumb Code    14  vl53l1_core.o(.text.VL53L1_clear_interrupt)
    VL53L1_clear_interrupt_and_enable_next_range 0x080069f9   Thumb Code     6  vl53l1_api_core.o(.text.VL53L1_clear_interrupt_and_enable_next_range)
    VL53L1_compute_histo_merge_nb            0x08006a01   Thumb Code    62  vl53l1_core.o(.text.VL53L1_compute_histo_merge_nb)
    VL53L1_compute_nb_frame_in_buffer        0x08006a41   Thumb Code   516  vl53l1_core.o(.text.VL53L1_compute_nb_frame_in_buffer)
    VL53L1_config_low_power_auto_mode        0x08006c45   Thumb Code    14  vl53l1_core.o(.text.VL53L1_config_low_power_auto_mode)
    VL53L1_copy_hist_bins_to_static_cfg      0x08006c55   Thumb Code    80  vl53l1_api_preset_modes.o(.text.VL53L1_copy_hist_bins_to_static_cfg)
    VL53L1_copy_rtn_good_spads_to_buffer     0x08006ca5   Thumb Code   162  vl53l1_core.o(.text.VL53L1_copy_rtn_good_spads_to_buffer)
    VL53L1_copy_sys_and_core_results_to_range_results 0x08006d49   Thumb Code   378  vl53l1_api_core.o(.text.VL53L1_copy_sys_and_core_results_to_range_results)
    VL53L1_copy_xtalk_bin_data_to_histogram_data_struct 0x08006ec5   Thumb Code    44  vl53l1_core_support.o(.text.VL53L1_copy_xtalk_bin_data_to_histogram_data_struct)
    VL53L1_data_init                         0x08006ef1   Thumb Code  1108  vl53l1_api_core.o(.text.VL53L1_data_init)
    VL53L1_decode_row_col                    0x08007345   Thumb Code    38  vl53l1_core_support.o(.text.VL53L1_decode_row_col)
    VL53L1_decode_timeout                    0x0800736d   Thumb Code    12  vl53l1_core.o(.text.VL53L1_decode_timeout)
    VL53L1_decode_vcsel_period               0x08007379   Thumb Code    10  vl53l1_core_support.o(.text.VL53L1_decode_vcsel_period)
    VL53L1_disable_firmware                  0x08007385   Thumb Code    14  vl53l1_core.o(.text.VL53L1_disable_firmware)
    VL53L1_disable_powerforce                0x08007395   Thumb Code    14  vl53l1_core.o(.text.VL53L1_disable_powerforce)
    VL53L1_duration_maths                    0x080073a5   Thumb Code    40  vl53l1_core_support.o(.text.VL53L1_duration_maths)
    VL53L1_dynamic_xtalk_correction_apply_disable 0x080073cd   Thumb Code    14  vl53l1_api_core.o(.text.VL53L1_dynamic_xtalk_correction_apply_disable)
    VL53L1_dynamic_xtalk_correction_calc_new_xtalk 0x080073dd   Thumb Code   568  vl53l1_core.o(.text.VL53L1_dynamic_xtalk_correction_calc_new_xtalk)
    VL53L1_dynamic_xtalk_correction_corrector 0x08007615   Thumb Code  1478  vl53l1_core.o(.text.VL53L1_dynamic_xtalk_correction_corrector)
    VL53L1_dynamic_xtalk_correction_data_init 0x08007bdd   Thumb Code   170  vl53l1_core.o(.text.VL53L1_dynamic_xtalk_correction_data_init)
    VL53L1_dynamic_xtalk_correction_disable  0x08007c89   Thumb Code    14  vl53l1_api_core.o(.text.VL53L1_dynamic_xtalk_correction_disable)
    VL53L1_dynamic_xtalk_correction_single_apply_disable 0x08007c99   Thumb Code    14  vl53l1_api_core.o(.text.VL53L1_dynamic_xtalk_correction_single_apply_disable)
    VL53L1_dynamic_zone_update               0x08007ca9   Thumb Code   260  vl53l1_core.o(.text.VL53L1_dynamic_zone_update)
    VL53L1_enable_firmware                   0x08007dad   Thumb Code    14  vl53l1_core.o(.text.VL53L1_enable_firmware)
    VL53L1_enable_powerforce                 0x08007dbd   Thumb Code    14  vl53l1_core.o(.text.VL53L1_enable_powerforce)
    VL53L1_encode_row_col                    0x08007dcd   Thumb Code    20  vl53l1_core.o(.text.VL53L1_encode_row_col)
    VL53L1_encode_zone_size                  0x08007de1   Thumb Code     8  vl53l1_core.o(.text.VL53L1_encode_zone_size)
    VL53L1_events_per_spad_maths             0x08007de9   Thumb Code    66  vl53l1_core_support.o(.text.VL53L1_events_per_spad_maths)
    VL53L1_f_001                             0x08007e2d   Thumb Code   608  vl53l1_dmax.o(.text.VL53L1_f_001)
    VL53L1_f_004                             0x0800808d   Thumb Code   862  vl53l1_hist_core.o(.text.VL53L1_f_004)
    VL53L1_f_011                             0x080083ed   Thumb Code   164  vl53l1_hist_core.o(.text.VL53L1_f_011)
    VL53L1_f_012                             0x08008491   Thumb Code    84  vl53l1_hist_core.o(.text.VL53L1_f_012)
    VL53L1_f_013                             0x080084e5   Thumb Code    98  vl53l1_hist_core.o(.text.VL53L1_f_013)
    VL53L1_f_014                             0x08008549   Thumb Code   536  vl53l1_sigma_estimate.o(.text.VL53L1_f_014)
    VL53L1_f_016                             0x08008761   Thumb Code   108  vl53l1_hist_algos_gen3.o(.text.VL53L1_f_016)
    VL53L1_f_018                             0x080087cd   Thumb Code   372  vl53l1_hist_algos_gen3.o(.text.VL53L1_f_018)
    VL53L1_f_019                             0x08008941   Thumb Code   502  vl53l1_hist_algos_gen3.o(.text.VL53L1_f_019)
    VL53L1_f_020                             0x08008b39   Thumb Code   128  vl53l1_hist_algos_gen3.o(.text.VL53L1_f_020)
    VL53L1_f_021                             0x08008bb9   Thumb Code   214  vl53l1_hist_algos_gen3.o(.text.VL53L1_f_021)
    VL53L1_f_022                             0x08008c91   Thumb Code   250  vl53l1_hist_algos_gen3.o(.text.VL53L1_f_022)
    VL53L1_f_023                             0x08008d8d   Thumb Code   102  vl53l1_hist_algos_gen3.o(.text.VL53L1_f_023)
    VL53L1_f_026                             0x08008df5   Thumb Code   204  vl53l1_hist_algos_gen3.o(.text.VL53L1_f_026)
    VL53L1_f_027                             0x08008ec1   Thumb Code   698  vl53l1_hist_algos_gen3.o(.text.VL53L1_f_027)
    VL53L1_f_028                             0x0800917d   Thumb Code  2376  vl53l1_hist_algos_gen3.o(.text.VL53L1_f_028)
    VL53L1_f_029                             0x08009ac5   Thumb Code   186  vl53l1_hist_algos_gen3.o(.text.VL53L1_f_029)
    VL53L1_f_033                             0x08009b81   Thumb Code   740  vl53l1_hist_algos_gen4.o(.text.VL53L1_f_033)
    VL53L1_f_034                             0x08009e65   Thumb Code   152  vl53l1_hist_algos_gen4.o(.text.VL53L1_f_034)
    VL53L1_f_035                             0x08009efd   Thumb Code   368  vl53l1_hist_algos_gen4.o(.text.VL53L1_f_035)
    VL53L1_f_039                             0x0800a06d   Thumb Code   964  vl53l1_hist_core.o(.text.VL53L1_f_039)
    VL53L1_f_040                             0x0800a431   Thumb Code   250  vl53l1_xtalk.o(.text.VL53L1_f_040)
    VL53L1_f_041                             0x0800a52d   Thumb Code   368  vl53l1_xtalk.o(.text.VL53L1_f_041)
    VL53L1_get_customer_nvm_managed          0x0800a69d   Thumb Code    96  vl53l1_register_funcs.o(.text.VL53L1_get_customer_nvm_managed)
    VL53L1_get_device_results                0x0800a6fd   Thumb Code  2330  vl53l1_api_core.o(.text.VL53L1_get_device_results)
    VL53L1_get_histogram_bin_data            0x0800b019   Thumb Code  9714  vl53l1_api_core.o(.text.VL53L1_get_histogram_bin_data)
    VL53L1_get_inter_measurement_period_ms   0x0800d60d   Thumb Code    30  vl53l1_api_core.o(.text.VL53L1_get_inter_measurement_period_ms)
    VL53L1_get_lite_min_count_rate           0x0800d62d   Thumb Code    10  vl53l1_api_core.o(.text.VL53L1_get_lite_min_count_rate)
    VL53L1_get_lite_sigma_threshold          0x0800d639   Thumb Code    10  vl53l1_api_core.o(.text.VL53L1_get_lite_sigma_threshold)
    VL53L1_get_nvm_copy_data                 0x0800d645   Thumb Code    44  vl53l1_register_funcs.o(.text.VL53L1_get_nvm_copy_data)
    VL53L1_get_preset_mode_timing_cfg        0x0800d671   Thumb Code   272  vl53l1_api_core.o(.text.VL53L1_get_preset_mode_timing_cfg)
    VL53L1_get_sequence_config_bit           0x0800d781   Thumb Code    44  vl53l1_api_core.o(.text.VL53L1_get_sequence_config_bit)
    VL53L1_get_static_nvm_managed            0x0800d7ad   Thumb Code   120  vl53l1_register_funcs.o(.text.VL53L1_get_static_nvm_managed)
    VL53L1_get_timeouts_us                   0x0800d825   Thumb Code   108  vl53l1_api_core.o(.text.VL53L1_get_timeouts_us)
    VL53L1_get_tuning_parm                   0x0800d891   Thumb Code  1976  vl53l1_api_core.o(.text.VL53L1_get_tuning_parm)
    VL53L1_get_zone_config                   0x0800e049   Thumb Code    20  vl53l1_api_core.o(.text.VL53L1_get_zone_config)
    VL53L1_hist_calc_zero_distance_phase     0x0800e05d   Thumb Code    60  vl53l1_core_support.o(.text.VL53L1_hist_calc_zero_distance_phase)
    VL53L1_hist_combine_mm1_mm2_offsets      0x0800e099   Thumb Code   172  vl53l1_core.o(.text.VL53L1_hist_combine_mm1_mm2_offsets)
    VL53L1_hist_copy_and_scale_ambient_info  0x0800e145   Thumb Code   152  vl53l1_core.o(.text.VL53L1_hist_copy_and_scale_ambient_info)
    VL53L1_hist_copy_results_to_sys_and_core 0x0800e1dd   Thumb Code   290  vl53l1_core.o(.text.VL53L1_hist_copy_results_to_sys_and_core)
    VL53L1_hist_estimate_ambient_from_ambient_bins 0x0800e301   Thumb Code   180  vl53l1_core_support.o(.text.VL53L1_hist_estimate_ambient_from_ambient_bins)
    VL53L1_hist_estimate_ambient_from_thresholded_bins 0x0800e3b5   Thumb Code   748  vl53l1_core_support.o(.text.VL53L1_hist_estimate_ambient_from_thresholded_bins)
    VL53L1_hist_events_consistency_check     0x0800e6a1   Thumb Code   318  vl53l1_core.o(.text.VL53L1_hist_events_consistency_check)
    VL53L1_hist_get_bin_sequence_config      0x0800e7e1   Thumb Code   394  vl53l1_core.o(.text.VL53L1_hist_get_bin_sequence_config)
    VL53L1_hist_phase_consistency_check      0x0800e96d   Thumb Code  1100  vl53l1_core.o(.text.VL53L1_hist_phase_consistency_check)
    VL53L1_hist_process_data                 0x0800edb9   Thumb Code   462  vl53l1_hist_funcs.o(.text.VL53L1_hist_process_data)
    VL53L1_hist_remove_ambient_bins          0x0800ef89   Thumb Code   426  vl53l1_core_support.o(.text.VL53L1_hist_remove_ambient_bins)
    VL53L1_hist_wrap_dmax                    0x0800f135   Thumb Code    46  vl53l1_core.o(.text.VL53L1_hist_wrap_dmax)
    VL53L1_hist_xmonitor_consistency_check   0x0800f165   Thumb Code   102  vl53l1_core.o(.text.VL53L1_hist_xmonitor_consistency_check)
    VL53L1_i2c_decode_core_results           0x0800f1cd   Thumb Code   124  vl53l1_register_funcs.o(.text.VL53L1_i2c_decode_core_results)
    VL53L1_i2c_decode_customer_nvm_managed   0x0800f249   Thumb Code   160  vl53l1_register_funcs.o(.text.VL53L1_i2c_decode_customer_nvm_managed)
    VL53L1_i2c_decode_debug_results          0x0800f2e9   Thumb Code   438  vl53l1_register_funcs.o(.text.VL53L1_i2c_decode_debug_results)
    VL53L1_i2c_decode_int16_t                0x0800f4a1   Thumb Code   152  vl53l1_core.o(.text.VL53L1_i2c_decode_int16_t)
    VL53L1_i2c_decode_int32_t                0x0800f539   Thumb Code   128  vl53l1_core.o(.text.VL53L1_i2c_decode_int32_t)
    VL53L1_i2c_decode_nvm_copy_data          0x0800f5b9   Thumb Code   334  vl53l1_register_funcs.o(.text.VL53L1_i2c_decode_nvm_copy_data)
    VL53L1_i2c_decode_system_results         0x0800f709   Thumb Code   290  vl53l1_register_funcs.o(.text.VL53L1_i2c_decode_system_results)
    VL53L1_i2c_decode_uint16_t               0x0800f82d   Thumb Code   114  vl53l1_core.o(.text.VL53L1_i2c_decode_uint16_t)
    VL53L1_i2c_decode_uint32_t               0x0800f8a1   Thumb Code    90  vl53l1_core.o(.text.VL53L1_i2c_decode_uint32_t)
    VL53L1_i2c_encode_customer_nvm_managed   0x0800f8fd   Thumb Code   168  vl53l1_register_funcs.o(.text.VL53L1_i2c_encode_customer_nvm_managed)
    VL53L1_i2c_encode_dynamic_config         0x0800f9a5   Thumb Code   138  vl53l1_register_funcs.o(.text.VL53L1_i2c_encode_dynamic_config)
    VL53L1_i2c_encode_general_config         0x0800fa31   Thumb Code   144  vl53l1_register_funcs.o(.text.VL53L1_i2c_encode_general_config)
    VL53L1_i2c_encode_int16_t                0x0800fac1   Thumb Code   108  vl53l1_core.o(.text.VL53L1_i2c_encode_int16_t)
    VL53L1_i2c_encode_static_config          0x0800fb2d   Thumb Code   226  vl53l1_register_funcs.o(.text.VL53L1_i2c_encode_static_config)
    VL53L1_i2c_encode_static_nvm_managed     0x0800fc11   Thumb Code   106  vl53l1_register_funcs.o(.text.VL53L1_i2c_encode_static_nvm_managed)
    VL53L1_i2c_encode_system_control         0x0800fc7d   Thumb Code    52  vl53l1_register_funcs.o(.text.VL53L1_i2c_encode_system_control)
    VL53L1_i2c_encode_timing_config          0x0800fcb1   Thumb Code   140  vl53l1_register_funcs.o(.text.VL53L1_i2c_encode_timing_config)
    VL53L1_i2c_encode_uint16_t               0x0800fd3d   Thumb Code   118  vl53l1_core.o(.text.VL53L1_i2c_encode_uint16_t)
    VL53L1_i2c_encode_uint32_t               0x0800fdb5   Thumb Code   102  vl53l1_core.o(.text.VL53L1_i2c_encode_uint32_t)
    VL53L1_init_and_start_range              0x0800fe1d   Thumb Code   594  vl53l1_api_core.o(.text.VL53L1_init_and_start_range)
    VL53L1_init_hist_gen3_dmax_config_struct 0x08010071   Thumb Code    56  vl53l1_api_preset_modes.o(.text.VL53L1_init_hist_gen3_dmax_config_struct)
    VL53L1_init_hist_post_process_config_struct 0x080100a9   Thumb Code   116  vl53l1_api_preset_modes.o(.text.VL53L1_init_hist_post_process_config_struct)
    VL53L1_init_histogram_bin_data_struct    0x0801011d   Thumb Code   336  vl53l1_core_support.o(.text.VL53L1_init_histogram_bin_data_struct)
    VL53L1_init_histogram_config_structure   0x0801026d   Thumb Code   154  vl53l1_core.o(.text.VL53L1_init_histogram_config_structure)
    VL53L1_init_histogram_multizone_config_structure 0x08010309   Thumb Code   148  vl53l1_core.o(.text.VL53L1_init_histogram_multizone_config_structure)
    VL53L1_init_ll_driver_state              0x0801039d   Thumb Code    38  vl53l1_core.o(.text.VL53L1_init_ll_driver_state)
    VL53L1_init_offset_cal_config_struct     0x080103c5   Thumb Code    36  vl53l1_api_preset_modes.o(.text.VL53L1_init_offset_cal_config_struct)
    VL53L1_init_refspadchar_config_struct    0x080103e9   Thumb Code    34  vl53l1_api_preset_modes.o(.text.VL53L1_init_refspadchar_config_struct)
    VL53L1_init_ssc_config_struct            0x0801040d   Thumb Code    26  vl53l1_api_preset_modes.o(.text.VL53L1_init_ssc_config_struct)
    VL53L1_init_tuning_parm_storage_struct   0x08010429   Thumb Code   462  vl53l1_api_preset_modes.o(.text.VL53L1_init_tuning_parm_storage_struct)
    VL53L1_init_version                      0x080105f9   Thumb Code    22  vl53l1_core.o(.text.VL53L1_init_version)
    VL53L1_init_xtalk_bin_data_struct        0x08010611   Thumb Code   152  vl53l1_core.o(.text.VL53L1_init_xtalk_bin_data_struct)
    VL53L1_init_xtalk_config_struct          0x080106a9   Thumb Code    98  vl53l1_api_preset_modes.o(.text.VL53L1_init_xtalk_config_struct)
    VL53L1_init_xtalk_extract_config_struct  0x0801070d   Thumb Code    58  vl53l1_api_preset_modes.o(.text.VL53L1_init_xtalk_extract_config_struct)
    VL53L1_init_zone_cal_config_struct       0x08010749   Thumb Code    38  vl53l1_api_preset_modes.o(.text.VL53L1_init_zone_cal_config_struct)
    VL53L1_init_zone_config_histogram_bins   0x08010771   Thumb Code    18  vl53l1_zone_presets.o(.text.VL53L1_init_zone_config_histogram_bins)
    VL53L1_init_zone_config_structure        0x08010785   Thumb Code   448  vl53l1_zone_presets.o(.text.VL53L1_init_zone_config_structure)
    VL53L1_ipp_hist_process_data             0x08010945   Thumb Code    40  vl53l1_platform_ipp.o(.text.VL53L1_ipp_hist_process_data)
    VL53L1_is_new_data_ready                 0x0801096d   Thumb Code    44  vl53l1_wait.o(.text.VL53L1_is_new_data_ready)
    VL53L1_isqrt                             0x08010999   Thumb Code   142  vl53l1_core_support.o(.text.VL53L1_isqrt)
    VL53L1_load_patch                        0x08010a29   Thumb Code   240  vl53l1_api_core.o(.text.VL53L1_load_patch)
    VL53L1_low_power_auto_data_init          0x08010b19   Thumb Code    36  vl53l1_core.o(.text.VL53L1_low_power_auto_data_init)
    VL53L1_low_power_auto_data_stop_range    0x08010b3d   Thumb Code    52  vl53l1_core.o(.text.VL53L1_low_power_auto_data_stop_range)
    VL53L1_low_power_auto_setup_manual_calibration 0x08010b71   Thumb Code    74  vl53l1_core.o(.text.VL53L1_low_power_auto_setup_manual_calibration)
    VL53L1_multizone_hist_bins_update        0x08010bbd   Thumb Code   158  vl53l1_core.o(.text.VL53L1_multizone_hist_bins_update)
    VL53L1_nvm_decode_cal_peak_rate_map      0x08010c5d   Thumb Code   354  vl53l1_nvm.o(.text.VL53L1_nvm_decode_cal_peak_rate_map)
    VL53L1_nvm_enable                        0x08010dc1   Thumb Code   108  vl53l1_nvm.o(.text.VL53L1_nvm_enable)
    VL53L1_nvm_read                          0x08010e2d   Thumb Code   120  vl53l1_nvm.o(.text.VL53L1_nvm_read)
    VL53L1_poll_for_boot_completion          0x08010ea5   Thumb Code    66  vl53l1_wait.o(.text.VL53L1_poll_for_boot_completion)
    VL53L1_preset_mode_histogram_characterisation 0x08010ee9   Thumb Code    48  vl53l1_api_preset_modes.o(.text.VL53L1_preset_mode_histogram_characterisation)
    VL53L1_preset_mode_histogram_long_range  0x08010f19   Thumb Code   304  vl53l1_api_preset_modes.o(.text.VL53L1_preset_mode_histogram_long_range)
    VL53L1_preset_mode_histogram_long_range_mm1 0x08011049   Thumb Code   228  vl53l1_api_preset_modes.o(.text.VL53L1_preset_mode_histogram_long_range_mm1)
    VL53L1_preset_mode_histogram_long_range_mm2 0x0801112d   Thumb Code    38  vl53l1_api_preset_modes.o(.text.VL53L1_preset_mode_histogram_long_range_mm2)
    VL53L1_preset_mode_histogram_medium_range 0x08011155   Thumb Code   300  vl53l1_api_preset_modes.o(.text.VL53L1_preset_mode_histogram_medium_range)
    VL53L1_preset_mode_histogram_medium_range_mm1 0x08011281   Thumb Code   228  vl53l1_api_preset_modes.o(.text.VL53L1_preset_mode_histogram_medium_range_mm1)
    VL53L1_preset_mode_histogram_medium_range_mm2 0x08011365   Thumb Code    38  vl53l1_api_preset_modes.o(.text.VL53L1_preset_mode_histogram_medium_range_mm2)
    VL53L1_preset_mode_histogram_multizone   0x0801138d   Thumb Code   192  vl53l1_api_preset_modes.o(.text.VL53L1_preset_mode_histogram_multizone)
    VL53L1_preset_mode_histogram_multizone_long_range 0x0801144d   Thumb Code   192  vl53l1_api_preset_modes.o(.text.VL53L1_preset_mode_histogram_multizone_long_range)
    VL53L1_preset_mode_histogram_multizone_short_range 0x0801150d   Thumb Code   192  vl53l1_api_preset_modes.o(.text.VL53L1_preset_mode_histogram_multizone_short_range)
    VL53L1_preset_mode_histogram_ranging     0x080115cd   Thumb Code   306  vl53l1_api_preset_modes.o(.text.VL53L1_preset_mode_histogram_ranging)
    VL53L1_preset_mode_histogram_ranging_mm1_cal 0x08011701   Thumb Code   234  vl53l1_api_preset_modes.o(.text.VL53L1_preset_mode_histogram_ranging_mm1_cal)
    VL53L1_preset_mode_histogram_ranging_mm2_cal 0x080117ed   Thumb Code    38  vl53l1_api_preset_modes.o(.text.VL53L1_preset_mode_histogram_ranging_mm2_cal)
    VL53L1_preset_mode_histogram_ranging_ref 0x08011815   Thumb Code   132  vl53l1_api_preset_modes.o(.text.VL53L1_preset_mode_histogram_ranging_ref)
    VL53L1_preset_mode_histogram_ranging_short_timing 0x08011899   Thumb Code   274  vl53l1_api_preset_modes.o(.text.VL53L1_preset_mode_histogram_ranging_short_timing)
    VL53L1_preset_mode_histogram_ranging_with_mm1 0x080119ad   Thumb Code   226  vl53l1_api_preset_modes.o(.text.VL53L1_preset_mode_histogram_ranging_with_mm1)
    VL53L1_preset_mode_histogram_ranging_with_mm2 0x08011a91   Thumb Code    38  vl53l1_api_preset_modes.o(.text.VL53L1_preset_mode_histogram_ranging_with_mm2)
    VL53L1_preset_mode_histogram_short_range 0x08011ab9   Thumb Code   300  vl53l1_api_preset_modes.o(.text.VL53L1_preset_mode_histogram_short_range)
    VL53L1_preset_mode_histogram_short_range_mm1 0x08011be5   Thumb Code   222  vl53l1_api_preset_modes.o(.text.VL53L1_preset_mode_histogram_short_range_mm1)
    VL53L1_preset_mode_histogram_short_range_mm2 0x08011cc5   Thumb Code    38  vl53l1_api_preset_modes.o(.text.VL53L1_preset_mode_histogram_short_range_mm2)
    VL53L1_preset_mode_histogram_xtalk_mm1   0x08011ced   Thumb Code   278  vl53l1_api_preset_modes.o(.text.VL53L1_preset_mode_histogram_xtalk_mm1)
    VL53L1_preset_mode_histogram_xtalk_mm2   0x08011e05   Thumb Code    38  vl53l1_api_preset_modes.o(.text.VL53L1_preset_mode_histogram_xtalk_mm2)
    VL53L1_preset_mode_histogram_xtalk_planar 0x08011e2d   Thumb Code   292  vl53l1_api_preset_modes.o(.text.VL53L1_preset_mode_histogram_xtalk_planar)
    VL53L1_preset_mode_low_power_auto_long_ranging 0x08011f51   Thumb Code   122  vl53l1_api_preset_modes.o(.text.VL53L1_preset_mode_low_power_auto_long_ranging)
    VL53L1_preset_mode_low_power_auto_ranging 0x08011fcd   Thumb Code    86  vl53l1_api_preset_modes.o(.text.VL53L1_preset_mode_low_power_auto_ranging)
    VL53L1_preset_mode_low_power_auto_short_ranging 0x08012025   Thumb Code   122  vl53l1_api_preset_modes.o(.text.VL53L1_preset_mode_low_power_auto_short_ranging)
    VL53L1_preset_mode_olt                   0x080120a1   Thumb Code    34  vl53l1_api_preset_modes.o(.text.VL53L1_preset_mode_olt)
    VL53L1_preset_mode_singleshot_ranging    0x080120c5   Thumb Code    60  vl53l1_api_preset_modes.o(.text.VL53L1_preset_mode_singleshot_ranging)
    VL53L1_preset_mode_special_histogram_short_range 0x08012101   Thumb Code   264  vl53l1_api_preset_modes.o(.text.VL53L1_preset_mode_special_histogram_short_range)
    VL53L1_preset_mode_standard_ranging      0x08012209   Thumb Code   358  vl53l1_api_preset_modes.o(.text.VL53L1_preset_mode_standard_ranging)
    VL53L1_preset_mode_standard_ranging_long_range 0x08012371   Thumb Code    72  vl53l1_api_preset_modes.o(.text.VL53L1_preset_mode_standard_ranging_long_range)
    VL53L1_preset_mode_standard_ranging_mm1_cal 0x080123b9   Thumb Code    46  vl53l1_api_preset_modes.o(.text.VL53L1_preset_mode_standard_ranging_mm1_cal)
    VL53L1_preset_mode_standard_ranging_mm2_cal 0x080123e9   Thumb Code    46  vl53l1_api_preset_modes.o(.text.VL53L1_preset_mode_standard_ranging_mm2_cal)
    VL53L1_preset_mode_standard_ranging_short_range 0x08012419   Thumb Code    72  vl53l1_api_preset_modes.o(.text.VL53L1_preset_mode_standard_ranging_short_range)
    VL53L1_preset_mode_timed_ranging         0x08012461   Thumb Code    66  vl53l1_api_preset_modes.o(.text.VL53L1_preset_mode_timed_ranging)
    VL53L1_preset_mode_timed_ranging_long_range 0x080124a5   Thumb Code   104  vl53l1_api_preset_modes.o(.text.VL53L1_preset_mode_timed_ranging_long_range)
    VL53L1_preset_mode_timed_ranging_short_range 0x0801250d   Thumb Code   104  vl53l1_api_preset_modes.o(.text.VL53L1_preset_mode_timed_ranging_short_range)
    VL53L1_range_maths                       0x08012575   Thumb Code   180  vl53l1_core_support.o(.text.VL53L1_range_maths)
    VL53L1_rate_maths                        0x08012629   Thumb Code    58  vl53l1_core_support.o(.text.VL53L1_rate_maths)
    VL53L1_rate_per_spad_maths               0x08012665   Thumb Code    34  vl53l1_core_support.o(.text.VL53L1_rate_per_spad_maths)
    VL53L1_read_nvm_additional_offset_cal_data 0x08012689   Thumb Code    74  vl53l1_nvm.o(.text.VL53L1_read_nvm_additional_offset_cal_data)
    VL53L1_read_nvm_cal_peak_rate_map        0x080126d5   Thumb Code    38  vl53l1_nvm.o(.text.VL53L1_read_nvm_cal_peak_rate_map)
    VL53L1_read_nvm_fmt_range_results_data   0x080126fd   Thumb Code   122  vl53l1_nvm.o(.text.VL53L1_read_nvm_fmt_range_results_data)
    VL53L1_read_nvm_optical_centre           0x08012779   Thumb Code    50  vl53l1_nvm.o(.text.VL53L1_read_nvm_optical_centre)
    VL53L1_read_nvm_raw_data                 0x080127ad   Thumb Code    88  vl53l1_nvm.o(.text.VL53L1_read_nvm_raw_data)
    VL53L1_read_p2p_data                     0x08012805   Thumb Code   394  vl53l1_api_core.o(.text.VL53L1_read_p2p_data)
    VL53L1_run_device_test                   0x08012991   Thumb Code   128  vl53l1_api_calibration.o(.text.VL53L1_run_device_test)
    VL53L1_run_ref_spad_char                 0x08012a11   Thumb Code   226  vl53l1_api_calibration.o(.text.VL53L1_run_ref_spad_char)
    VL53L1_save_cfg_data                     0x08012af5   Thumb Code    48  vl53l1_core.o(.text.VL53L1_save_cfg_data)
    VL53L1_set_dmax_mode                     0x08012b25   Thumb Code     8  vl53l1_api_core.o(.text.VL53L1_set_dmax_mode)
    VL53L1_set_histogram_multizone_initial_bin_config 0x08012b2d   Thumb Code    80  vl53l1_core.o(.text.VL53L1_set_histogram_multizone_initial_bin_config)
    VL53L1_set_inter_measurement_period_ms   0x08012b7d   Thumb Code    30  vl53l1_api_core.o(.text.VL53L1_set_inter_measurement_period_ms)
    VL53L1_set_lite_min_count_rate           0x08012b9d   Thumb Code    10  vl53l1_api_core.o(.text.VL53L1_set_lite_min_count_rate)
    VL53L1_set_lite_sigma_threshold          0x08012ba9   Thumb Code    10  vl53l1_api_core.o(.text.VL53L1_set_lite_sigma_threshold)
    VL53L1_set_preset_mode                   0x08012bb5   Thumb Code  1126  vl53l1_api_core.o(.text.VL53L1_set_preset_mode)
    VL53L1_set_ref_spad_char_config          0x0801301d   Thumb Code   196  vl53l1_core.o(.text.VL53L1_set_ref_spad_char_config)
    VL53L1_set_system_control                0x080130e1   Thumb Code    70  vl53l1_register_funcs.o(.text.VL53L1_set_system_control)
    VL53L1_set_timeouts_us                   0x08013129   Thumb Code    60  vl53l1_api_core.o(.text.VL53L1_set_timeouts_us)
    VL53L1_set_zone_config                   0x08013165   Thumb Code    50  vl53l1_api_core.o(.text.VL53L1_set_zone_config)
    VL53L1_start_test                        0x08013199   Thumb Code     8  vl53l1_core.o(.text.VL53L1_start_test)
    VL53L1_stop_range                        0x080131a1   Thumb Code    94  vl53l1_api_core.o(.text.VL53L1_stop_range)
    VL53L1_unload_patch                      0x08013201   Thumb Code    54  vl53l1_api_core.o(.text.VL53L1_unload_patch)
    VL53L1_update_ll_driver_cfg_state        0x08013239   Thumb Code   386  vl53l1_core.o(.text.VL53L1_update_ll_driver_cfg_state)
    VL53L1_update_ll_driver_rd_state         0x080133bd   Thumb Code   288  vl53l1_core.o(.text.VL53L1_update_ll_driver_rd_state)
    VL53L1_wait_for_test_completion          0x080134dd   Thumb Code    94  vl53l1_wait.o(.text.VL53L1_wait_for_test_completion)
    VL53L1_xtalk_cal_data_init               0x0801353d   Thumb Code    28  vl53l1_core.o(.text.VL53L1_xtalk_cal_data_init)
    VL53L1_zone_preset_xtalk_planar          0x08013559   Thumb Code    82  vl53l1_zone_presets.o(.text.VL53L1_zone_preset_xtalk_planar)
    fputc                                    0x080135ad   Thumb Code    50  custom.o(.text.fputc)
    main                                     0x080135e1   Thumb Code   300  main.o(.text.main)
    __0printf$6                              0x08013791   Thumb Code    22  printf6.o(i.__0printf$6)
    __1printf$6                              0x08013791   Thumb Code     0  printf6.o(i.__0printf$6)
    __2printf                                0x08013791   Thumb Code     0  printf6.o(i.__0printf$6)
    __scatterload_copy                       0x080137b1   Thumb Code    14  handlers.o(i.__scatterload_copy)
    __scatterload_null                       0x080137bf   Thumb Code     2  handlers.o(i.__scatterload_null)
    __scatterload_zeroinit                   0x080137c1   Thumb Code    14  handlers.o(i.__scatterload_zeroinit)
    putchar                                  0x08013b15   Thumb Code     6  putchar.o(i.putchar)
    puts                                     0x08013b21   Thumb Code    30  puts.o(i.puts)
    AHBPrescTable                            0x08013b5c   Data          16  system_stm32h5xx.o(.rodata.AHBPrescTable)
    APBPrescTable                            0x08013b6c   Data           8  system_stm32h5xx.o(.rodata.APBPrescTable)
    UARTPrescTable                           0x08013b74   Data          24  stm32h5xx_hal_uart.o(.rodata.UARTPrescTable)
    Region$$Table$$Base                      0x08013b9c   Number         0  anon$$obj.o(Region$$Table)
    Region$$Table$$Limit                     0x08013bbc   Number         0  anon$$obj.o(Region$$Table)
    __stdout                                 0x20000000   Data           4  stdout.o(.data)
    uwTickFreq                               0x20000004   Data           1  stm32h5xx_hal.o(.data..L_MergedGlobals)
    uwTickPrio                               0x20000008   Data           4  stm32h5xx_hal.o(.data..L_MergedGlobals)
    COM_USART                                0x20000038   Data           4  custom.o(.data.COM_USART)
    SystemCoreClock                          0x2000003c   Data           4  system_stm32h5xx.o(.data.SystemCoreClock)
    VL53L1CB_RANGING_SENSOR_Driver           0x20000040   Data          56  vl53l1cb.o(.data.VL53L1CB_RANGING_SENSOR_Driver)
    hi2c1                                    0x200000e8   Data          84  custom_bus.o(.bss..L_MergedGlobals)
    CUSTOM_RANGING_CompObj                   0x2000013c   Data           4  custom_ranging_sensor.o(.bss..L_MergedGlobals)
    _I2CBuffer                               0x200070d0   Data         256  vl53l1_platform.o(.bss._I2CBuffer)
    hcom_uart                                0x200071d0   Data         148  custom.o(.bss.hcom_uart)
    uwTick                                   0x20007264   Data           4  stm32h5xx_hal.o(.bss.uwTick)
    __initial_sp                             0x20007ae8   Data           0  startup_stm32h503xx.o(STACK)



==============================================================================

Memory Map of the image

  Image Entry point : 0x08000259

  Load Region LR_IROM1 (Base: 0x08000000, Size: 0x00013c38, Max: 0x00020000, ABSOLUTE)

    Execution Region ER_IROM1 (Exec base: 0x08000000, Load base: 0x08000000, Size: 0x00013bbc, Max: 0x00020000, ABSOLUTE)

    Exec Addr    Load Addr    Size         Type   Attr      Idx    E Section Name        Object

    0x08000000   0x08000000   0x00000258   Data   RO            3    RESET               startup_stm32h503xx.o
    0x08000258   0x08000258   0x00000000   Code   RO         2535  * .ARM.Collect$$$$00000000  mc_w.l(entry.o)
    0x08000258   0x08000258   0x00000004   Code   RO         2817    .ARM.Collect$$$$00000001  mc_w.l(entry2.o)
    0x0800025c   0x0800025c   0x00000004   Code   RO         2820    .ARM.Collect$$$$00000004  mc_w.l(entry5.o)
    0x08000260   0x08000260   0x00000000   Code   RO         2822    .ARM.Collect$$$$00000008  mc_w.l(entry7b.o)
    0x08000260   0x08000260   0x00000000   Code   RO         2824    .ARM.Collect$$$$0000000A  mc_w.l(entry8b.o)
    0x08000260   0x08000260   0x00000008   Code   RO         2825    .ARM.Collect$$$$0000000B  mc_w.l(entry9a.o)
    0x08000268   0x08000268   0x00000000   Code   RO         2827    .ARM.Collect$$$$0000000D  mc_w.l(entry10a.o)
    0x08000268   0x08000268   0x00000000   Code   RO         2829    .ARM.Collect$$$$0000000F  mc_w.l(entry11a.o)
    0x08000268   0x08000268   0x00000004   Code   RO         2818    .ARM.Collect$$$$00002712  mc_w.l(entry2.o)
    0x0800026c   0x0800026c   0x00000028   Code   RO            4    .text               startup_stm32h503xx.o
    0x08000294   0x08000294   0x00000062   Code   RO         2544    .text               mc_w.l(uldiv.o)
    0x080002f6   0x080002f6   0x00000062   Code   RO         2546    .text               mc_w.l(ldiv.o)
    0x08000358   0x08000358   0x00000024   Code   RO         2548    .text               mc_w.l(memcpya.o)
    0x0800037c   0x0800037c   0x00000024   Code   RO         2550    .text               mc_w.l(memseta.o)
    0x080003a0   0x080003a0   0x0000002c   Code   RO         2841    .text               mc_w.l(uidiv.o)
    0x080003cc   0x080003cc   0x0000001e   Code   RO         2843    .text               mc_w.l(llshl.o)
    0x080003ea   0x080003ea   0x00000020   Code   RO         2845    .text               mc_w.l(llushr.o)
    0x0800040a   0x0800040a   0x00000002   PAD
    0x0800040c   0x0800040c   0x00000024   Code   RO         2858    .text               mc_w.l(init.o)
    0x08000430   0x08000430   0x000000c4   Code   RO          164    .text.BSP_COM_Init  custom.o
    0x080004f4   0x080004f4   0x00000004   Code   RO           66    .text.BSP_GetTick   custom_bus.o
    0x080004f8   0x080004f8   0x00000050   Code   RO           50    .text.BSP_I2C1_DeInit  custom_bus.o
    0x08000548   0x08000548   0x000000f2   Code   RO           46    .text.BSP_I2C1_Init  custom_bus.o
    0x0800063a   0x0800063a   0x00000002   PAD
    0x0800063c   0x0800063c   0x00000042   Code   RO           64    .text.BSP_I2C1_Recv  custom_bus.o
    0x0800067e   0x0800067e   0x00000002   PAD
    0x08000680   0x08000680   0x00000042   Code   RO           62    .text.BSP_I2C1_Send  custom_bus.o
    0x080006c2   0x080006c2   0x00000002   PAD
    0x080006c4   0x080006c4   0x00000002   Code   RO           83    .text.BusFault_Handler  stm32h5xx_it.o
    0x080006c6   0x080006c6   0x00000002   PAD
    0x080006c8   0x080006c8   0x0000002c   Code   RO          118    .text.CUSTOM_RANGING_SENSOR_ConfigProfile  custom_ranging_sensor.o
    0x080006f4   0x080006f4   0x0000002c   Code   RO          116    .text.CUSTOM_RANGING_SENSOR_GetCapabilities  custom_ranging_sensor.o
    0x08000720   0x08000720   0x0000002c   Code   RO          124    .text.CUSTOM_RANGING_SENSOR_GetDistance  custom_ranging_sensor.o
    0x0800074c   0x0800074c   0x000000d6   Code   RO          110    .text.CUSTOM_RANGING_SENSOR_Init  custom_ranging_sensor.o
    0x08000822   0x08000822   0x00000002   PAD
    0x08000824   0x08000824   0x0000002c   Code   RO          114    .text.CUSTOM_RANGING_SENSOR_ReadID  custom_ranging_sensor.o
    0x08000850   0x08000850   0x0000002c   Code   RO          126    .text.CUSTOM_RANGING_SENSOR_Start  custom_ranging_sensor.o
    0x0800087c   0x0800087c   0x00000002   Code   RO           89    .text.DebugMon_Handler  stm32h5xx_it.o
    0x0800087e   0x0800087e   0x00000002   PAD
    0x08000880   0x08000880   0x00000006   Code   RO           15    .text.Error_Handler  main.o
    0x08000886   0x08000886   0x00000002   PAD
    0x08000888   0x08000888   0x00000028   Code   RO          867    .text.HAL_Delay     stm32h5xx_hal.o
    0x080008b0   0x080008b0   0x000000fa   Code   RO          649    .text.HAL_GPIO_DeInit  stm32h5xx_hal_gpio.o
    0x080009aa   0x080009aa   0x00000002   PAD
    0x080009ac   0x080009ac   0x0000019a   Code   RO          647    .text.HAL_GPIO_Init  stm32h5xx_hal_gpio.o
    0x08000b46   0x08000b46   0x00000002   PAD
    0x08000b48   0x08000b48   0x0000000a   Code   RO          651    .text.HAL_GPIO_ReadPin  stm32h5xx_hal_gpio.o
    0x08000b52   0x08000b52   0x00000002   PAD
    0x08000b54   0x08000b54   0x0000000c   Code   RO          653    .text.HAL_GPIO_WritePin  stm32h5xx_hal_gpio.o
    0x08000b60   0x08000b60   0x0000000c   Code   RO          859    .text.HAL_GetTick   stm32h5xx_hal.o
    0x08000b6c   0x08000b6c   0x0000004a   Code   RO          339    .text.HAL_I2CEx_ConfigAnalogFilter  stm32h5xx_hal_i2c_ex.o
    0x08000bb6   0x08000bb6   0x00000002   PAD
    0x08000bb8   0x08000bb8   0x00000048   Code   RO          341    .text.HAL_I2CEx_ConfigDigitalFilter  stm32h5xx_hal_i2c_ex.o
    0x08000c00   0x08000c00   0x00000036   Code   RO          189    .text.HAL_I2C_DeInit  stm32h5xx_hal_i2c.o
    0x08000c36   0x08000c36   0x00000002   PAD
    0x08000c38   0x08000c38   0x00000004   Code   RO          315    .text.HAL_I2C_GetError  stm32h5xx_hal_i2c.o
    0x08000c3c   0x08000c3c   0x00000006   Code   RO          311    .text.HAL_I2C_GetState  stm32h5xx_hal_i2c.o
    0x08000c42   0x08000c42   0x00000002   PAD
    0x08000c44   0x08000c44   0x000000ac   Code   RO          185    .text.HAL_I2C_Init  stm32h5xx_hal_i2c.o
    0x08000cf0   0x08000cf0   0x000001a6   Code   RO          201    .text.HAL_I2C_Master_Receive  stm32h5xx_hal_i2c.o
    0x08000e96   0x08000e96   0x00000002   PAD
    0x08000e98   0x08000e98   0x000001a2   Code   RO          193    .text.HAL_I2C_Master_Transmit  stm32h5xx_hal_i2c.o
    0x0800103a   0x0800103a   0x00000002   PAD
    0x0800103c   0x0800103c   0x00000002   Code   RO          191    .text.HAL_I2C_MspDeInit  stm32h5xx_hal_i2c.o
    0x0800103e   0x0800103e   0x00000002   PAD
    0x08001040   0x08001040   0x00000002   Code   RO          187    .text.HAL_I2C_MspInit  stm32h5xx_hal_i2c.o
    0x08001042   0x08001042   0x00000002   PAD
    0x08001044   0x08001044   0x00000020   Code   RO         1169    .text.HAL_ICACHE_ConfigAssociativityMode  stm32h5xx_hal_icache.o
    0x08001064   0x08001064   0x00000014   Code   RO         1173    .text.HAL_ICACHE_Enable  stm32h5xx_hal_icache.o
    0x08001078   0x08001078   0x0000001a   Code   RO          857    .text.HAL_IncTick   stm32h5xx_hal.o
    0x08001092   0x08001092   0x00000002   PAD
    0x08001094   0x08001094   0x0000004c   Code   RO          847    .text.HAL_Init      stm32h5xx_hal.o
    0x080010e0   0x080010e0   0x000000aa   Code   RO          849    .text.HAL_InitTick  stm32h5xx_hal.o
    0x0800118a   0x0800118a   0x00000002   PAD
    0x0800118c   0x0800118c   0x00000002   Code   RO          102    .text.HAL_MspInit   stm32h5xx_hal_msp.o
    0x0800118e   0x0800118e   0x00000002   PAD
    0x08001190   0x08001190   0x00000056   Code   RO          795    .text.HAL_NVIC_SetPriority  stm32h5xx_hal_cortex.o
    0x080011e6   0x080011e6   0x00000002   PAD
    0x080011e8   0x080011e8   0x00000020   Code   RO          793    .text.HAL_NVIC_SetPriorityGrouping  stm32h5xx_hal_cortex.o
    0x08001208   0x08001208   0x000001b4   Code   RO          520    .text.HAL_RCCEx_GetPLL1ClockFreq  stm32h5xx_hal_rcc_ex.o
    0x080013bc   0x080013bc   0x000001b4   Code   RO          522    .text.HAL_RCCEx_GetPLL2ClockFreq  stm32h5xx_hal_rcc_ex.o
    0x08001570   0x08001570   0x00000780   Code   RO          524    .text.HAL_RCCEx_GetPeriphCLKFreq  stm32h5xx_hal_rcc_ex.o
    0x08001cf0   0x08001cf0   0x000006c4   Code   RO          514    .text.HAL_RCCEx_PeriphCLKConfig  stm32h5xx_hal_rcc_ex.o
    0x080023b4   0x080023b4   0x0000026e   Code   RO          478    .text.HAL_RCC_ClockConfig  stm32h5xx_hal_rcc.o
    0x08002622   0x08002622   0x00000002   PAD
    0x08002624   0x08002624   0x00000030   Code   RO          476    .text.HAL_RCC_GetHCLKFreq  stm32h5xx_hal_rcc.o
    0x08002654   0x08002654   0x00000046   Code   RO          484    .text.HAL_RCC_GetPCLK1Freq  stm32h5xx_hal_rcc.o
    0x0800269a   0x0800269a   0x00000002   PAD
    0x0800269c   0x0800269c   0x00000046   Code   RO          486    .text.HAL_RCC_GetPCLK2Freq  stm32h5xx_hal_rcc.o
    0x080026e2   0x080026e2   0x00000002   PAD
    0x080026e4   0x080026e4   0x00000046   Code   RO          488    .text.HAL_RCC_GetPCLK3Freq  stm32h5xx_hal_rcc.o
    0x0800272a   0x0800272a   0x00000002   PAD
    0x0800272c   0x0800272c   0x0000012c   Code   RO          480    .text.HAL_RCC_GetSysClockFreq  stm32h5xx_hal_rcc.o
    0x08002858   0x08002858   0x0000064a   Code   RO          474    .text.HAL_RCC_OscConfig  stm32h5xx_hal_rcc.o
    0x08002ea2   0x08002ea2   0x00000002   PAD
    0x08002ea4   0x08002ea4   0x0000008e   Code   RO          819    .text.HAL_SYSTICK_CLKSourceConfig  stm32h5xx_hal_cortex.o
    0x08002f32   0x08002f32   0x00000002   PAD
    0x08002f34   0x08002f34   0x00000024   Code   RO          817    .text.HAL_SYSTICK_Config  stm32h5xx_hal_cortex.o
    0x08002f58   0x08002f58   0x00000030   Code   RO          821    .text.HAL_SYSTICK_GetCLKSourceConfig  stm32h5xx_hal_cortex.o
    0x08002f88   0x08002f88   0x00000036   Code   RO         1146    .text.HAL_UARTEx_DisableFifoMode  stm32h5xx_hal_uart_ex.o
    0x08002fbe   0x08002fbe   0x00000002   PAD
    0x08002fc0   0x08002fc0   0x0000008c   Code   RO         1150    .text.HAL_UARTEx_SetRxFifoThreshold  stm32h5xx_hal_uart_ex.o
    0x0800304c   0x0800304c   0x0000008c   Code   RO         1148    .text.HAL_UARTEx_SetTxFifoThreshold  stm32h5xx_hal_uart_ex.o
    0x080030d8   0x080030d8   0x00000068   Code   RO          985    .text.HAL_UART_Init  stm32h5xx_hal_uart.o
    0x08003140   0x08003140   0x00000002   Code   RO          987    .text.HAL_UART_MspInit  stm32h5xx_hal_uart.o
    0x08003142   0x08003142   0x00000002   PAD
    0x08003144   0x08003144   0x000001a0   Code   RO         1005    .text.HAL_UART_Transmit  stm32h5xx_hal_uart.o
    0x080032e4   0x080032e4   0x00000002   Code   RO           79    .text.HardFault_Handler  stm32h5xx_it.o
    0x080032e6   0x080032e6   0x00000002   PAD
    0x080032e8   0x080032e8   0x00000160   Code   RO          329    .text.I2C_IsErrorOccurred  stm32h5xx_hal_i2c.o
    0x08003448   0x08003448   0x00000102   Code   RO          195    .text.I2C_WaitOnFlagUntilTimeout  stm32h5xx_hal_i2c.o
    0x0800354a   0x0800354a   0x00000002   PAD
    0x0800354c   0x0800354c   0x000000d2   Code   RO          203    .text.I2C_WaitOnRXNEFlagUntilTimeout  stm32h5xx_hal_i2c.o
    0x0800361e   0x0800361e   0x00000002   PAD
    0x08003620   0x08003620   0x00000080   Code   RO          199    .text.I2C_WaitOnSTOPFlagUntilTimeout  stm32h5xx_hal_i2c.o
    0x080036a0   0x080036a0   0x000000ac   Code   RO          197    .text.I2C_WaitOnTXISFlagUntilTimeout  stm32h5xx_hal_i2c.o
    0x0800374c   0x0800374c   0x00000072   Code   RO           27    .text.MX_GPIO_Init  gpio.o
    0x080037be   0x080037be   0x00000002   PAD
    0x080037c0   0x080037c0   0x0000004e   Code   RO           48    .text.MX_I2C1_Init  custom_bus.o
    0x0800380e   0x0800380e   0x00000002   PAD
    0x08003810   0x08003810   0x00000022   Code   RO           37    .text.MX_ICACHE_Init  icache.o
    0x08003832   0x08003832   0x00000002   PAD
    0x08003834   0x08003834   0x00000074   Code   RO          148    .text.MX_TOF_Init   app_tof.o
    0x080038a8   0x080038a8   0x0000005c   Code   RO          166    .text.MX_USART1_UART_Init  custom.o
    0x08003904   0x08003904   0x00000002   Code   RO           81    .text.MemManage_Handler  stm32h5xx_it.o
    0x08003906   0x08003906   0x00000002   PAD
    0x08003908   0x08003908   0x00000002   Code   RO           77    .text.NMI_Handler   stm32h5xx_it.o
    0x0800390a   0x0800390a   0x00000002   PAD
    0x0800390c   0x0800390c   0x00000002   Code   RO           91    .text.PendSV_Handler  stm32h5xx_it.o
    0x0800390e   0x0800390e   0x00000002   PAD
    0x08003910   0x08003910   0x000000f0   Code   RO          516    .text.RCCEx_PLL2_Config  stm32h5xx_hal_rcc_ex.o
    0x08003a00   0x08003a00   0x00000002   Code   RO           87    .text.SVC_Handler   stm32h5xx_it.o
    0x08003a02   0x08003a02   0x00000002   PAD
    0x08003a04   0x08003a04   0x000000e4   Code   RO         1258    .text.SetPresetMode  vl53l1_api.o
    0x08003ae8   0x08003ae8   0x00000004   Code   RO           93    .text.SysTick_Handler  stm32h5xx_it.o
    0x08003aec   0x08003aec   0x000000c6   Code   RO           13    .text.SystemClock_Config  main.o
    0x08003bb2   0x08003bb2   0x00000002   PAD
    0x08003bb4   0x08003bb4   0x000000a8   Code   RO         1211    .text.SystemInit    system_stm32h5xx.o
    0x08003c5c   0x08003c5c   0x000000e8   Code   RO          989    .text.UART_AdvFeatureConfig  stm32h5xx_hal_uart.o
    0x08003d44   0x08003d44   0x0000016e   Code   RO          993    .text.UART_CheckIdleState  stm32h5xx_hal_uart.o
    0x08003eb2   0x08003eb2   0x00000002   PAD
    0x08003eb4   0x08003eb4   0x000001ae   Code   RO          991    .text.UART_SetConfig  stm32h5xx_hal_uart.o
    0x08004062   0x08004062   0x00000002   PAD
    0x08004064   0x08004064   0x00000350   Code   RO         1007    .text.UART_WaitOnFlagUntilTimeout  stm32h5xx_hal_uart.o
    0x080043b4   0x080043b4   0x00000002   Code   RO           85    .text.UsageFault_Handler  stm32h5xx_it.o
    0x080043b6   0x080043b6   0x00000002   PAD
    0x080043b8   0x080043b8   0x00000076   Code   RO         1765    .text.V53L1_init_zone_dss_configs  vl53l1_core.o
    0x0800442e   0x0800442e   0x00000002   PAD
    0x08004430   0x08004430   0x0000008a   Code   RO         1763    .text.V53L1_init_zone_results_structure  vl53l1_core.o
    0x080044ba   0x080044ba   0x00000002   PAD
    0x080044bc   0x080044bc   0x00000006   Code   RO         2504    .text.VL53L1CB_ConfigIT  vl53l1cb.o
    0x080044c2   0x080044c2   0x00000002   PAD
    0x080044c4   0x080044c4   0x00000062   Code   RO         2500    .text.VL53L1CB_ConfigProfile  vl53l1cb.o
    0x08004526   0x08004526   0x00000002   PAD
    0x08004528   0x08004528   0x00000038   Code   RO         2502    .text.VL53L1CB_ConfigROI  vl53l1cb.o
    0x08004560   0x08004560   0x00000024   Code   RO         2494    .text.VL53L1CB_DeInit  vl53l1cb.o
    0x08004584   0x08004584   0x00000018   Code   RO         2514    .text.VL53L1CB_GetAddress  vl53l1cb.o
    0x0800459c   0x0800459c   0x00000020   Code   RO         2498    .text.VL53L1CB_GetCapabilities  vl53l1cb.o
    0x080045bc   0x080045bc   0x00000840   Code   RO         2506    .text.VL53L1CB_GetDistance  vl53l1cb.o
    0x08004dfc   0x08004dfc   0x00000006   Code   RO         2518    .text.VL53L1CB_GetPowerMode  vl53l1cb.o
    0x08004e02   0x08004e02   0x00000002   PAD
    0x08004e04   0x08004e04   0x00000048   Code   RO         2492    .text.VL53L1CB_Init  vl53l1cb.o
    0x08004e4c   0x08004e4c   0x0000002c   Code   RO         2496    .text.VL53L1CB_ReadID  vl53l1cb.o
    0x08004e78   0x08004e78   0x00000038   Code   RO         2520    .text.VL53L1CB_RegisterBusIO  vl53l1cb.o
    0x08004eb0   0x08004eb0   0x00000024   Code   RO         2512    .text.VL53L1CB_SetAddress  vl53l1cb.o
    0x08004ed4   0x08004ed4   0x00000006   Code   RO         2516    .text.VL53L1CB_SetPowerMode  vl53l1cb.o
    0x08004eda   0x08004eda   0x00000002   PAD
    0x08004edc   0x08004edc   0x00000070   Code   RO         2508    .text.VL53L1CB_Start  vl53l1cb.o
    0x08004f4c   0x08004f4c   0x0000002c   Code   RO         2510    .text.VL53L1CB_Stop  vl53l1cb.o
    0x08004f78   0x08004f78   0x00000006   Code   RO         1316    .text.VL53L1_ClearInterruptAndStartMeasurement  vl53l1_api.o
    0x08004f7e   0x08004f7e   0x00000002   PAD
    0x08004f80   0x08004f80   0x00000050   Code   RO         1244    .text.VL53L1_DataInit  vl53l1_api.o
    0x08004fd0   0x08004fd0   0x00000004   Code   RO         1318    .text.VL53L1_GetMeasurementDataReady  vl53l1_api.o
    0x08004fd4   0x08004fd4   0x000000fc   Code   RO         1274    .text.VL53L1_GetMeasurementTimingBudgetMicroSeconds  vl53l1_api.o
    0x080050d0   0x080050d0   0x000008d2   Code   RO         1324    .text.VL53L1_GetMultiRangingData  vl53l1_api.o
    0x080059a2   0x080059a2   0x00000002   PAD
    0x080059a4   0x080059a4   0x0000012a   Code   RO         1332    .text.VL53L1_PerformRefSpadManagement  vl53l1_api.o
    0x08005ace   0x08005ace   0x00000002   PAD
    0x08005ad0   0x08005ad0   0x0000003a   Code   RO         2445    .text.VL53L1_RdByte  vl53l1_platform.o
    0x08005b0a   0x08005b0a   0x00000002   PAD
    0x08005b0c   0x08005b0c   0x00000046   Code   RO         2447    .text.VL53L1_RdWord  vl53l1_platform.o
    0x08005b52   0x08005b52   0x00000002   PAD
    0x08005b54   0x08005b54   0x0000003a   Code   RO         2435    .text.VL53L1_ReadMulti  vl53l1_platform.o
    0x08005b8e   0x08005b8e   0x00000002   PAD
    0x08005b90   0x08005b90   0x00000014   Code   RO         1242    .text.VL53L1_SetDeviceAddress  vl53l1_api.o
    0x08005ba4   0x08005ba4   0x00000096   Code   RO         1252    .text.VL53L1_SetDistanceMode  vl53l1_api.o
    0x08005c3a   0x08005c3a   0x00000002   PAD
    0x08005c3c   0x08005c3c   0x0000014c   Code   RO         1260    .text.VL53L1_SetMeasurementTimingBudgetMicroSeconds  vl53l1_api.o
    0x08005d88   0x08005d88   0x000000ae   Code   RO         1302    .text.VL53L1_SetROI  vl53l1_api.o
    0x08005e36   0x08005e36   0x00000002   PAD
    0x08005e38   0x08005e38   0x000000ee   Code   RO         1312    .text.VL53L1_StartMeasurement  vl53l1_api.o
    0x08005f26   0x08005f26   0x00000002   PAD
    0x08005f28   0x08005f28   0x000000b6   Code   RO         1248    .text.VL53L1_StaticInit  vl53l1_api.o
    0x08005fde   0x08005fde   0x00000002   PAD
    0x08005fe0   0x08005fe0   0x00000028   Code   RO         1314    .text.VL53L1_StopMeasurement  vl53l1_api.o
    0x08006008   0x08006008   0x00000008   Code   RO         1256    .text.VL53L1_WaitDeviceBooted  vl53l1_api.o
    0x08006010   0x08006010   0x0000001a   Code   RO         2455    .text.VL53L1_WaitMs  vl53l1_platform.o
    0x0800602a   0x0800602a   0x00000002   PAD
    0x0800602c   0x0800602c   0x0000002a   Code   RO         2457    .text.VL53L1_WaitUs  vl53l1_platform.o
    0x08006056   0x08006056   0x00000002   PAD
    0x08006058   0x08006058   0x000001a2   Code   RO         2459    .text.VL53L1_WaitValueMaskEx  vl53l1_platform.o
    0x080061fa   0x080061fa   0x00000002   PAD
    0x080061fc   0x080061fc   0x0000002c   Code   RO         2437    .text.VL53L1_WrByte  vl53l1_platform.o
    0x08006228   0x08006228   0x00000030   Code   RO         2439    .text.VL53L1_WrWord  vl53l1_platform.o
    0x08006258   0x08006258   0x00000044   Code   RO         2433    .text.VL53L1_WriteMulti  vl53l1_platform.o
    0x0800629c   0x0800629c   0x00000008   Code   RO         1821    .text.VL53L1_calc_crosstalk_plane_offset_with_margin  vl53l1_core.o
    0x080062a4   0x080062a4   0x0000001c   Code   RO         1823    .text.VL53L1_calc_decoded_timeout_us  vl53l1_core.o
    0x080062c0   0x080062c0   0x00000020   Code   RO         1809    .text.VL53L1_calc_macro_period_us  vl53l1_core.o
    0x080062e0   0x080062e0   0x00000146   Code   RO         1877    .text.VL53L1_calc_max_effective_spads  vl53l1_core.o
    0x08006426   0x08006426   0x00000002   PAD
    0x08006428   0x08006428   0x00000202   Code   RO         1851    .text.VL53L1_calc_mm_effective_spads  vl53l1_core.o
    0x0800662a   0x0800662a   0x00000002   PAD
    0x0800662c   0x0800662c   0x00000022   Code   RO         1961    .text.VL53L1_calc_pll_period_mm  vl53l1_core_support.o
    0x0800664e   0x0800664e   0x00000002   PAD
    0x08006650   0x08006650   0x00000010   Code   RO         1943    .text.VL53L1_calc_pll_period_us  vl53l1_core_support.o
    0x08006660   0x08006660   0x00000064   Code   RO         1811    .text.VL53L1_calc_range_ignore_threshold  vl53l1_core.o
    0x080066c4   0x080066c4   0x00000268   Code   RO         1827    .text.VL53L1_calc_timeout_register_values  vl53l1_core.o
    0x0800692c   0x0800692c   0x00000012   Code   RO         1819    .text.VL53L1_calc_timeout_us  vl53l1_core.o
    0x0800693e   0x0800693e   0x00000002   PAD
    0x08006940   0x08006940   0x000000a6   Code   RO         1755    .text.VL53L1_check_ll_driver_rd_state  vl53l1_core.o
    0x080069e6   0x080069e6   0x00000002   PAD
    0x080069e8   0x080069e8   0x0000000e   Code   RO         1805    .text.VL53L1_clear_interrupt  vl53l1_core.o
    0x080069f6   0x080069f6   0x00000002   PAD
    0x080069f8   0x080069f8   0x00000006   Code   RO         1544    .text.VL53L1_clear_interrupt_and_enable_next_range  vl53l1_api_core.o
    0x080069fe   0x080069fe   0x00000002   PAD
    0x08006a00   0x08006a00   0x0000003e   Code   RO         1913    .text.VL53L1_compute_histo_merge_nb  vl53l1_core.o
    0x08006a3e   0x08006a3e   0x00000002   PAD
    0x08006a40   0x08006a40   0x00000204   Code   RO         1933    .text.VL53L1_compute_nb_frame_in_buffer  vl53l1_core.o
    0x08006c44   0x08006c44   0x0000000e   Code   RO         1927    .text.VL53L1_config_low_power_auto_mode  vl53l1_core.o
    0x08006c52   0x08006c52   0x00000002   PAD
    0x08006c54   0x08006c54   0x00000050   Code   RO         1718    .text.VL53L1_copy_hist_bins_to_static_cfg  vl53l1_api_preset_modes.o
    0x08006ca4   0x08006ca4   0x000000a2   Code   RO         1759    .text.VL53L1_copy_rtn_good_spads_to_buffer  vl53l1_core.o
    0x08006d46   0x08006d46   0x00000002   PAD
    0x08006d48   0x08006d48   0x0000017a   Code   RO         1542    .text.VL53L1_copy_sys_and_core_results_to_range_results  vl53l1_api_core.o
    0x08006ec2   0x08006ec2   0x00000002   PAD
    0x08006ec4   0x08006ec4   0x0000002c   Code   RO         1969    .text.VL53L1_copy_xtalk_bin_data_to_histogram_data_struct  vl53l1_core_support.o
    0x08006ef0   0x08006ef0   0x00000454   Code   RO         1418    .text.VL53L1_data_init  vl53l1_api_core.o
    0x08007344   0x08007344   0x00000026   Code   RO         1973    .text.VL53L1_decode_row_col  vl53l1_core_support.o
    0x0800736a   0x0800736a   0x00000002   PAD
    0x0800736c   0x0800736c   0x0000000c   Code   RO         1825    .text.VL53L1_decode_timeout  vl53l1_core.o
    0x08007378   0x08007378   0x0000000a   Code   RO         1953    .text.VL53L1_decode_vcsel_period  vl53l1_core_support.o
    0x08007382   0x08007382   0x00000002   PAD
    0x08007384   0x08007384   0x0000000e   Code   RO         1797    .text.VL53L1_disable_firmware  vl53l1_core.o
    0x08007392   0x08007392   0x00000002   PAD
    0x08007394   0x08007394   0x0000000e   Code   RO         1803    .text.VL53L1_disable_powerforce  vl53l1_core.o
    0x080073a2   0x080073a2   0x00000002   PAD
    0x080073a4   0x080073a4   0x00000028   Code   RO         1945    .text.VL53L1_duration_maths  vl53l1_core_support.o
    0x080073cc   0x080073cc   0x0000000e   Code   RO         1584    .text.VL53L1_dynamic_xtalk_correction_apply_disable  vl53l1_api_core.o
    0x080073da   0x080073da   0x00000002   PAD
    0x080073dc   0x080073dc   0x00000238   Code   RO         1911    .text.VL53L1_dynamic_xtalk_correction_calc_new_xtalk  vl53l1_core.o
    0x08007614   0x08007614   0x000005c6   Code   RO         1915    .text.VL53L1_dynamic_xtalk_correction_corrector  vl53l1_core.o
    0x08007bda   0x08007bda   0x00000002   PAD
    0x08007bdc   0x08007bdc   0x000000aa   Code   RO         1919    .text.VL53L1_dynamic_xtalk_correction_data_init  vl53l1_core.o
    0x08007c86   0x08007c86   0x00000002   PAD
    0x08007c88   0x08007c88   0x0000000e   Code   RO         1580    .text.VL53L1_dynamic_xtalk_correction_disable  vl53l1_api_core.o
    0x08007c96   0x08007c96   0x00000002   PAD
    0x08007c98   0x08007c98   0x0000000e   Code   RO         1588    .text.VL53L1_dynamic_xtalk_correction_single_apply_disable  vl53l1_api_core.o
    0x08007ca6   0x08007ca6   0x00000002   PAD
    0x08007ca8   0x08007ca8   0x00000104   Code   RO         1887    .text.VL53L1_dynamic_zone_update  vl53l1_core.o
    0x08007dac   0x08007dac   0x0000000e   Code   RO         1795    .text.VL53L1_enable_firmware  vl53l1_core.o
    0x08007dba   0x08007dba   0x00000002   PAD
    0x08007dbc   0x08007dbc   0x0000000e   Code   RO         1801    .text.VL53L1_enable_powerforce  vl53l1_core.o
    0x08007dca   0x08007dca   0x00000002   PAD
    0x08007dcc   0x08007dcc   0x00000014   Code   RO         1867    .text.VL53L1_encode_row_col  vl53l1_core.o
    0x08007de0   0x08007de0   0x00000008   Code   RO         1871    .text.VL53L1_encode_zone_size  vl53l1_core.o
    0x08007de8   0x08007de8   0x00000042   Code   RO         1947    .text.VL53L1_events_per_spad_maths  vl53l1_core_support.o
    0x08007e2a   0x08007e2a   0x00000002   PAD
    0x08007e2c   0x08007e2c   0x00000260   Code   RO         1985    .text.VL53L1_f_001  vl53l1_dmax.o
    0x0800808c   0x0800808c   0x0000035e   Code   RO         2079    .text.VL53L1_f_004  vl53l1_hist_core.o
    0x080083ea   0x080083ea   0x00000002   PAD
    0x080083ec   0x080083ec   0x000000a4   Code   RO         2073    .text.VL53L1_f_011  vl53l1_hist_core.o
    0x08008490   0x08008490   0x00000054   Code   RO         2075    .text.VL53L1_f_012  vl53l1_hist_core.o
    0x080084e4   0x080084e4   0x00000062   Code   RO         2071    .text.VL53L1_f_013  vl53l1_hist_core.o
    0x08008546   0x08008546   0x00000002   PAD
    0x08008548   0x08008548   0x00000218   Code   RO         2332    .text.VL53L1_f_014  vl53l1_sigma_estimate.o
    0x08008760   0x08008760   0x0000006c   Code   RO         2007    .text.VL53L1_f_016  vl53l1_hist_algos_gen3.o
    0x080087cc   0x080087cc   0x00000174   Code   RO         2009    .text.VL53L1_f_018  vl53l1_hist_algos_gen3.o
    0x08008940   0x08008940   0x000001f6   Code   RO         2011    .text.VL53L1_f_019  vl53l1_hist_algos_gen3.o
    0x08008b36   0x08008b36   0x00000002   PAD
    0x08008b38   0x08008b38   0x00000080   Code   RO         2013    .text.VL53L1_f_020  vl53l1_hist_algos_gen3.o
    0x08008bb8   0x08008bb8   0x000000d6   Code   RO         2015    .text.VL53L1_f_021  vl53l1_hist_algos_gen3.o
    0x08008c8e   0x08008c8e   0x00000002   PAD
    0x08008c90   0x08008c90   0x000000fa   Code   RO         2019    .text.VL53L1_f_022  vl53l1_hist_algos_gen3.o
    0x08008d8a   0x08008d8a   0x00000002   PAD
    0x08008d8c   0x08008d8c   0x00000066   Code   RO         2025    .text.VL53L1_f_023  vl53l1_hist_algos_gen3.o
    0x08008df2   0x08008df2   0x00000002   PAD
    0x08008df4   0x08008df4   0x000000cc   Code   RO         2027    .text.VL53L1_f_026  vl53l1_hist_algos_gen3.o
    0x08008ec0   0x08008ec0   0x000002ba   Code   RO         2021    .text.VL53L1_f_027  vl53l1_hist_algos_gen3.o
    0x0800917a   0x0800917a   0x00000002   PAD
    0x0800917c   0x0800917c   0x00000948   Code   RO         2017    .text.VL53L1_f_028  vl53l1_hist_algos_gen3.o
    0x08009ac4   0x08009ac4   0x000000ba   Code   RO         2029    .text.VL53L1_f_029  vl53l1_hist_algos_gen3.o
    0x08009b7e   0x08009b7e   0x00000002   PAD
    0x08009b80   0x08009b80   0x000002e4   Code   RO         2041    .text.VL53L1_f_033  vl53l1_hist_algos_gen4.o
    0x08009e64   0x08009e64   0x00000098   Code   RO         2043    .text.VL53L1_f_034  vl53l1_hist_algos_gen4.o
    0x08009efc   0x08009efc   0x00000170   Code   RO         2045    .text.VL53L1_f_035  vl53l1_hist_algos_gen4.o
    0x0800a06c   0x0800a06c   0x000003c4   Code   RO         2083    .text.VL53L1_f_039  vl53l1_hist_core.o
    0x0800a430   0x0800a430   0x000000fa   Code   RO         2401    .text.VL53L1_f_040  vl53l1_xtalk.o
    0x0800a52a   0x0800a52a   0x00000002   PAD
    0x0800a52c   0x0800a52c   0x00000170   Code   RO         2403    .text.VL53L1_f_041  vl53l1_xtalk.o
    0x0800a69c   0x0800a69c   0x00000060   Code   RO         2162    .text.VL53L1_get_customer_nvm_managed  vl53l1_register_funcs.o
    0x0800a6fc   0x0800a6fc   0x0000091a   Code   RO         1536    .text.VL53L1_get_device_results  vl53l1_api_core.o
    0x0800b016   0x0800b016   0x00000002   PAD
    0x0800b018   0x0800b018   0x000025f2   Code   RO         1538    .text.VL53L1_get_histogram_bin_data  vl53l1_api_core.o
    0x0800d60a   0x0800d60a   0x00000002   PAD
    0x0800d60c   0x0800d60c   0x0000001e   Code   RO         1434    .text.VL53L1_get_inter_measurement_period_ms  vl53l1_api_core.o
    0x0800d62a   0x0800d62a   0x00000002   PAD
    0x0800d62c   0x0800d62c   0x0000000a   Code   RO         1504    .text.VL53L1_get_lite_min_count_rate  vl53l1_api_core.o
    0x0800d636   0x0800d636   0x00000002   PAD
    0x0800d638   0x0800d638   0x0000000a   Code   RO         1500    .text.VL53L1_get_lite_sigma_threshold  vl53l1_api_core.o
    0x0800d642   0x0800d642   0x00000002   PAD
    0x0800d644   0x0800d644   0x0000002c   Code   RO         2234    .text.VL53L1_get_nvm_copy_data  vl53l1_register_funcs.o
    0x0800d670   0x0800d670   0x00000110   Code   RO         1468    .text.VL53L1_get_preset_mode_timing_cfg  vl53l1_api_core.o
    0x0800d780   0x0800d780   0x0000002c   Code   RO         1446    .text.VL53L1_get_sequence_config_bit  vl53l1_api_core.o
    0x0800d7ac   0x0800d7ac   0x00000078   Code   RO         2154    .text.VL53L1_get_static_nvm_managed  vl53l1_register_funcs.o
    0x0800d824   0x0800d824   0x0000006c   Code   RO         1438    .text.VL53L1_get_timeouts_us  vl53l1_api_core.o
    0x0800d890   0x0800d890   0x000007b8   Code   RO         1410    .text.VL53L1_get_tuning_parm  vl53l1_api_core.o
    0x0800e048   0x0800e048   0x00000014   Code   RO         1466    .text.VL53L1_get_zone_config  vl53l1_api_core.o
    0x0800e05c   0x0800e05c   0x0000003c   Code   RO         1951    .text.VL53L1_hist_calc_zero_distance_phase  vl53l1_core_support.o
    0x0800e098   0x0800e098   0x000000ac   Code   RO         1849    .text.VL53L1_hist_combine_mm1_mm2_offsets  vl53l1_core.o
    0x0800e144   0x0800e144   0x00000098   Code   RO         1835    .text.VL53L1_hist_copy_and_scale_ambient_info  vl53l1_core.o
    0x0800e1dc   0x0800e1dc   0x00000122   Code   RO         1879    .text.VL53L1_hist_copy_results_to_sys_and_core  vl53l1_core.o
    0x0800e2fe   0x0800e2fe   0x00000002   PAD
    0x0800e300   0x0800e300   0x000000b4   Code   RO         1975    .text.VL53L1_hist_estimate_ambient_from_ambient_bins  vl53l1_core_support.o
    0x0800e3b4   0x0800e3b4   0x000002ec   Code   RO         1955    .text.VL53L1_hist_estimate_ambient_from_thresholded_bins  vl53l1_core_support.o
    0x0800e6a0   0x0800e6a0   0x0000013e   Code   RO         1841    .text.VL53L1_hist_events_consistency_check  vl53l1_core.o
    0x0800e7de   0x0800e7de   0x00000002   PAD
    0x0800e7e0   0x0800e7e0   0x0000018a   Code   RO         1837    .text.VL53L1_hist_get_bin_sequence_config  vl53l1_core.o
    0x0800e96a   0x0800e96a   0x00000002   PAD
    0x0800e96c   0x0800e96c   0x0000044c   Code   RO         1839    .text.VL53L1_hist_phase_consistency_check  vl53l1_core.o
    0x0800edb8   0x0800edb8   0x000001ce   Code   RO         2093    .text.VL53L1_hist_process_data  vl53l1_hist_funcs.o
    0x0800ef86   0x0800ef86   0x00000002   PAD
    0x0800ef88   0x0800ef88   0x000001aa   Code   RO         1959    .text.VL53L1_hist_remove_ambient_bins  vl53l1_core_support.o
    0x0800f132   0x0800f132   0x00000002   PAD
    0x0800f134   0x0800f134   0x0000002e   Code   RO         1847    .text.VL53L1_hist_wrap_dmax  vl53l1_core.o
    0x0800f162   0x0800f162   0x00000002   PAD
    0x0800f164   0x0800f164   0x00000066   Code   RO         1845    .text.VL53L1_hist_xmonitor_consistency_check  vl53l1_core.o
    0x0800f1ca   0x0800f1ca   0x00000002   PAD
    0x0800f1cc   0x0800f1cc   0x0000007c   Code   RO         2214    .text.VL53L1_i2c_decode_core_results  vl53l1_register_funcs.o
    0x0800f248   0x0800f248   0x000000a0   Code   RO         2158    .text.VL53L1_i2c_decode_customer_nvm_managed  vl53l1_register_funcs.o
    0x0800f2e8   0x0800f2e8   0x000001b6   Code   RO         2222    .text.VL53L1_i2c_decode_debug_results  vl53l1_register_funcs.o
    0x0800f49e   0x0800f49e   0x00000002   PAD
    0x0800f4a0   0x0800f4a0   0x00000098   Code   RO         1779    .text.VL53L1_i2c_decode_int16_t  vl53l1_core.o
    0x0800f538   0x0800f538   0x00000080   Code   RO         1789    .text.VL53L1_i2c_decode_int32_t  vl53l1_core.o
    0x0800f5b8   0x0800f5b8   0x0000014e   Code   RO         2230    .text.VL53L1_i2c_decode_nvm_copy_data  vl53l1_register_funcs.o
    0x0800f706   0x0800f706   0x00000002   PAD
    0x0800f708   0x0800f708   0x00000122   Code   RO         2206    .text.VL53L1_i2c_decode_system_results  vl53l1_register_funcs.o
    0x0800f82a   0x0800f82a   0x00000002   PAD
    0x0800f82c   0x0800f82c   0x00000072   Code   RO         1775    .text.VL53L1_i2c_decode_uint16_t  vl53l1_core.o
    0x0800f89e   0x0800f89e   0x00000002   PAD
    0x0800f8a0   0x0800f8a0   0x0000005a   Code   RO         1783    .text.VL53L1_i2c_decode_uint32_t  vl53l1_core.o
    0x0800f8fa   0x0800f8fa   0x00000002   PAD
    0x0800f8fc   0x0800f8fc   0x000000a8   Code   RO         2156    .text.VL53L1_i2c_encode_customer_nvm_managed  vl53l1_register_funcs.o
    0x0800f9a4   0x0800f9a4   0x0000008a   Code   RO         2188    .text.VL53L1_i2c_encode_dynamic_config  vl53l1_register_funcs.o
    0x0800fa2e   0x0800fa2e   0x00000002   PAD
    0x0800fa30   0x0800fa30   0x00000090   Code   RO         2172    .text.VL53L1_i2c_encode_general_config  vl53l1_register_funcs.o
    0x0800fac0   0x0800fac0   0x0000006c   Code   RO         1777    .text.VL53L1_i2c_encode_int16_t  vl53l1_core.o
    0x0800fb2c   0x0800fb2c   0x000000e2   Code   RO         2164    .text.VL53L1_i2c_encode_static_config  vl53l1_register_funcs.o
    0x0800fc0e   0x0800fc0e   0x00000002   PAD
    0x0800fc10   0x0800fc10   0x0000006a   Code   RO         2148    .text.VL53L1_i2c_encode_static_nvm_managed  vl53l1_register_funcs.o
    0x0800fc7a   0x0800fc7a   0x00000002   PAD
    0x0800fc7c   0x0800fc7c   0x00000034   Code   RO         2196    .text.VL53L1_i2c_encode_system_control  vl53l1_register_funcs.o
    0x0800fcb0   0x0800fcb0   0x0000008c   Code   RO         2180    .text.VL53L1_i2c_encode_timing_config  vl53l1_register_funcs.o
    0x0800fd3c   0x0800fd3c   0x00000076   Code   RO         1773    .text.VL53L1_i2c_encode_uint16_t  vl53l1_core.o
    0x0800fdb2   0x0800fdb2   0x00000002   PAD
    0x0800fdb4   0x0800fdb4   0x00000066   Code   RO         1781    .text.VL53L1_i2c_encode_uint32_t  vl53l1_core.o
    0x0800fe1a   0x0800fe1a   0x00000002   PAD
    0x0800fe1c   0x0800fe1c   0x00000252   Code   RO         1528    .text.VL53L1_init_and_start_range  vl53l1_api_core.o
    0x0801006e   0x0801006e   0x00000002   PAD
    0x08010070   0x08010070   0x00000038   Code   RO         1642    .text.VL53L1_init_hist_gen3_dmax_config_struct  vl53l1_api_preset_modes.o
    0x080100a8   0x080100a8   0x00000074   Code   RO         1636    .text.VL53L1_init_hist_post_process_config_struct  vl53l1_api_preset_modes.o
    0x0801011c   0x0801011c   0x00000150   Code   RO         1971    .text.VL53L1_init_histogram_bin_data_struct  vl53l1_core_support.o
    0x0801026c   0x0801026c   0x0000009a   Code   RO         1767    .text.VL53L1_init_histogram_config_structure  vl53l1_core.o
    0x08010306   0x08010306   0x00000002   PAD
    0x08010308   0x08010308   0x00000094   Code   RO         1769    .text.VL53L1_init_histogram_multizone_config_structure  vl53l1_core.o
    0x0801039c   0x0801039c   0x00000026   Code   RO         1749    .text.VL53L1_init_ll_driver_state  vl53l1_core.o
    0x080103c2   0x080103c2   0x00000002   PAD
    0x080103c4   0x080103c4   0x00000024   Code   RO         1632    .text.VL53L1_init_offset_cal_config_struct  vl53l1_api_preset_modes.o
    0x080103e8   0x080103e8   0x00000022   Code   RO         1624    .text.VL53L1_init_refspadchar_config_struct  vl53l1_api_preset_modes.o
    0x0801040a   0x0801040a   0x00000002   PAD
    0x0801040c   0x0801040c   0x0000001a   Code   RO         1626    .text.VL53L1_init_ssc_config_struct  vl53l1_api_preset_modes.o
    0x08010426   0x08010426   0x00000002   PAD
    0x08010428   0x08010428   0x000001ce   Code   RO         1640    .text.VL53L1_init_tuning_parm_storage_struct  vl53l1_api_preset_modes.o
    0x080105f6   0x080105f6   0x00000002   PAD
    0x080105f8   0x080105f8   0x00000016   Code   RO         1747    .text.VL53L1_init_version  vl53l1_core.o
    0x0801060e   0x0801060e   0x00000002   PAD
    0x08010610   0x08010610   0x00000098   Code   RO         1771    .text.VL53L1_init_xtalk_bin_data_struct  vl53l1_core.o
    0x080106a8   0x080106a8   0x00000062   Code   RO         1628    .text.VL53L1_init_xtalk_config_struct  vl53l1_api_preset_modes.o
    0x0801070a   0x0801070a   0x00000002   PAD
    0x0801070c   0x0801070c   0x0000003a   Code   RO         1630    .text.VL53L1_init_xtalk_extract_config_struct  vl53l1_api_preset_modes.o
    0x08010746   0x08010746   0x00000002   PAD
    0x08010748   0x08010748   0x00000026   Code   RO         1634    .text.VL53L1_init_zone_cal_config_struct  vl53l1_api_preset_modes.o
    0x0801076e   0x0801076e   0x00000002   PAD
    0x08010770   0x08010770   0x00000012   Code   RO         2417    .text.VL53L1_init_zone_config_histogram_bins  vl53l1_zone_presets.o
    0x08010782   0x08010782   0x00000002   PAD
    0x08010784   0x08010784   0x000001c0   Code   RO         2415    .text.VL53L1_init_zone_config_structure  vl53l1_zone_presets.o
    0x08010944   0x08010944   0x00000028   Code   RO         2473    .text.VL53L1_ipp_hist_process_data  vl53l1_platform_ipp.o
    0x0801096c   0x0801096c   0x0000002c   Code   RO         2369    .text.VL53L1_is_new_data_ready  vl53l1_wait.o
    0x08010998   0x08010998   0x0000008e   Code   RO         1949    .text.VL53L1_isqrt  vl53l1_core_support.o
    0x08010a26   0x08010a26   0x00000002   PAD
    0x08010a28   0x08010a28   0x000000f0   Code   RO         1408    .text.VL53L1_load_patch  vl53l1_api_core.o
    0x08010b18   0x08010b18   0x00000024   Code   RO         1923    .text.VL53L1_low_power_auto_data_init  vl53l1_core.o
    0x08010b3c   0x08010b3c   0x00000034   Code   RO         1925    .text.VL53L1_low_power_auto_data_stop_range  vl53l1_core.o
    0x08010b70   0x08010b70   0x0000004a   Code   RO         1929    .text.VL53L1_low_power_auto_setup_manual_calibration  vl53l1_core.o
    0x08010bba   0x08010bba   0x00000002   PAD
    0x08010bbc   0x08010bbc   0x0000009e   Code   RO         1889    .text.VL53L1_multizone_hist_bins_update  vl53l1_core.o
    0x08010c5a   0x08010c5a   0x00000002   PAD
    0x08010c5c   0x08010c5c   0x00000162   Code   RO         2115    .text.VL53L1_nvm_decode_cal_peak_rate_map  vl53l1_nvm.o
    0x08010dbe   0x08010dbe   0x00000002   PAD
    0x08010dc0   0x08010dc0   0x0000006c   Code   RO         2105    .text.VL53L1_nvm_enable  vl53l1_nvm.o
    0x08010e2c   0x08010e2c   0x00000078   Code   RO         2107    .text.VL53L1_nvm_read  vl53l1_nvm.o
    0x08010ea4   0x08010ea4   0x00000042   Code   RO         2355    .text.VL53L1_poll_for_boot_completion  vl53l1_wait.o
    0x08010ee6   0x08010ee6   0x00000002   PAD
    0x08010ee8   0x08010ee8   0x00000030   Code   RO         1702    .text.VL53L1_preset_mode_histogram_characterisation  vl53l1_api_preset_modes.o
    0x08010f18   0x08010f18   0x00000130   Code   RO         1682    .text.VL53L1_preset_mode_histogram_long_range  vl53l1_api_preset_modes.o
    0x08011048   0x08011048   0x000000e4   Code   RO         1684    .text.VL53L1_preset_mode_histogram_long_range_mm1  vl53l1_api_preset_modes.o
    0x0801112c   0x0801112c   0x00000026   Code   RO         1686    .text.VL53L1_preset_mode_histogram_long_range_mm2  vl53l1_api_preset_modes.o
    0x08011152   0x08011152   0x00000002   PAD
    0x08011154   0x08011154   0x0000012c   Code   RO         1688    .text.VL53L1_preset_mode_histogram_medium_range  vl53l1_api_preset_modes.o
    0x08011280   0x08011280   0x000000e4   Code   RO         1690    .text.VL53L1_preset_mode_histogram_medium_range_mm1  vl53l1_api_preset_modes.o
    0x08011364   0x08011364   0x00000026   Code   RO         1692    .text.VL53L1_preset_mode_histogram_medium_range_mm2  vl53l1_api_preset_modes.o
    0x0801138a   0x0801138a   0x00000002   PAD
    0x0801138c   0x0801138c   0x000000c0   Code   RO         1712    .text.VL53L1_preset_mode_histogram_multizone  vl53l1_api_preset_modes.o
    0x0801144c   0x0801144c   0x000000c0   Code   RO         1706    .text.VL53L1_preset_mode_histogram_multizone_long_range  vl53l1_api_preset_modes.o
    0x0801150c   0x0801150c   0x000000c0   Code   RO         1714    .text.VL53L1_preset_mode_histogram_multizone_short_range  vl53l1_api_preset_modes.o
    0x080115cc   0x080115cc   0x00000132   Code   RO         1668    .text.VL53L1_preset_mode_histogram_ranging  vl53l1_api_preset_modes.o
    0x080116fe   0x080116fe   0x00000002   PAD
    0x08011700   0x08011700   0x000000ea   Code   RO         1676    .text.VL53L1_preset_mode_histogram_ranging_mm1_cal  vl53l1_api_preset_modes.o
    0x080117ea   0x080117ea   0x00000002   PAD
    0x080117ec   0x080117ec   0x00000026   Code   RO         1678    .text.VL53L1_preset_mode_histogram_ranging_mm2_cal  vl53l1_api_preset_modes.o
    0x08011812   0x08011812   0x00000002   PAD
    0x08011814   0x08011814   0x00000084   Code   RO         1720    .text.VL53L1_preset_mode_histogram_ranging_ref  vl53l1_api_preset_modes.o
    0x08011898   0x08011898   0x00000112   Code   RO         1680    .text.VL53L1_preset_mode_histogram_ranging_short_timing  vl53l1_api_preset_modes.o
    0x080119aa   0x080119aa   0x00000002   PAD
    0x080119ac   0x080119ac   0x000000e2   Code   RO         1672    .text.VL53L1_preset_mode_histogram_ranging_with_mm1  vl53l1_api_preset_modes.o
    0x08011a8e   0x08011a8e   0x00000002   PAD
    0x08011a90   0x08011a90   0x00000026   Code   RO         1674    .text.VL53L1_preset_mode_histogram_ranging_with_mm2  vl53l1_api_preset_modes.o
    0x08011ab6   0x08011ab6   0x00000002   PAD
    0x08011ab8   0x08011ab8   0x0000012c   Code   RO         1694    .text.VL53L1_preset_mode_histogram_short_range  vl53l1_api_preset_modes.o
    0x08011be4   0x08011be4   0x000000de   Code   RO         1698    .text.VL53L1_preset_mode_histogram_short_range_mm1  vl53l1_api_preset_modes.o
    0x08011cc2   0x08011cc2   0x00000002   PAD
    0x08011cc4   0x08011cc4   0x00000026   Code   RO         1700    .text.VL53L1_preset_mode_histogram_short_range_mm2  vl53l1_api_preset_modes.o
    0x08011cea   0x08011cea   0x00000002   PAD
    0x08011cec   0x08011cec   0x00000116   Code   RO         1708    .text.VL53L1_preset_mode_histogram_xtalk_mm1  vl53l1_api_preset_modes.o
    0x08011e02   0x08011e02   0x00000002   PAD
    0x08011e04   0x08011e04   0x00000026   Code   RO         1710    .text.VL53L1_preset_mode_histogram_xtalk_mm2  vl53l1_api_preset_modes.o
    0x08011e2a   0x08011e2a   0x00000002   PAD
    0x08011e2c   0x08011e2c   0x00000124   Code   RO         1704    .text.VL53L1_preset_mode_histogram_xtalk_planar  vl53l1_api_preset_modes.o
    0x08011f50   0x08011f50   0x0000007a   Code   RO         1664    .text.VL53L1_preset_mode_low_power_auto_long_ranging  vl53l1_api_preset_modes.o
    0x08011fca   0x08011fca   0x00000002   PAD
    0x08011fcc   0x08011fcc   0x00000056   Code   RO         1660    .text.VL53L1_preset_mode_low_power_auto_ranging  vl53l1_api_preset_modes.o
    0x08012022   0x08012022   0x00000002   PAD
    0x08012024   0x08012024   0x0000007a   Code   RO         1662    .text.VL53L1_preset_mode_low_power_auto_short_ranging  vl53l1_api_preset_modes.o
    0x0801209e   0x0801209e   0x00000002   PAD
    0x080120a0   0x080120a0   0x00000022   Code   RO         1716    .text.VL53L1_preset_mode_olt  vl53l1_api_preset_modes.o
    0x080120c2   0x080120c2   0x00000002   PAD
    0x080120c4   0x080120c4   0x0000003c   Code   RO         1666    .text.VL53L1_preset_mode_singleshot_ranging  vl53l1_api_preset_modes.o
    0x08012100   0x08012100   0x00000108   Code   RO         1696    .text.VL53L1_preset_mode_special_histogram_short_range  vl53l1_api_preset_modes.o
    0x08012208   0x08012208   0x00000166   Code   RO         1644    .text.VL53L1_preset_mode_standard_ranging  vl53l1_api_preset_modes.o
    0x0801236e   0x0801236e   0x00000002   PAD
    0x08012370   0x08012370   0x00000048   Code   RO         1648    .text.VL53L1_preset_mode_standard_ranging_long_range  vl53l1_api_preset_modes.o
    0x080123b8   0x080123b8   0x0000002e   Code   RO         1650    .text.VL53L1_preset_mode_standard_ranging_mm1_cal  vl53l1_api_preset_modes.o
    0x080123e6   0x080123e6   0x00000002   PAD
    0x080123e8   0x080123e8   0x0000002e   Code   RO         1652    .text.VL53L1_preset_mode_standard_ranging_mm2_cal  vl53l1_api_preset_modes.o
    0x08012416   0x08012416   0x00000002   PAD
    0x08012418   0x08012418   0x00000048   Code   RO         1646    .text.VL53L1_preset_mode_standard_ranging_short_range  vl53l1_api_preset_modes.o
    0x08012460   0x08012460   0x00000042   Code   RO         1654    .text.VL53L1_preset_mode_timed_ranging  vl53l1_api_preset_modes.o
    0x080124a2   0x080124a2   0x00000002   PAD
    0x080124a4   0x080124a4   0x00000068   Code   RO         1658    .text.VL53L1_preset_mode_timed_ranging_long_range  vl53l1_api_preset_modes.o
    0x0801250c   0x0801250c   0x00000068   Code   RO         1656    .text.VL53L1_preset_mode_timed_ranging_short_range  vl53l1_api_preset_modes.o
    0x08012574   0x08012574   0x000000b4   Code   RO         1967    .text.VL53L1_range_maths  vl53l1_core_support.o
    0x08012628   0x08012628   0x0000003a   Code   RO         1963    .text.VL53L1_rate_maths  vl53l1_core_support.o
    0x08012662   0x08012662   0x00000002   PAD
    0x08012664   0x08012664   0x00000022   Code   RO         1965    .text.VL53L1_rate_per_spad_maths  vl53l1_core_support.o
    0x08012686   0x08012686   0x00000002   PAD
    0x08012688   0x08012688   0x0000004a   Code   RO         2135    .text.VL53L1_read_nvm_additional_offset_cal_data  vl53l1_nvm.o
    0x080126d2   0x080126d2   0x00000002   PAD
    0x080126d4   0x080126d4   0x00000026   Code   RO         2133    .text.VL53L1_read_nvm_cal_peak_rate_map  vl53l1_nvm.o
    0x080126fa   0x080126fa   0x00000002   PAD
    0x080126fc   0x080126fc   0x0000007a   Code   RO         2137    .text.VL53L1_read_nvm_fmt_range_results_data  vl53l1_nvm.o
    0x08012776   0x08012776   0x00000002   PAD
    0x08012778   0x08012778   0x00000032   Code   RO         2131    .text.VL53L1_read_nvm_optical_centre  vl53l1_nvm.o
    0x080127aa   0x080127aa   0x00000002   PAD
    0x080127ac   0x080127ac   0x00000058   Code   RO         2127    .text.VL53L1_read_nvm_raw_data  vl53l1_nvm.o
    0x08012804   0x08012804   0x0000018a   Code   RO         1420    .text.VL53L1_read_p2p_data  vl53l1_api_core.o
    0x0801298e   0x0801298e   0x00000002   PAD
    0x08012990   0x08012990   0x00000080   Code   RO         1378    .text.VL53L1_run_device_test  vl53l1_api_calibration.o
    0x08012a10   0x08012a10   0x000000e2   Code   RO         1376    .text.VL53L1_run_ref_spad_char  vl53l1_api_calibration.o
    0x08012af2   0x08012af2   0x00000002   PAD
    0x08012af4   0x08012af4   0x00000030   Code   RO         1885    .text.VL53L1_save_cfg_data  vl53l1_core.o
    0x08012b24   0x08012b24   0x00000008   Code   RO         1554    .text.VL53L1_set_dmax_mode  vl53l1_api_core.o
    0x08012b2c   0x08012b2c   0x00000050   Code   RO         1891    .text.VL53L1_set_histogram_multizone_initial_bin_config  vl53l1_core.o
    0x08012b7c   0x08012b7c   0x0000001e   Code   RO         1432    .text.VL53L1_set_inter_measurement_period_ms  vl53l1_api_core.o
    0x08012b9a   0x08012b9a   0x00000002   PAD
    0x08012b9c   0x08012b9c   0x0000000a   Code   RO         1506    .text.VL53L1_set_lite_min_count_rate  vl53l1_api_core.o
    0x08012ba6   0x08012ba6   0x00000002   PAD
    0x08012ba8   0x08012ba8   0x0000000a   Code   RO         1502    .text.VL53L1_set_lite_sigma_threshold  vl53l1_api_core.o
    0x08012bb2   0x08012bb2   0x00000002   PAD
    0x08012bb4   0x08012bb4   0x00000466   Code   RO         1422    .text.VL53L1_set_preset_mode  vl53l1_api_core.o
    0x0801301a   0x0801301a   0x00000002   PAD
    0x0801301c   0x0801301c   0x000000c4   Code   RO         1903    .text.VL53L1_set_ref_spad_char_config  vl53l1_core.o
    0x080130e0   0x080130e0   0x00000046   Code   RO         2200    .text.VL53L1_set_system_control  vl53l1_register_funcs.o
    0x08013126   0x08013126   0x00000002   PAD
    0x08013128   0x08013128   0x0000003c   Code   RO         1436    .text.VL53L1_set_timeouts_us  vl53l1_api_core.o
    0x08013164   0x08013164   0x00000032   Code   RO         1464    .text.VL53L1_set_zone_config  vl53l1_api_core.o
    0x08013196   0x08013196   0x00000002   PAD
    0x08013198   0x08013198   0x00000008   Code   RO         1791    .text.VL53L1_start_test  vl53l1_core.o
    0x080131a0   0x080131a0   0x0000005e   Code   RO         1532    .text.VL53L1_stop_range  vl53l1_api_core.o
    0x080131fe   0x080131fe   0x00000002   PAD
    0x08013200   0x08013200   0x00000036   Code   RO         1412    .text.VL53L1_unload_patch  vl53l1_api_core.o
    0x08013236   0x08013236   0x00000002   PAD
    0x08013238   0x08013238   0x00000182   Code   RO         1757    .text.VL53L1_update_ll_driver_cfg_state  vl53l1_core.o
    0x080133ba   0x080133ba   0x00000002   PAD
    0x080133bc   0x080133bc   0x00000120   Code   RO         1751    .text.VL53L1_update_ll_driver_rd_state  vl53l1_core.o
    0x080134dc   0x080134dc   0x0000005e   Code   RO         2371    .text.VL53L1_wait_for_test_completion  vl53l1_wait.o
    0x0801353a   0x0801353a   0x00000002   PAD
    0x0801353c   0x0801353c   0x0000001c   Code   RO         1921    .text.VL53L1_xtalk_cal_data_init  vl53l1_core.o
    0x08013558   0x08013558   0x00000052   Code   RO         2419    .text.VL53L1_zone_preset_xtalk_planar  vl53l1_zone_presets.o
    0x080135aa   0x080135aa   0x00000002   PAD
    0x080135ac   0x080135ac   0x00000032   Code   RO          172    .text.fputc         custom.o
    0x080135de   0x080135de   0x00000002   PAD
    0x080135e0   0x080135e0   0x000001b0   Code   RO           11    .text.main          main.o
    0x08013790   0x08013790   0x00000020   Code   RO         2711    i.__0printf$6       mc_w.l(printf6.o)
    0x080137b0   0x080137b0   0x0000000e   Code   RO         2866    i.__scatterload_copy  mc_w.l(handlers.o)
    0x080137be   0x080137be   0x00000002   Code   RO         2867    i.__scatterload_null  mc_w.l(handlers.o)
    0x080137c0   0x080137c0   0x0000000e   Code   RO         2868    i.__scatterload_zeroinit  mc_w.l(handlers.o)
    0x080137ce   0x080137ce   0x00000002   PAD
    0x080137d0   0x080137d0   0x000002f0   Code   RO         2718    i._printf_core      mc_w.l(printf6.o)
    0x08013ac0   0x08013ac0   0x00000024   Code   RO         2719    i._printf_post_padding  mc_w.l(printf6.o)
    0x08013ae4   0x08013ae4   0x0000002e   Code   RO         2720    i._printf_pre_padding  mc_w.l(printf6.o)
    0x08013b12   0x08013b12   0x00000002   PAD
    0x08013b14   0x08013b14   0x0000000c   Code   RO         2540    i.putchar           mc_w.l(putchar.o)
    0x08013b20   0x08013b20   0x00000024   Code   RO         2538    i.puts              mc_w.l(puts.o)
    0x08013b44   0x08013b44   0x00000018   Data   RO         1367    .rodata..Lswitch.table.VL53L1_PerformOffsetPerVcselCalibration  vl53l1_api.o
    0x08013b5c   0x08013b5c   0x00000010   Data   RO         1216    .rodata.AHBPrescTable  system_stm32h5xx.o
    0x08013b6c   0x08013b6c   0x00000008   Data   RO         1217    .rodata.APBPrescTable  system_stm32h5xx.o
    0x08013b74   0x08013b74   0x00000018   Data   RO         1119    .rodata.UARTPrescTable  stm32h5xx_hal_uart.o
    0x08013b8c   0x08013b8c   0x00000010   Data   RO         1160    .rodata.cst8        stm32h5xx_hal_uart_ex.o
    0x08013b9c   0x08013b9c   0x00000020   Data   RO         2865    Region$$Table       anon$$obj.o


    Execution Region RW_IRAM1 (Exec base: 0x20000000, Load base: 0x08013bc0, Size: 0x00007ae8, Max: 0x00008000, ABSOLUTE)

    Exec Addr    Load Addr    Size         Type   Attr      Idx    E Section Name        Object

    0x20000000   0x08013bc0   0x00000004   Data   RW         2831    .data               mc_w.l(stdout.o)
    0x20000004   0x08013bc4   0x00000008   Data   RW          946    .data..L_MergedGlobals  stm32h5xx_hal.o
    0x2000000c   0x08013bcc   0x0000002c   Data   RW         1366    .data.BDTable       vl53l1_api.o
    0x20000038   0x08013bf8   0x00000004   Data   RW          174    .data.COM_USART     custom.o
    0x2000003c   0x08013bfc   0x00000004   Data   RW         1215    .data.SystemCoreClock  system_stm32h5xx.o
    0x20000040   0x08013c00   0x00000038   Data   RW         2526    .data.VL53L1CB_RANGING_SENSOR_Driver  vl53l1cb.o
    0x20000078        -       0x0000006c   Zero   RW           18    .bss..L_MergedGlobals  main.o
    0x200000e4        -       0x00000058   Zero   RW           68    .bss..L_MergedGlobals  custom_bus.o
    0x2000013c        -       0x00000014   Zero   RW          139    .bss..L_MergedGlobals  custom_ranging_sensor.o
    0x20000150        -       0x00000001   Zero   RW          176    .bss.COM_ActiveLogPort  custom.o
    0x20000151   0x08013c38   0x00000007   PAD
    0x20000158        -       0x00006f78   Zero   RW          138    .bss.VL53L1CB_Probe.VL53L1CBObj  custom_ranging_sensor.o
    0x200070d0        -       0x00000100   Zero   RW         2463    .bss._I2CBuffer     vl53l1_platform.o
    0x200071d0        -       0x00000094   Zero   RW          175    .bss.hcom_uart      custom.o
    0x20007264        -       0x00000004   Zero   RW          945    .bss.uwTick         stm32h5xx_hal.o
    0x20007268        -       0x00000080   Zero   RW         2527    .bss.vl53l1cb_get_result.data  vl53l1cb.o
    0x200072e8        -       0x00000800   Zero   RW            1    STACK               startup_stm32h503xx.o


==============================================================================

Image component sizes


      Code (inc. data)   RO Data    RW Data    ZI Data      Debug   Object Name

       116         80          0          0          0       2770   app_tof.o
       338          0          0          4        149       9538   custom.o
       536          0          0          0         88      11407   custom_bus.o
       434          0          0          0      28556      40348   custom_ranging_sensor.o
       114          0          0          0          0       2927   gpio.o
        34          0          0          0          0        663   icache.o
       636        132          0          0        108       6079   main.o
        40         10        600          0       2048        884   startup_stm32h503xx.o
       324          0          0          8          4      12031   stm32h5xx_hal.o
       344          6          0          0          0      13522   stm32h5xx_hal_cortex.o
       682          0          0          0          0       5303   stm32h5xx_hal_gpio.o
      2200          0          0          0          0      57390   stm32h5xx_hal_i2c.o
       146          0          0          0          0       5835   stm32h5xx_hal_i2c_ex.o
        52          0          0          0          0       4047   stm32h5xx_hal_icache.o
         2          0          0          0          0        385   stm32h5xx_hal_msp.o
      2790         16          0          0          0      12179   stm32h5xx_hal_rcc.o
      4764         78          0          0          0      17347   stm32h5xx_hal_rcc_ex.o
      2398          0         24          0          0      39258   stm32h5xx_hal_uart.o
       334          0         16          0          0      11802   stm32h5xx_hal_uart_ex.o
        20          0          0          0          0       1149   stm32h5xx_it.o
       168          0         24          4          0       5341   system_stm32h5xx.o
      4270        126         24         44          0      95589   vl53l1_api.o
       354          0          0          0          0      52279   vl53l1_api_calibration.o
     18718        518          0          0          0     127743   vl53l1_api_core.o
      6736          0          0          0          0      42268   vl53l1_api_preset_modes.o
     10658          8          0          0          0     109633   vl53l1_core.o
      2412          0          0          0          0      13379   vl53l1_core_support.o
       608          0          0          0          0       6120   vl53l1_dmax.o
      5140          0          0          0          0      18193   vl53l1_hist_algos_gen3.o
      1260          0          0          0          0      12566   vl53l1_hist_algos_gen4.o
      2172          0          0          0          0      10371   vl53l1_hist_core.o
       462          0          0          0          0       9992   vl53l1_hist_funcs.o
       954          0          0          0          0      52085   vl53l1_nvm.o
       832          0          0          0        256      45420   vl53l1_platform.o
        40          0          0          0          0      36434   vl53l1_platform_ipp.o
      2650          0          0          0          0      82270   vl53l1_register_funcs.o
       536          0          0          0          0       9036   vl53l1_sigma_estimate.o
       204          0          0          0          0      40183   vl53l1_wait.o
       618          0          0          0          0      24258   vl53l1_xtalk.o
       548          0          0          0          0       5372   vl53l1_zone_presets.o
      2740         20          0         56        128      44758   vl53l1cb.o

    ----------------------------------------------------------------------
     78728        994        720        116      31344    1098154   Object Totals
         0          0         32          0          0          0   (incl. Generated)
       344          0          0          0          7          0   (incl. Padding)

    ----------------------------------------------------------------------

      Code (inc. data)   RO Data    RW Data    ZI Data      Debug   Library Member Name

         0          0          0          0          0          0   entry.o
         0          0          0          0          0          0   entry10a.o
         0          0          0          0          0          0   entry11a.o
         8          4          0          0          0          0   entry2.o
         4          0          0          0          0          0   entry5.o
         0          0          0          0          0          0   entry7b.o
         0          0          0          0          0          0   entry8b.o
         8          4          0          0          0          0   entry9a.o
        30          0          0          0          0          0   handlers.o
        36          8          0          0          0         68   init.o
        98          0          0          0          0         84   ldiv.o
        30          0          0          0          0         68   llshl.o
        32          0          0          0          0         68   llushr.o
        36          0          0          0          0         68   memcpya.o
        36          0          0          0          0        108   memseta.o
       866         14          0          0          0        352   printf6.o
        12          6          0          0          0         68   putchar.o
        36          6          0          0          0         80   puts.o
         0          0          0          4          0          0   stdout.o
        44          0          0          0          0         80   uidiv.o
        98          0          0          0          0         92   uldiv.o

    ----------------------------------------------------------------------
      1380         42          0          4          0       1136   Library Totals
         6          0          0          0          0          0   (incl. Padding)

    ----------------------------------------------------------------------

      Code (inc. data)   RO Data    RW Data    ZI Data      Debug   Library Name

      1374         42          0          4          0       1136   mc_w.l

    ----------------------------------------------------------------------
      1380         42          0          4          0       1136   Library Totals

    ----------------------------------------------------------------------

==============================================================================


      Code (inc. data)   RO Data    RW Data    ZI Data      Debug   

     80108       1036        720        120      31344    1098142   Grand Totals
     80108       1036        720        120      31344    1098142   ELF Image Totals
     80108       1036        720        120          0          0   ROM Totals

==============================================================================

    Total RO  Size (Code + RO Data)                80828 (  78.93kB)
    Total RW  Size (RW Data + ZI Data)             31464 (  30.73kB)
    Total ROM Size (Code + RO Data + RW Data)      80948 (  79.05kB)

==============================================================================

